,/SP
의/JKG
을/JKO
에/JKB
)/SS
(/SS
다/EF
이/JKS
는/ETM
를/JKO
는/JX
고/EC
하/XSV
은/JX
이/VCP
가/JKS
으로/JKB
있/VV
에서/JKB
로/JKB
기/ETN
도/JX
들/XSN
것/NNB
-/SS
적/XSN
었/EP
있/VX
년/NNB
게/EC
한/XSA~ETM
./SP
어/EC
과/JC
은/ETM
되/XSV
·/SP
인/VCP~ETM
1/SN
수/NNB
등/NNB
지/EC
와/JC
2/SN
'/SS
였/EP
하/XSA
과/JKB
한/XSV~ETM
하/VV
//SP
며/EC
그/MM
되/VV
않/VX
3/SN
;/SP
가/VV
이/MM
면/EC
&/SW
없/VA
~/SO
월/NNB
"/SS
4/SN
이미지/NNG
했/XSV~EP
때/NNG
된/XSV~ETM
5/SN
사람/NNG
말/NNG
던/ETM
으며/EC
는데/EC
갤러리/NNG
할/XSV~ETM
한다/XSV~EF
아/EC
|/SW
그/NP
에게/JKB
보/VV
을/ETM
았/EP
이/JKC
하/VX
만/JX
습니다/EF
한/MM
성/XSN
이/NP
같/VA
’/SS
와/JKB
까지/JX
[/SS
]/SS
!/SF
?/SF
‘/SS
받/VV
6/SN
지만/EC
일/NNB
및/MAG
해/XSV~EC
다/EC
면서/EC
많/VA
다./EC
때문/NNB
중/NNB
8/SN
10/SN
경우/NNG
라/EC
다고/EC
지역/NNG
0/SN
대한/VV~ETM
7/SN
개/NNB
아니/VCN
사용/NNG
가/JKC
이나/JC
일/NNG
%/SW
주/VX
*/SW
한국/NNP
문화/NNG
다른/MM
라고/EC
화/XSN
다는/ETM
후/NNG
부터/JX
시대/NNG
좋/VA
제/XPN
명/NNB
우리/NP
미국/NNP
시/EP
한다/VV~EF
입니다/VCP~EF
9/SN
생각/NNG
따라/VV~EC
사회/NNG
겠/EP
번/NNB
두/MM
그리고/MAJ
니/EC
라는/ETM
“/SS
나/JC
더/MAG
”/SS
하나/NR
곳/NNG
보다/JKB
m/SL
자/EC
으나/EC
그러나/MAJ
위해/VV~EC
종류/NNG
세기/NNG
또는/MAG
가장/MAG
세계/NNG
만들/VV
시간/NNG
함께/MAG
잘/MAG
자신/NNG
형/XSN
13/SN
12/SN
도록/EC
정도/NNG
된다/XSV~EF
한다/VX~EF
지/VX
조선/NNP
중국/NNP
분류/NNG
분/NNB
만/NR
들/VV
나/NP
정보/NNG
이상/NNG
방법/NNG
거나/EC
속/NNG
또한/MAG
또/MAG
국가/NNG
시작/NNG
다시/MAG
여러/MM
30/SN
20/SN
자료/NNG
이름/NNG
크기/NNG
마을/NNG
처럼/JKB
cm/SL
보/VX
다가/EC
어서/EC
로서/JKB
필요/NNG
큰/VA~ETM
할/VV~ETM
는다/EF
내용/NNG
가능/NNG
뒤/NNG
위치/NNG
였/VCP~EP
위/NNG
활동/NNG
11/SN
모두/MAG
경제/NNG
모든/MM
많이/MAG
길/NNG
글/NNG
일본/NNP
문제/NNG
먹/VV
사망/NNG
높/VA
님/XSN
관련/NNG
물/NNG
위한/VV~ETM
된다/VV~EF
작품/NNG
서/EC
다음/NNG
라고/VCP~EC
음/ETN
라는/VCP~ETM
이후/NNG
.../SE
그것/NP
15/SN
데/NNB
원/NNB
도시/NNG
가지/NNB
사이/NNG
16/SN
모습/NNG
통해/VV~EC
전/NNG
씨/NNB
앞/NNG
집/NNG
역사/NNG
알/VV
나라/NNG
지방/NNG
프랑스/NNP
의미/NNG
특히/MAG
부분/NNG
일반/NNG
교육/NNG
세/NNB
중요/NNG
영화/NNG
자연/NNG
쓰/VV
이러/XR
으면/EC
죽/VV
구성/NNG
정부/NNG
했/VX~EP
몸/NNG
연구/NNG
안/NNG
이용/NNG
대표/NNG
뜻/NNG
권/XSN
어떤/MM
크/VA
인간/NNG
과정/NNG
가지/VV
모양/NNG
형태/NNG
시키/XSV
약/MM
했/VV~EP
관계/NNG
100/SN
작/VA
호/NNB
18/SN
19/SN
시/NNG
자리/NNG
이것/NP
기록/NNG
마음/NNG
다양/NNG
기술/NNG
이야기/NNG
눈/NNG
점/NNG
보이/VV
관리/NNG
운동/NNG
바로/MAG
사전/NNG
못하/VX
사랑/NNG
14/SN
세상/NNG
이런/MM
정치/NNG
사실/NNG
안/MAG
왕/NNG
상태/NNG
지금/NNG
대/NNB
당시/NNG
국적/NNG
살/VV
그렇/VA
된/VV~ETM
영어/NNP
시/NNB
주/NNG
발생/NNG
의해/VV~EC
생활/NNG
으로서/JKB
처음/NNG
2013/SN
>/SS
해야/XSV~EC
아래/NNG
조사/NNG
서/JKB
음악/NNG
동안/NNG
비/XPN
찾/VV
구분/NNG
넣/VV
생산/NNG
존재/NNG
개발/NNG
대해/VV~EC
참고/NNG
계획/NNG
산/NNG
중심/NNG
000/SN
분야/NNG
같이/MAG
기관/NNG
자기/NP
경/XSN
여/XSN
용/XSN
으니/EC
볼/VV~ETM
함/XSV~ETN
사진/NNG
#/SW
50/SN
∼/SO
상/XSN
17/SN
가운데/NNG
으로써/JKB
어야/EC
공/NNG
주/VV
싶/VX
대/XPN
회/NNB
잡/VV
박물관/NNG
이르/VV
표현/NNG
얻/VV
시장/NNG
여기/NP
매우/MAG
전통/NNG
산업/NNG
주요/NNG
../SE
새로운/VA~ETM
시기/NNG
성/NNG
제도/NNG
문학/NNG
다/MAG
꽃/NNG
아들/NNG
뿐/NNB
각/MM
이렇/VA
구조/NNG
지정/NNG
영국/NNP
발전/NNG
로부터/JKB
방식/NNG
변화/NNG
사업/NNG
아티스트/NNG
될/VV~ETM
류/XSN
컴퓨터/NNG
콘텐츠/NNG
결과/NNG
지구/NNG
기업/NNG
어느/MM
기준/NNG
대상/NNG
날/NNG
아이/NNG
보험/NNG
기간/NNG
책/NNG
배/NNG
21/SN
지/VV
간/NNB
독일/NNP
25/SN
제작/NNG
계/XSN
다/VCP~EF
끝/NNG
진행/NNG
kr/SL
단계/NNG
하지만/MAJ
가격/NNG
함/XSA~ETN
놓/VX
co/SL
없이/MAG
이루/VV
차/NNB
대부분/NNG
내/NP
남/VV
해서/XSV~EC
학교/NNG
한/VV~ETM
일/VCP~ETM
할/VX~ETM
이곳/NP
해/NNG
땅/NNG
대학/NNG
확대/NNG
인데/VCP~EC
확인/NNG
주로/MAG
전체/NNG
자/NNB
건물/NNG
여성/NNG
규모/NNG
라/VCP~EC
두/VV
결정/NNG
론/XSN
나무/NNG
서울/NNP
우리나라/NNG
투자/NNG
여자/NNG
과학/NNG
이유/NNG
신/NNG
나오/VV
밖/NNG
수/NNG
내/NNB
별/XSN
므로/EC
째/XSN
기본/NNG
이사/NNG
닷컴/NNG
다면/EC
포함/NNG
전쟁/NNG
듯/NNB
고려/NNP
상황/NNG
감독/NNG
설립/NNG
효과/NNG
소리/NNG
환경/NNG
는지/EC
인물/NNG
현재/MAG
사건/NNG
상품/NNG
개인/NNG
조직/NNG
관한/VV~ETM
법/NNG
년대/NNB
지원/NNG
몇/MM
mm/SL
위해서/VV~EC
층/NNG
행정/NNG
설명/NNG
머리/NNG
인터넷/NNG
마다/JX
손/NNG
of/SL
가/VX
형성/NNG
제품/NNG
평가/NNG
남자/NNG
영향/NNG
될/XSV~ETM
억/NR
고/JKQ
씩/XSN
세/MM
내/NP~JKG
삶/NNG
쪽/NNB
그림/NNG
편/NNB
나/JX
일부/NNG
유럽/NNP
운영/NNG
갖/VV
라고/JKQ
상/NNG
힘/NNG
04/SN
…/SE
60/SN
발견/NNG
면/NNG
불/XPN
시설/NNG
이미/MAG
그런/MM
40/SN
목적/NNG
세대/NNG
만/NNB
맞/VV
유지/NNG
으므로/EC
준비/NNG
제/XSN
해당/NNG
그래서/MAJ
시험/NNG
자유/NNG
회사/NNG
역시/MAG
주변/NNG
www/SL
한자/NNG
아서/EC
제공/NNG
오/VV
주장/NNG
무엇/NP
만든/VV~ETM
작업/NNG
설치/NNG
따라서/MAJ
높이/NNG
거의/MAG
치료/NNG
비교/NNG
역할/NNG
더욱/MAG
너무/MAG
아버지/NNG
처리/NNG
24/SN
대해서/VV~EC
어떻/VA
권/NNB
특징/NNG
인/NNG
문/NNG
방향/NNG
무/XPN
거리/NNG
얼굴/NNG
참여/NNG
국제/NNG
층/XSN
국민/NNG
이해/NNG
장치/NNG
정책/NNG
천/NR
알/VV~ETM
현상/NNG
못/MAG
입/VV
나/EC
읽/VV
군/NNG
작용/NNG
기타/NNG
전/MM
정신/NNG
일정/NNG
생/XSN
예술/NNG
그녀/NP
임/VCP~ETN
으로부터/JKB
해/VV~EC
먼저/MAG
쉽/VA
사/VV
나/VV
공간/NNG
경기/NNG
총/MM
낮/VA
게임/NNG
그런데/MAJ
하늘/NNG
오늘/NNG
단체/NNG
유명/NNG
내/VV
고자/EC
동/NNG
외/NNB
연결/NNG
돈/NNG
장식/NNG
차이/NNG
리/NNB
현재/NNG
언어/NNG
22/SN
물론/MAG
아직/MAG
맛/NNG
민족/NNG
거/NNB
형식/NNG
보여/VV~EC
비롯/XR
장소/NNG
23/SN
대통령/NNG
최초/NNG
삼/VV
적/VA
이동/NNG
차지/NNG
학생/NNG
모르/VV
의한/VV~ETM
려고/EC
상징/NNG
s/SL
보호/NNG
○/SW
주민/NNG
강/NNG
듣/VV
작가/NNG
넓/VA
소설/NNG
팀/NNG
직접/MAG
달/NNG
가족/NNG
전기/NNG
중앙/NNG
종/NNG
세요/EP
그대로/MAG
터/NNG
간/NNG
보내/VV
조건/NNG
00/SN
건설/NNG
자체/NNG
2012/SN
i/SL
미술관/NNG
이전/NNG
나타나/VV
km/SL
전문/NNG
이번/NNG
요즘/NNG
말/VX
해설/NNG
시스템/NNG
관심/NNG
곧/MAG
믿/VV
최고/NNG
d/SL
딸/NNG
타/VV
소개/NNG
능력/NNG
유물/NNG
아야/EC
서비스/NNG
첫/MM
초/NNB
발표/NNG
차/NNG
의식/NNG
바다/NNG
발달/NNG
과/NNG
취득/NNG
프로그램/NNG
깊/VA
혹은/MAG
그러/VV
사상/NNG
목/NNG
사항/NNG
28/SN
대신/NNG
행위/NNG
이탈리아/NNP
26/SN
나누/VV
독립/NNG
규정/NNG
다리/NNG
기계/NNG
장/NNG
노력/NNG
넘/VV
선택/NNG
결국/NNG
적용/NNG
따르/VV
노래/NNG
인지/VCP~EC
하루/NNG
이때/NNG
뿐/JX
선/NNG
로마/NNP
려는/ETM
선수/NNG
가치/NNG
인식/NNG
행동/NNG
지도/NNG
인정/NNG
가입/NNG
정말/MAG
했/XSA~EP
27/SN
이하/NNG
현대/NNG
봄/NNG
70/SN
좀/MAG
바/NNB
합니다/XSV~EF
이제/MAG
가진/VV~ETM
어머니/NNG
요구/NNG
술/NNG
해/XSA~EC
재/XPN
섬/NNG
도움/NNG
아닌/VCN~ETM
다르/VA
통신/NNG
만드/VV
동시/NNG
업무/NNG
해서/VV~EC
정상/NNG
여행/NNG
현실/NNG
국내/NNG
경기도/NNP
각종/NNG
과거/NNG
㎡/SW
인해/VV~EC
합니다/VX~EF
초기/NNG
속도/NNG
위원회/NNG
금융/NNG
자원/NNG
왜/MAG
빛/NNG
바람/NNG
수입/NNG
저/NP
계약/NNG
내부/NNG
담/VV
고대/NNG
대한민국/NNP
전자/NNG
등장/NNG
부르/VV
보장/NNG
수행/NNG
률/XSN
나이/NNG
밤/NNG
증가/NNG
이나/JX
야/EC
유형/NNG
최근/NNG
란/ETM
문화재/NNG
남/NNG
친구/NNG
비용/NNG
앉/VV
검사/NNG
원인/NNG
시켜/XSV~EC
℃/SW
낳/VV
성공/NNG
경험/NNG
누구/NP
최대/NNG
내/VX
사/NNG
2006/SN
공장/NNG
자/NNG
추천/NNG
각각/MAG
성장/NNG
인기/NNG
교수/NNG
번호/NNG
수준/NNG
아주/MAG
㎝/SW
죠/EF
㎞/SW
이/VV
기/NNG
지난/VV~ETM
어디/NP
밑/NNG
전국/NNG
상대/NNG
지금/MAG
혁명/NNG
광고/NNG
지배/NNG
셨/EP
블로그/NNG
들어가/VV
성격/NNG
직업/NNG
분석/NNG
2011/SN
판매/NNG
행사/NNG
종합/NNG
흐르/VV
반응/NNG
2000/SN
체계/NNG
보인다/VV~EF
점/NNB
공격/NNG
거쳐/VV~EC
밖에/JX
왔/VX~EP
한편/NNG
29/SN
500/SN
아름다운/VA~ETM
조정/NNG
러시아/NNP
표시/NNG
회의/NNG
특별/NNG
31/SN
특성/NNG
부족/NNG
35/SN
활용/NNG
요소/NNG
신앙/NNG
기억/NNG
절/NNG
200/SN
생기/VV
에너지/NNG
행복/NNG
신/XPN
2010/SN
선생/NNG
교사/NNG
80/SN
돌/NNG
자격증/NNG
오래/MAG
지명/NNG
작성/NNG
평균/NNG
반대/NNG
쌓/VV
색/NNG
막/VV
실시/NNG
해석/NNG
교회/NNG
길/VA
사이트/NNG
배치/NNG
반드시/MAG
국립/NNG
안정/NNG
신/EP
토지/NNG
만나/VV
항상/MAG
원래/NNG
못했/VX~EP
com/SL
기초/NNG
부인/NNG
채/NNB
옷/NNG
네/XSN
후기/NNG
무늬/NNG
비슷/XR
대로/JX
기사/NNG
공부/NNG
겨울/NNG
차례/NNG
명칭/NNG
양/NNG
주의/NNG
전화/NNG
옆/NNG
방/NNG
시민/NNG
치/VV
조성/NNG
갖추/VV
꼭/MAG
비/NNG
건강/NNG
여름/NNG
려/EC
중간/NNG
나타내/VV
부모/NNG
더라도/EC
맡/VV
긴/VA~ETM
명/NNG
대/NNG
소장/NNG
황제/NNG
엔/JKB
도로/NNG
꿈/NNG
해결/NNG
공립/NNG
방송/NNG
02/SN
율/XSN
계속/NNG
한다는/XSV~ETM
시행/NNG
따른/VV~ETM
반/NNG
마련/NNG
마지막/NNG
업체/NNG
공사/NNG
진/VX~ETM
이란/JX
북한/NNP
발/NNG
말/NNB
으면서/EC
달러/NNB
거래/NNG
만큼/NNB
대회/NNG
본/VV~ETM
무역/NNG
강화/NNG
은행/NNG
축제/NNG
그리스/NNP
죽음/NNG
당/XSN
수상/NNG
지속/NNG
제한/NNG
특정/NNG
칸/NNG
개월/NNB
짧/VA
롭/XSA
실제/NNG
회원/NNG
선정/NNG
오늘날/NNG
출신/NNG
추진/NNG
입장/NNG
남부/NNG
게/NNB~JKS
스스로/MAG
입/NNG
달리/MAG
2009/SN
시절/NNG
가슴/NNG
등급/NNG
신청/NNG
오히려/MAG
측면/NNG
숲/NNG
기에/EC
비판/NNG
요리/NNG
감사/NNG
짓/VV
조금/MAG
2005/SN
공동/NNG
바탕/NNG
경계/NNG
파리/NNP
위험/NNG
센터/NNG
보다/MAG
불리/VV
어렵/VA
강원도/NNP
백/NR
어요/EF
잃/VV
수도/NNG
열/VV
공원/NNG
두/VX
는가/EC
강조/NNG
90/SN
찍/VV
여인/NNG
당신/NP
감정/NNG
부산/NNP
32/SN
조금/NNG
담당/NNG
결혼/NNG
계속/MAG
시켰/XSV~EP
올리/VV
일/NR
부/NNG
저자/NNG
살/NNB
동일/NNG
못한/VX~ETM
갔/VV~EP
스럽/XSA
자격/NNG
고/XPN
물건/NNG
도/NNG
배경/NNG
로운/XSA~ETM
습니다/EC
느끼/VV
변경/NNG
비해/VV~EC
어도/EC
통일/NNG
다만/MAG
위기/NNG
보통/NNG
놓/VV
적/NNB
시인/NNG
사고/NNG
설정/NNG
체제/NNG
경영/NNG
주제/NNG
관광/NNG
놀이/NNG
붙/VV
제/NP
붉/VA
위/NNB
옛/MM
연주/NNG
제외/NNG
홈페이지/NNG
가정/NNG
통합/NNG
안전/NNG
주도/NNG
강의/NNG
질/XSN
듯이/EC
화/NNG
줄/NNB
2008/SN
측/NNB
걸/VV
더불/VV
2002/SN
추가/NNG
오르/VV
종이/NNG
급/NNG
지점/NNG
45/SN
불/NNG
어찌/MAG
형/NNG
스페인/NNP
인가/VCP~EF
교통/NNG
조/NNB
기원/NNG
현장/NNG
졌/VX~EP
계/NNG
바라보/VV
데이터/NNG
북부/NNG
전달/NNG
마치/MAG
완성/NNG
소재/NNG
라/EF
지급/NNG
느낌/NNG
순간/NNG
인가/VCP~EC
우주/NNG
장관/NNG
파악/NNG
장면/NNG
쓴/VV~ETM
출연/NNG
지내/VV
축구/NNG
판단/NNG
수술/NNG
등록/NNG
제거/NNG
선거/NNG
무료/NNG
유리/NNG
야/JX
아/VV
란/JX
2004/SN
방문/NNG
널리/MAG
공기/NNG
저/MM
경/NNG
내리/VV
알려져/VV~EC
대전/NNG
2007/SN
해야/VV~EC
마찬가지/NNG
걸쳐/VV~EC
남편/NNG
목표/NNG
알려/VV~EC
34/SN
36/SN
오/VX
적극/NNG
공개/NNG
생명/NNG
정/NNG
가/NNG
주/NNB
할/XSA~ETM
구체/NNG
신화/NNG
풍경/NNG
부정/NNG
졸업/NNG
기존/NNG
자/EF
초등학교/NNG
기회/NNG
이익/NNG
전개/NNG
젊/VA
듯/EC
권리/NNG
제시/NNG
가구/NNG
의사/NNG
개선/NNG
소유/NNG
이외/NNG
개최/NNG
도착/NNG
부담/NNG
천만/NR
전혀/MAG
동영상/NNG
역/NNG
가을/NNG
물/VV
임명/NNG
쓰이/VV
소/NNG
나머지/NNG
대중/NNG
아시아/NNP
정확/NNG
정리/NNG
측정/NNG
부문/NNG
무리/NNG
와서/VV~EC
300/SN
일제/NNG
일대/NNG
해외/NNG
심리/NNG
키/NNG
협력/NNG
그때/NNG
왔/VV~EP
법률/NNG
둘/NR
결합/NNG
독자/NNG
재산/NNG
2001/SN
됨/XSV~ETN
면/VCP~EC
월드컵/NNG
표면/NNG
이끌/VV
공연/NNG
아침/NNG
겪/VV
33/SN
무슨/MM
벽/NNG
밝/VA
신경/NNG
라면/EC
전시/NNG
든/EC
2003/SN
제대로/MAG
단순/NNG
분명/MAG
폭/NNG
성분/NNG
모두/NNG
시도/NNG
집중/NNG
주위/NNG
금액/NNG
아내/NNG
기대/NNG
평화/NNG
반면/NNG
책임/NNG
실제로/MAG
외교/NNG
개혁/NNG
증상/NNG
미래/NNG
완전/NNG
1980/SN
묻/VV
원칙/NNG
잘못/MAG
in/SL
빼/VV
장르/NNG
완전히/MAG
다니/VV
네/MM
거기/NP
의지/NNG
지니/VV
러/EC
03/SN
너/NP
적/NNG
맺/VV
42/SN
구입/NNG
남성/NNG
외국/NNG
얼마/NNG
춤/NNG
비록/MAG
만약/NNG
어린이/NNG
공식/NNG
스러운/XSA~ETM
최/XPN
외부/NNG
범위/NNG
공공/NNG
새/NNG
바꾸/VV
대비/NNG
집안/NNG
디자인/NNG
무덤/NNG
분/XSN
점차/MAG
어린/VA~ETM
병원/NNG
절차/NNG
★/SW
수익/NNG
풍부/XR
근거/NNG
규칙/NNG
세우/VV
원하/VV
41/SN
멀리/MAG
1999/SN
돌아가/VV
개별/NNG
회복/NNG
장애/NNG
드라마/NNG
제/MM
전세/NNG
→/SW
생긴/VV~ETM
어려운/VA~ETM
연대/NNG
고개/NNG
차량/NNG
혼자/NNG
매년/MAG
좌우/NNG
학위/NNG
지키/VV
을까/EF
인사/NNG
잠시/MAG
39/SN
날개/NNG
께/JKB
얼마나/MAG
가까운/VA~ETM
1990/SN
됐/XSV~EP
라도/VCP~EC
신문/NNG
밥/NNG
기반/NNG
태양/NNG
그룹/NNG
떨어진/VV~ETM
로써/JKB
해도/VV~EC
1998/SN
실험/NNG
나온/VV~ETM
통한/VV~ETM
본래/NNG
연기/NNG
나왔/VV~EP
이벤트/NNG
수많/VA
웃/VV
바닥/NNG
왕조/NNG
수단/NNG
오른쪽/NNG
38/SN
장/NNB
암/NNG
e/SL
한다는/VX~ETM
가수/NNG
실패/NNG
의견/NNG
대사/NNG
확보/NNG
강/NNP
한/VX~ETM
죄/NNG
분위기/NNG
지요/EF
학자/NNG
박사/NNG
37/SN
자/VV
예정/NNG
섬유/NNG
400/SN
상업/NNG
주목/NNG
화려/XR
스타일/NNG
시각/NNG
학습/NNG
제목/NNG
바뀌/VV
금/NNG
금지/NNG
부여/NNG
신분/NNG
모델/NNG
전형/NNG
고객/NNG
상승/NNG
피해/NNG
사실/MAG
나/VX
제주/NNP
걱정/NNG
흐름/NNG
김/NNP
의무/NNG
탄생/NNG
직무/NNG
진출/NNG
교훈/NNG
가득/MAG
경쟁/NNG
출발/NNG
무기/NNG
나요/EF
도입/NNG
1995/SN
부근/NNG
아도/EC
권력/NNG
온/VX~ETM
떠나/VV
감소/NNG
자산/NNG
구름/NNG
뿌리/NNG
입구/NNG
우선/MAG
감각/NNG
둘째/NR
그곳/NP
시킨/XSV~ETM
불구/XR
꾼/XSN
보였/VV~EP
연합/NNG
체험/NNG
여부/NNG
자본/NNG
개/NNG
실천/NNG
촬영/NNG
진흥/NNG
tv/SL
져/VX~EC
법인/NNG
독특/NNG
파/NNG
기자/NNG
형상/NNG
방지/NNG
종목/NNG
전략/NNG
풀/NNG
1970/SN
46/SN
카페/NNG
왼쪽/NNG
소속/NNG
소식/NNG
곡/NNG
이라고/JKQ
좋아하/VV
예방/NNG
힘들/VA
밭/NNG
학원/NNG
서/VV
사례/NNG
지/NNB
조치/NNG
주인공/NNG
연관/NNG
나가/VX
과일/NNG
장수/NNG
참가/NNG
자극/NNG
주요/XR
정면/NNG
일으키/VV
경향/NNG
수립/NNG
흰색/NNG
새/MM
눈물/NNG
경찰/NNG
대륙/NNG
승리/NNG
보통/MAG
고종/NNP
나와/VV~EC
계기/NNG
한다고/XSV~EC
05/SN
연구소/NNG
얘기/NNG
전설/NNG
높이/MAG
표/NNG
용/NNG
아프리카/NNP
유일/NNG
1997/SN
전력/NNG
대기/NNG
보유/NNG
다이어트/NNG
새로/MAG
순수/NNG
앨범/NNG
살펴보/VV
외국인/NNG
접근/NNG
1960/SN
기다리/VV
구멍/NNG
그냥/MAG
언론/NNG
1996/SN
건립/NNG
체결/NNG
세웠/VV~EP
그린/VV~ETM
토니안/NNP
이집트/NNP
우수/NNG
on/SL
움직이/VV
나가/VV
`/SS
마침내/MAG
고통/NNG
오후/NNG
따라서/VV~EC
줄/NNG
발행/NNG
이루어진/VV~ETM
제/NP~JKG
나중/NNG
근처/NNG
43/SN
출판/NNG
늘/MAG
지/NNG
심/VV
임대/NNG
절대/NNG
뛰어난/VA~ETM
들어가/VV~EC
법원/NNG
정권/NNG
열/NNG
희망/NNG
취하/VV
차원/NNG
생태/NNG
통과/NNG
전반/NNG
한/NNG
서부/NNG
열매/NNG
요청/NNG
전해/VV~EC
추구/NNG
규제/NNG
해/VX~EC
장비/NNG
나타난다/VV~EF
끝나/VV
반복/NNG
구/NNG
복지/NNG
불과/MAG
거대/NNG
원천/NNG
수업/NNG
세운/VV~ETM
풀/VV
예상/NNG
전문가/NNG
조절/NNG
귀/NNG
잊/VV
소비/NNG
논의/NNG
역임/NNG
공정/NNG
차별/NNG
정원/NNG
기념/NNG
냄새/NNG
공동체/NNG
중/NNG
확실/XR
무대/NNG
형제/NNG
번역/NNG
공인/NNG
동부/NNG
요/EC
동작/NNG
06/SN
대답/NNG
현지/NNG
제정/NNG
건/NNB~JX
고전/NNG
극복/NNG
첫째/NR
중학교/NNG
창조/NNG
비율/NNG
불렀/VV~EP
초/XPN
08/SN
재정/NNG
연극/NNG
디지털/NNG
55/SN
부른다/VV~EF
캐릭터/NNG
식사/NNG
렀/EP
폐지/NNG
신체/NNG
갑자기/MAG
등/NNG
전환/NNG
피/NNG
훨씬/MAG
근무/NNG
소/XPN
상당히/MAG
인한/VV~ETM
저장/NNG
전공/NNG
심각/XR
법칙/NNG
향해/VV~EC
숨/NNG
카메라/NNG
아름답/VA
기재/NNG
한다/XSV~EC
인생/NNG
즐기/VV
48/SN
려면/EC
끌/VV
저녁/NNG
전하/VV
영상/NNG
오랜/MM
쉬/VV
이어지/VV
이웃/NNG
효율/NNG
취업/NNG
대책/NNG
다를/VA~ETM
모여/VV~EC
이성/NNG
섞/VV
흙/NNG
현황/NNG
만족/NNG
떨어져/VV~EC
조/NNG
고려/NNG
85/SN
빠르/VA
서양/NNG
뻗/VV
지위/NNG
학년/NNG
다섯/NR
맞추/VV
하여금/MAG
44/SN
요인/NNG
고민/NNG
적합/NNG
란/VCP~ETM
모아/VV~EC
1994/SN
포기/NNG
인상/NNG
지하/NNG
붙여진/VV~ETM
제자/NNG
▶/SW
서/VV~EC
훈련/NNG
올랐/VV~EP
만큼/JKB
고서/EC
의회/NNG
지닌/VV~ETM
실현/NNG
부대/NNG
07/SN
걷/VV
드/VV
빨리/MAG
자동/NNG
들어오/VV
다른/VA~ETM
태도/NNG
1992/SN
뭐/NP
엄마/NNG
전경/NNG
교류/NNG
습니까/EF
1991/SN
등지/NNB
흡수/NNG
버스/NNG
저/XPN
부위/NNG
계산/NNG
이듬해/NNG
버렸/VX~EP
모시/VV
할인/NNG
보수/NNG
위원/NNG
한국어/NNP
열리/VV
일본어/NNP
활성/NNG
고정/NNG
56/SN
런던/NNP
교환/NNG
단어/NNG
핵심/NNG
1993/SN
장애인/NNG
51/SN
통제/NNG
네덜란드/NNP
별/NNG
예전/NNG
캐나다/NNP
공주/NNG
고유/NNG
고향/NNG
녹색/NNG
떨어지/VV
원/NNG
복잡/XR
콩/NNG
빠지/VV
포스팅/NNG
약/NNG
제기/NNG
의도/NNG
과연/MAG
모래/NNG
신고/NNG
아무리/MAG
시킬/XSV~ETM
여전히/MAG
역대/NNG
58/SN
강력/XR
항공/NNG
양/MM
이제/NNG
49/SN
전파/NNG
75/SN
지지/NNG
길/ETN
한편/MAG
대화/NNG
공무원/NNG
커다란/VA~ETM
누가/NP~JKS
되/EC
늦/VA
일상/NNG
대립/NNG
비중/NNG
시/XSN
주체/NNG
다수/NNG
장점/NNG
포인트/NNG
폭발/NNG
양쪽/NNG
광장/NNG
간단/XR
광주/NNP
전망/NNG
59/SN
견해/NNG
깊이/MAG
복원/NNG
대응/NNG
미리/MAG
팬/NNG
흔적/NNG
본격/NNG
씻/VV
진다/VX~EF
한/NNP
미치/VV
승인/NNG
충분히/MAG
인근/NNG
칼/NNG
?/SP
한계/NNG
극장/NNG
불법/NNG
카드/NNG
균형/NNG
보물/NNG
직접/NNG
단독/NNG
볼/VX~ETM
알려진/VV~ETM
남녀/NNG
개정/NNG
그리/VV
47/SN
지나/VV~EC
곤충/NNG
조차/JX
허용/NNG
후보/NNG
은데/EC
어울리/VV
배우/NNG
일까/VCP~EF
적절/XR
돌/VV
약속/NNG
54/SN
에서부터/JKB
65/SN
는다는/ETM
점점/MAG
동생/NNG
장기/NNG
드리/VV
도자기/NNG
성인/NNG
하/NNG
84/SN
언급/NNG
한다면/XSV~EC
생겼/VV~EP
배우/VV
에게서/JKB
연속/NNG
열린/VV~ETM
훌륭/XR
근육/NNG
자본주의/NNG
자세/NNG
버리/VV
만든다/VV~EF
회장/NNG
달/VV
800/SN
허리/NNG
1984/SN
언덕/NNG
스포츠/NNG
소련/NNP
달/VX
나타났/VV~EP
공유/NNG
호텔/NNG
갈/VV~ETM
수용/NNG
파/VV
루/NNG
변하/VV
여기/VV
상자/NNG
드/NNP
빛깔/NNG
결코/MAG
기분/NNG
어깨/NNG
혜택/NNG
홈/NNG
150/SN
프로젝트/NNG
매일/MAG
중부/NNG
한국인/NNG
상당/NNG
국왕/NNG
올려/VV~EC
현/MM
가사/NNG
활약/NNG
따뜻/XR
어떠/XR
긴/ETN
53/SN
주식/NNG
내려/VV~EC
아무런/MM
구하/VV
52/SN
자랑/NNG
야구/NNG
제출/NNG
제주도/NNP
정하/VV
1950/SN
1989/SN
당하/VV
투명/NNG
1986/SN
발굴/NNG
사기/NNG
빠져/VV~EC
사정/NNG
상영/NNG
부/NNB
연장/NNG
어려움/NNG
실내/NNG
활발/XR
강/XR
설문/NNG
향상/NNG
충분/XR
통화/NNG
이룬다/VV~EF
재미있/VA
최소/NNG
대로/NNB
분량/NNG
반영/NNG
제안/NNG
싸움/NNG
판/NNG
동양/NNG
정기/NNG
방안/NNG
목숨/NNG
싸이/NNG
알리/VV
직/NNG
오류/NNG
거부/NNG
부부/NNG
창/NNG
남북/NNP
세월/NNG
자면/EC
태어났/VV~EP
경매/NNG
지도자/NNG
09/SN
올라가/VV
닿/VV
따로/MAG
댄스/NNG
법/NNB
골프/NNG
국/NNG
갖춘/VV~ETM
대형/NNG
목소리/NNG
심하/VA
걸/NNB~JKO
고/EF
아무/MM
농사/NNG
라면/VCP~EC
잠/NNG
덮/VV
새롭/VA
느냐/EC
밝히/VV
사태/NNG
그래도/VV~EC
빠른/VA~ETM
위협/NNG
진단/NNG
이루어졌/VV~EP
재생/NNG
갈등/NNG
공포/NNG
깨끗/XR
세워/VV~EC
시즌/NNG
1988/SN
팔/VV
증권/NNG
소요/NNG
객관/NNG
그중/NNG
유사/NNG
핵/NNG
같이/JKB
유도/NNG
편지/NNG
한강/NNP
셋째/NR
라인/NNG
후반/NNG
연간/NNG
공통/NNG
들어갔/VV~EP
구축/NNG
미/NNP
순환/NNG
질/NNG
일찍/MAG
직원/NNG
평양/NNP
새끼/NNG
뉴욕/NNP
평소/NNG
지적/NNG
마치/VV
소년/NNG
본인/NNG
비밀/NNG
집행/NNG
가루/NNG
전후/NNG
별도/NNG
통계/NNG
기여/NNG
지시/NNG
수록/NNG
범죄/NNG
모임/NNG
뼈/NNG
경북/NNP
의례/NNG
선언/NNG
호랑이/NNG
오직/MAG
쯤/XSN
강남/NNP
증명/NNG
불러/VV~EC
일단/MAG
스크린/NNG
1985/SN
계층/NNG
화합/NNG
보도/NNG
1982/SN
상상/NNG
스위스/NNP
적/VV
회전/NNG
까닭/NNG
협회/NNG
경주/NNP
무/NNG
국회/NNG
조상/NNG
열심히/MAG
net/SL
정비/NNG
야/VCP~EF
생애/NNG
보냈/VV~EP
너무나/MAG
강도/NNG
브랜드/NNG
준다/VX~EF
우려/NNG
참/VV
그대/NP
사냥/NNG
멀/VA
72/SN
시킨다/XSV~EF
사라지/VV
잇/VV
극/NNG
브라질/NNP
얇/VA
애니메이션/NNG
줄/VX~ETM
허가/NNG
옮겨/VV~EC
96/SN
질문/NNG
주/MM
희생/NNG
정식/NNG
뽑/VV
위성/NNG
자세/XR
한다고/VX~EC
닮/VV
인조/NNP
속한다/VV~EF
1987/SN
먼/VA~ETM
는다/EC
거두/VV
겸/NNB
멕시코/NNP
서로/NNG
나온다/VV~EF
개설/NNG
1983/SN
의심/NNG
논문/NNG
조합/NNG
오염/NNG
참/MAG
철/NNG
코드/NNG
옳/VA
이어/MAG
92/SN
아프/VA
뉴스/NNG
시내/NNG
제작사/NNG
숫자/NNG
골/NNG
선출/NNG
전제/NNG
체포/NNG
250/SN
기도/NNG
다/VCP~EC
가까이/MAG
악기/NNG
유통/NNG
매력/NNG
손가락/NNG
가졌/VV~EP
여유/NNG
이념/NNG
노출/NNG
네/EC
획득/NNG
명성/NNG
나타난/VV~ETM
채택/NNG
나뉘/VV
57/SN
그리/MAG
닫/VV
에다/JKB
걸리/VV
신부/NNG
불안/NNG
날씨/NNG
느껴/VV~EC
홍보/NNG
일자/NNG
방어/NNG
오랫동안/NNG
온라인/NNG
저희/NP
어요/EC
64/SN
초과/NNG
운명/NNG
리그/NNG
묶/VV
파일/NNG
나서/VV
따/VV
다소/MAG
살짝/MAG
과제/NNG
계단/NNG
이래/NNB
합의/NNG
편성/NNG
선물/NNG
덕/NNG
났/VV~EP
높이/VV
난다/VV~EF
올라/VV~EC
무게/NNG
인력/NNG
도/NNB
변동/NNG
경관/NNG
120/SN
750/SN
면제/NNG
보내/VV~EC
구간/NNG
구/XPN
컵/NNG
산소/NNG
충격/NNG
고/VCP~EC
성과/NNG
비로소/MAG
낸/VX~ETM
표정/NNG
성실/NNG
작전/NNG
장사/NNG
단편/NNG
나/EF
시점/NNG
확산/NNG
됐/VV~EP
년도/NNB
그려/VV~EC
올해/NNG
정체/NNG
편안/NNG
일어났/VV~EP
연출/NNG
웹/NNG
미디어/NNG
매체/NNG
벗어나/VV
만들/VV~ETM
시선/NNG
안내/NNG
동네/NNG
동기/NNG
소멸/NNG
타원/NNG
검토/NNG
대/VV
전용/NNG
돕/VV
점수/NNG
62/SN
궁금/XR
탐구/NNG
겨우/MAG
느낄/VV~ETM
만나/VV~EC
파견/NNG
시위/NNG
여겨/VV~EC
오스트리아/NNP
인천/NNP
확정/NNG
98/SN
언제나/MAG
무릎/NNG
숨/VV
임시/NNG
입니다/VCP~EC
편집/NNG
불/VV
전신/NNG
이날/NNG
을까/EC
부탁/NNG
타자/NNG
존/NNP
언제/NP
작곡/NNG
짙/VA
깊이/NNG
영웅/NNG
달리/VV
이른바/MAG
는다고/EC
정착/NNG
정지/NNG
기획/NNG
사자/NNG
수송/NNG
간/VV~ETM
진/NNG
군수/NNG
긍정/NNG
흥미/NNG
부/VV
군인/NNG
전남/NNP
귀신/NNG
응시/NNG
비디오/NNG
채널/NNG
교실/NNG
도달/NNG
대구/NNP
청소년/NNG
고급/NNG
별로/MAG
미/NNG
마케팅/NNG
당하/XSV
자/IC
1963/SN
아름다움/VA~ETN
코스/NNG
사무소/NNG
신발/NNG
짐/NNG
베트남/NNP
생/XPN
안녕/NNG
당연히/MAG
비/VV
홀/NNG
마주/MAG
든/VV~ETM
소화/NNG
진정/XR
중단/NNG
맞이/XR
63/SN
지/VV~VX
마당/NNG
신/VV
오전/NNG
뛰/VV
기지/NNG
kg/SL
부자/NNG
재미/NNG
전면/NNG
부상/NNG
정확히/MAG
점령/NNG
내렸/VV~EP
어른/NNG
변호사/NNG
용기/NNG
아동/NNG
향하/VV
난/VV~ETM
달린/VV~ETM
왕자/NNG
추/VV
후원/NNG
88/SN
팔/NNG
곳곳/NNG
반란/NNG
상처/NNG
유입/NNG
피하/VV
단/MM
그동안/NNG
살해/NNG
아울러/MAG
심한/VA~ETM
최종/NNG
감면/NNG
한시/NNG
경남/NNP
중반/NNG
도전/NNG
천하/NNG
함/VX~ETN
각국/NNG
즐겁/VA
여신/NNG
77/SN
1976/SN
조/NR
아/JKV
세부/NNG
유학/NNG
1974/SN
가문/NNG
1972/SN
손해/NNG
160/SN
95/SN
권한/NNG
도/EC
대체/NNG
끼/VV
지각/NNG
을지/EC
들/VV~ETM
+/NNG
경기/NNP
각각/NNG
움직임/NNG
위대/XR
순위/NNG
워드/NNG
1945/SN
스타/NNG
생/NNG
주문/NNG
들어서/VV
만화/NNG
한/XPN
싸우/VV
빚/VV
분/NNG
둔/VV~ETM
쓸/VV~ETM
마저/JX
차/VV
신장/NNG
기금/NNG
학점/NNG
신규/NNG
짐작/NNG
끊/VV
공화국/NNG
일곱/NR
사막/NNG
나쁜/VA~ETM
자국/NNG
결성/NNG
니까/EC
분명히/MAG
부/XPN
밝혔/VV~EP
뜨/VV
만일/NNG
치/XSA~EC
농장/NNG
자율/NNG
내려오/VV
웃음/NNG
전한다/VV~EF
내일/NNG
저작/NNG
펴/VV
61/SN
매입/NNG
보/EC
흘러/VV~EC
한테/JKB
벌써/MAG
셈/NNB
일/NNP
전원/NNG
강한/VA~ETM
못할/VX~ETM
기차/NNG
우승/NNG
관객/NNG
난/NP~JX
드디어/MAG
아빠/NNG
잡지/NNG
통하/VV
몽골/NNP
협상/NNG
사과/NNG
붙이/VV
수컷/NNG
정서/NNG
발휘/NNG
개편/NNG
식당/NNG
갔/VX~EP
굵/VA
편/NNG
감/VV
73/SN
경력/NNG
달려/VV~EC
인종/NNG
싫/VA
화물/NNG
개국/NNB
석/NNB
열애/NNG
데리/VV
vs/SL
운전/NNG
접수/NNG
알려졌/VV~EP
태평양/NNP
심지어/MAG
우/NNG
총회/NNG
줄이/VV
된다는/VV~ETM
참석/NNG
봉사/NNG
이/NNP
보상/NNG
일어난/VV~ETM
처녀/NNG
돌아왔/VV~EP
엄청난/VA~ETM
무시/NNG
가시/NNG
도중/NNG
음반/NNG
새벽/NNG
언제/MAG
유/NNG
1000/SN
신성/NNG
끊임없이/MAG
실질/NNG
노선/NNG
스웨덴/NNP
우선/NNG
무장/NNG
104/SN
과도/NNG
토대/NNG
고추/NNG
학과/NNG
서원/NNG
예산/NNG
지불/NNG
안/VV
보여준다/VV~EF
임무/NNG
66/SN
터키/NNP
르네상스/NNG
착용/NNG
유기/NNG
겠/VX~EP
멤버/NNG
내외/NNG
일본인/NNG
니/VCP~EC
you/SL
머물/VV
일명/NNG
불편/NNG
동의/NNG
이내/NNG
악/NNG
전사/NNG
작곡가/NNG
붙여/VV~EC
직장/NNG
올렸/VV~EP
키우/VV
복수/NNG
엔진/NNG
간격/NNG
된다고/VV~EC
환상/NNG
계열/NNG
대/XSN
최신/NNG
강하/VA
뒤쪽/NNG
통증/NNG
68/SN
감/NNG
시원/XR
색깔/NNG
발급/NNG
사무실/NNG
에선/JKB
무용/NNG
명예/NNG
즐겨/VV~EC
회계/NNG
미/XPN
호흡/NNG
살/VV~ETM
장/NNP
단일/NNG
소녀/NNG
일컫/VV
컬러/NNG
사업자/NNG
하우스/NNG
교체/NNG
76/SN
작정/NNG
완벽/NNG
멋진/VA~ETM
답/NNG
양국/NNG
신설/NNG
는다면/EC
문제점/NNG
한정/NNG
구두/NNG
스트레스/NNG
준/VX~ETM
든/VCP~EC
경기장/NNG
낮/NNG
비난/NNG
베이스/NNG
나비/NNG
돌아와/VV~EC
탓/NNG
출전/NNG
인정받/VV
주/EC
가깝/VA
필름/NNG
독점/NNG
진/NNP
출간/NNG
현금/NNG
초대/NNG
화재/NNG
와/VV~EC
결론/NNG
선사/NNG
조명/NNG
폴란드/NNP
원년/NNG
정통/NNG
동원/NNG
고/NNG
태어난/VV~ETM
휴대폰/NNG
67/SN
심사/NNG
보조/NNG
냐/EC
주말/NNG
일요일/NNG
미소/NNG
도모/NNG
일어나/VV~EC
고교/NNG
가볍/VA
애/NNG
드러내/VV
인터뷰/NNG
적응/NNG
넘치/VV
벨기에/NNP
똑같/VA
수사/NNG
스승/NNG
클럽/NNG
집권/NNG
인원/NNG
관료/NNG
93/SN
폭력/NNG
나름/NNB
지휘/NNG
요/JX
잔치/NNG
홍콩/NNP
가/VV~EC
소원/NNG
피해자/NNG
달성/NNG
산/XSN
승격/NNG
육성/NNG
org/SL
청주/NNP
수치/NNG
벌이/VV
개시/NNG
플레이/NNG
밟/VV
쓰인다/VV~EF
자는/ETM
휴식/NNG
떼/VV
대가/NNG
자문/NNG
스런/XSA~ETM
장단/NNG
중시/NNG
본사/NNG
체육/NNG
담배/NNG
영원/NNG
의장/NNG
대전/NNP
전승/NNG
대량/NNG
여섯/NR
본다/VV~EF
사장/NNG
그만큼/MAG
102/SN
띄/VV
시골/NNG
붕괴/NNG
연락/NNG
괜찮/VA
해졌/XSA~EP
논쟁/NNG
아무/NP
계약서/NNG
이/NNG
쏘/VV
든지/VCP~EC
94/SN
우유/NNG
볼/NNG
게다가/MAG
텔레비전/NNG
신뢰/NNG
감시/NNG
99/SN
어두운/VA~ETM
올림픽/NNG
한다/VX~EC
용품/NNG
조심/NNG
적어도/MAG
덜/MAG
부가/NNG
그해/NNG
당대/NNG
선발/NNG
받아들이/VV
인수/NNG
양자/NNG
떠났/VV~EP
독/NNG
모른다/VV~EF
걸음/NNG
실체/NNG
병력/NNG
앞서/MAG
만남/NNG
써/VV~EC
떠나/VV~EC
영향력/NNG
띤/VV~ETM
91/SN
지나치/VA
중점/NNG
재능/NNG
감동/NNG
틈/NNG
옮기/VV
당사자/NNG
접촉/NNG
줄/VV~ETM
아니/IC
스토리/NNG
명소/NNG
점검/NNG
송/NNP
거치/VV
아요/EF
시키/VV
늘어나/VV
남한/NNP
시리즈/NNG
장악/NNG
1964/SN
관광객/NNG
교과서/NNG
74/SN
리/NNG
체중/NNG
아일랜드/NNP
의자/NNG
유전/NNG
패/NNG
돼/XSV~EC
며칠/NNG
구원/NNG
절반/NNG
곁/NNG
안동/NNP
전주/NNP
빛나/VV
거듭/MAG
자전거/NNG
빵/NNG
테러/NNG
재현/NNG
듯이/NNB
부장/NNG
한때/NNG
동료/NNG
지주/NNG
진화/NNG
그렸/VV~EP
갈/VV
그날/NNG
매장/NNG
얼음/NNG
손실/NNG
교정/NNG
무척/MAG
콘서트/NNG
연애/NNG
나아가/VV
내놓/VV
준다/VV~EF
터/NNB
귀국/NNG
82/SN
진흥원/NNG
취임/NNG
지난해/NNG
소문/NNG
위주/NNG
옮겼/VV~EP
개성/NNG
1956/SN
포/NNG
혹시/MAG
83/SN
동향/NNG
버린/VX~ETM
박/NNP
최대한/NNG
속한/VV~ETM
수원/NNP
올린/VV~ETM
아트/NNG
불만/NNG
나/VV~EC
청구/NNG
메시지/NNG
소송/NNG
상식/NNG
극단/NNG
타운/NNG
업적/NNG
민요/NNG
약물/NNG
일으켜/VV~EC
상실/NNG
보낸/VV~ETM
81/SN
여정/NNG
기쁨/NNG
그렇지만/MAJ
출입/NNG
71/SN
종종/MAG
고졸/NNG
남겼/VV~EP
합류/NNG
드러나/VV
특색/NNG
이슈/NNG
주름/NNG
해체/NNG
초월/NNG
데뷔/NNG
뜨거운/VA~ETM
못한다/VX~EF
1955/SN
라디오/NNG
홀로/MAG
좌/NNG
불렸/VV~EP
관장/NNG
천장/NNG
본부/NNG
만났/VV~EP
봤/VV~EP
86/SN
이란/NNP
두루/MAG
노란색/NNG
축소/NNG
양상/NNG
69/SN
별/MM
철저/NNG
밝혀/VV~EC
대접/NNG
당선/NNG
89/SN
너희/NP
실수/NNG
78/SN
곡선/NNG
110/SN
명확/XR
유대인/NNG
비평/NNG
압축/NNG
다투/VV
시체/NNG
꽤/MAG
뚫/VV
빼앗/VV
예측/NNG
김치/NNG
97/SN
내려가/VV
이치/NNG
짜리/XSN
아카데미/NNG
모자/NNG
감성/NNG
검색/NNG
만난/VV~ETM
아닌가/VCN~EC
즐길/VV~ETM
그만/MAG
피아노/NNG
심의/NNG
종로/NNP
긴장/NNG
벗/VV
즐거운/VA~ETM
천주교/NNG
시청/NNG
내린/VV~ETM
하얀/VA~ETM
창출/NNG
관계자/NNG
추억/NNG
힘든/VA~ETM
전북/NNP
돌리/VV
진달래/NNG
월/NNG
처분/NNG
걸려/VV~EC
한다/VV~EC
전시회/NNG
위원장/NNG
혁신/NNG
모순/NNG
축/NNG
1938/SN
대단/XR
마무리/NNG
남기/VV
기적/NNG
문의/NNG
특유/NNG
비행/NNG
아르헨티나/NNP
수확/NNG
상단/NNG
덕분/NNG
130/SN
이라크/NNP
프로/NNG
성명/NNG
베풀/VV
산/VV~ETM
은/NNG
제약/NNG
031/SN
우측/NNG
타인/NNG
인접/NNG
수비/NNG
몇몇/MM
인용/NNG
반사/NNG
1957/SN
활짝/MAG
커뮤니티/NNG
비행기/NNG
탁월/XR
87/SN
투표/NNG
입학/NNG
여건/NNG
음원/NNG
동/MM
천연/NNG
벌어지/VV
으려/EC
가방/NNG
쇼핑/NNG
청춘/NNG
간판/NNG
뉴질랜드/NNP
돌파/NNG
육지/NNG
수백/NR
지만/VCP~EC
유효/NNG
인연/NNG
동화/NNG
실력/NNG
케/XSV~EC
전역/NNG
누군가/NP~EC
중국인/NNG
조기/NNG
열정/NNG
판결/NNG
공중/NNG
깨달/VV
황금/NNG
고무/NNG
베를린/NNP
누르/VV
날짜/NNG
개입/NNG
뾰족/MAG
월요일/NNG
제의/NNG
5000/SN
놀라/VV
대목/NNG
보완/NNG
마리아/NNP
패배/NNG
그림자/NNG
직후/NNG
라며/EC
워싱턴/NNP
미만/NNG
부당/NNG
엮/VV
훼손/NNG
꿈꾸/VV
끼리/XSN
개관/NNG
주최/NNG
간접/NNG
해변/NNG
갚/VV
장편/NNG
웨딩/NNG
위로/NNG
북/NNP
떼/NNG
영화제/NNG
충남/NNP
유로/NNG
증세/NNG
정밀/NNG
삼성/NNP
미터/NNB
운/NNG
활/NNG
예외/NNG
품/NNG
짝/NNG
태국/NNP
한다면/VV~EC
오픈/NNG
이야/JX
주립/NNG
약한/VA~ETM
밀/VV
피자/NNG
실무/NNG
여왕/NNG
뛰어나/VA
일컬/VV
악화/NNG
선호/NNG
79/SN
넘어가/VV
나갔/VX~EP
후자/NNG
시계/NNG
행/NNG
패션/NNG
늘/VV
섹스/NNG
연상/NNG
산하/NNG
패밀리/NNG
형사/NNG
깨/VV
끝난/VV~ETM
벌/NNG
나타낸/VV~ETM
깎/VV
돌려/VV~EC
일원/NNG
고생/NNG
다듬/VV
캠퍼스/NNG
차단/NNG
즐거움/NNG
꾸준히/MAG
않/VV
대결/NNG
맞춰/VV~EC
믿음/NNG
깨닫/VV
실/VV
돌아온/VV~ETM
성향/NNG
땀/NNG
손자/NNG
협의/NNG
버전/NNG
치/XSN
평/NNG
연령/NNG
주류/NNG
에요/EF
뮤직/NNG
서울대/NNP
애정/NNG
주석/NNG
한마디/NNG
배려/NNG
줄어들/VV
몰라/VV~EC
주자/NNG
당장/NNG
내지/MAG
시나리오/NNG
140/SN
던지/VV
칠레/NNP
두/JX
실정/NNG
원조/NNG
구나/EC
경지/NNG
덴마크/NNP
중구/NNP
초점/NNG
서서히/MAG
액션/NNG
중학/NNG
혐의/NNG
실려/VV~EC
소유자/NNG
이룬/VV~ETM
내내/MAG
사후/NNG
올바른/VA~ETM
학술/NNG
진입/NNG
보스턴/NNP
앞서/VV~EC
글로벌/NNG
몫/NNG
파트너/NNG
마침/MAG
선고/NNG
쥐/VV
군/NNB
부지/NNG
삼각/NNG
상장/NNG
제물/NNG
자마자/EC
1929/SN
투기/NNG
페이지/NNG
슬픔/NNG
어쩔/VV~ETM
본명/NNG
빠진/VV~ETM
향후/NNG
순/NNG
동아시아/NNP
한참/NNG
서리/NNG
방출/NNG
일주일/NNG
초/NNG
지출/NNG
네이버/NNP
관람/NNG
ㆍ/SW
찾아볼/VV~ETM
독립운동/NNG
로버트/NNP
완공/NNG
곤란/NNG
헝가리/NNP
1937/SN
180/SN
둘러싼/VV~ETM
예약/NNG
뮤비/NNG
이수/NNG
대조/NNG
들리/VV
그치/VV
산악/NNG
경비/NNG
잉글랜드/NNP
치르/VV
굳/VA
서울시/NNP
싸/VV
어제/NNG
자꾸/MAG
궤도/NNG
절대/MAG
성적/NNG
양/NNB
몰래/MAG
남구/NNP
각자/NNG
바람/NNB
살피/VV
붓/VV
수습/NNG
바깥쪽/NNG
덩어리/NNG
테마/NNG
가리/VV
꽂/VV
집필/NNG
경제학/NNG
멈추/VV
재단/NNG
평범/XR
연인/NNG
해소/NNG
지진/NNG
쇠고기/NNG
추세/NNG
답사/NNG
미루/VV
경쟁력/NNG
◆/SW
상위/NNG
그나마/MAG
공신/NNG
호주/NNP
아홉/NR
일으켰/VV~EP
동반/NNG
끈/NNG
먼지/NNG
소중/XR
대안/NNG
흘리/VV
불꽃/NNG
무조건/MAG
구제/NNG
남긴/VV~ETM
부임/NNG
강원/NNP
지사/NNG
으려고/EC
질/VX~ETM
모집/NNG
조지/NNP
실업/NNG
누리/VV
소박/XR
노르웨이/NNP
이기/VV
풀이/NNG
회원국/NNG
칭찬/NNG
고원/NNG
갈/VX~ETM
유치/NNG
해진/XSA~ETM
사법/NNG
단면/NNG
지옥/NNG
발간/NNG
재건/NNG
식량/NNG
합병/NNG
모으/VV
협약/NNG
수/MM
확률/NNG
된다는/XSV~ETM
처지/NNG
분배/NNG
황색/NNG
배제/NNG
쇼/NNG
대단히/MAG
곧바로/MAG
대우/NNG
부활/NNG
직전/NNG
호소/NNG
당한/VV~ETM
좌측/NNG
맨/XPN
－/SS
mine/SL
녹음/NNG
향한/VV~ETM
연봉/NNG
부도/NNG
과장/NNG
화상/NNG
대처/NNG
진주/NNP
만날/VV~ETM
마라톤/NNG
의뢰/NNG
명문/NNG
폴/NNP
주력/NNG
학력/NNG
싣/VV
진압/NNG
지분/NNG
시사/NNG
수천/NR
다음날/NNG
자생/NNG
105/SN
아요/EC
윌리엄/NNP
거절/NNG
구상/NNG
입지/NNG
be/SL
디스크/NNG
수영/NNG
는데/EF
다며/EC
가/XSN
뭔가/NP~EC
나눌/VV~ETM
담당자/NNG
들어간/VV~ETM
마련/NNB
하위/NNG
미국인/NNG
열렸/VV~EP
오/EC
여덟/NR
원장/NNG
주먹/NNG
커지/VV
강릉/NNP
부작용/NNG
베이징/NNP
냈/VX~EP
원정/NNG
눈길/NNG
나갔/VV~EP
주간/NNG
장착/NNG
초반/NNG
젖/VV
도쿄/NNP
못해/VX~EC
거짓/NNG
위반/NNG
정규/NNG
나란히/MAG
연습장/NNG
가질/VV~ETM
나올/VV~ETM
그다지/MAG
정교/XR
취지/NNG
오른/VV~ETM
살리/VV
욕심/NNG
답/XSA
승/NNB
오로지/MAG
마비/NNG
일행/NNG
탄력/NNG
들/VX
부재/NNG
악마/NNG
끝내/MAG
제임스/NNP
전부/NNG
몰/VV
영원히/MAG
항의/NNG
난/VX~ETM
탈출/NNG
체/NNG
선진국/NNG
내게/NP~JKB
3000/SN
조/NNP
투수/NNG
햇빛/NNG
첨단/NNG
아역/NNG
날/VV
충북/NNP
느라/EC
컸/VA~EP
보/NNG
새겨져/VV~EC
농구/NNG
침체/NNG
뿌리/VV
출시/NNG
그게/NP~JKS
다가오/VV
변수/NNG
화제/NNG
외/NNG
패턴/NNG
피로/NNG
눈치/NNG
파장/NNG
판사/NNG
보일/VV~ETM
세트/NNG
게재/NNG
위상/NNG
익숙/XR
생선/NNG
외국인/NNG~SP
노/NNG
낸/VV~ETM
아이돌/NNG
협조/NNG
항해/NNG
쫓/VV
결심/NNG
작/NNG
화장/NNG
날/VV~ETM
고조/NNG
매/VV
취재/NNG
진/EC
주차장/NNG
토니/NNP
천자/NNG
부침/NNG
왕후/NNG
쏟/VV
무사/NNG
진학/NNG
뮤지컬/NNG
살인/NNG
진영/NNG
핀/VV~ETM
케이블/NNG
야/JKV
가동/NNG
담긴/VV~ETM
들어온/VV~ETM
주연/NNG
아픔/NNG
나섰/VV~EP
그늘/NNG
입상/NNG
떠오르/VV
해수욕장/NNG
종료/NNG
고속도로/NNG
점유/NNG
맥/NNG
커플/NNG
국악/NNG
축하/NNG
발언/NNG
담장/NNG
확신/NNG
발음/NNG
천체/NNG
오리/NNG
선배/NNG
데이트/NNG
열려/VV~EC
가벼운/VA~ETM
약하/VA
연습/NNG
투자자/NNG
테스트/NNG
흥분/NNG
한화/NNP
응원/NNG
●/SW
도/VV
심/NNG
국회의원/NNG
떠난/VV~ETM
더욱이/MAG
검진/NNG
검증/NNG
탈/NNG
우연히/MAG
늘어났/VV~EP
앤/NNP
충주/NNP
심판/NNG
투입/NNG
350/SN
요한/NNP
시리아/NNP
올라가/VV~EC
들어왔/VV~EP
캄보디아/NNP
평양시/NNP
금년/NNG
매출/NNG
펼치/VV
공헌/NNG
치열/NNG
대표작/NNG
박/VV
혀/NNG
나갈/VX~ETM
들어갈/VV~ETM
확실히/MAG
임기/NNG
야외/NNG
여우/NNG
접/VV
올/VV~ETM
정해/VV~EC
어릴/VA~ETM
지켜/VV~EC
마크/NNG
여/NNG
막/NNG
배당/NNG
설득/NNG
득점/NNG
정/NNP
도대체/MAG
주년/NNB
해왔/XSV~EP
상원/NNG
선/VV~ETM
감추/VV
금방/MAG
윤곽/NNG
정치인/NNG
염증/NNG
블루/NNG
공전/NNG
써야/VV~EC
만성/NNG
나쁘/VA
플라스틱/NNG
가량/NNG
두부/NNG
주사/NNG
탄/VV~ETM
벌/VV
채우/VV
무한/NNG
신임/NNG
사직/NNG
유연/XR
삽입/NNG
밴드/NNG
로봇/NNG
다룬/VV~ETM
스코틀랜드/NNP
백인/NNG
전적/NNG
중위/NNG
슬픈/VA~ETM
철저히/MAG
몰랐/VV~EP
창의/NNG
예요/VCP~EF
공감/NNG
너머/NNG
택시/NNG
경주시/NNP
싱글/NNG
상관/NNG
이마/NNG
대상자/NNG
옵션/NNG
각도/NNG
페루/NNP
170/SN
구속/NNG
무려/MAG
망명/NNG
방침/NNG
외모/NNG
아무래도/MAG
공단/NNG
개봉/NNG
구할/VV~ETM
103/SN
충실/NNG
찾아가/VV
맘/NNG
시상/NNG
특허/NNG
생생/XR
충전/NNG
아테네/NNP
결의/NNG
약화/NNG
101/SN
소외/NNG
옥/NNG
하락/NNG
징크스/NNG
주주/NNG
일관/NNG
거칠/VA
복용/NNG
아이디어/NNG
단기/NNG
주어진/VV~ETM
심정/NNG
치/XSV~EC
생일/NNG
관해/VV~EC
매/MM
용이/XR
이끄/VV
중순/NNG
꺼내/VV
예쁜/VA~ETM
선전/NNG
진료/NNG
강한/VV~ETM
최선/NNG
담겨/VV~EC
이어진다/VV~EF
추적/NNG
셋/NR
최/NNP
신중/NNG
안팎/NNG
남겨/VV~EC
받아들여/VV~EC
익히/VV
침해/NNG
저고리/NNG
돌아갔/VV~EP
빚/NNG
개통/NNG
펀드/NNG
돼/VV~EC
㎏/SW
해야/XSA~EC
둘러싸여/VV~EC
사위/NNG
121/SN
판/NNB
말레이시아/NNP
변신/NNG
바꿔/VV~EC
비싼/VA~ETM
강사/NNG
도와/VV~EC
고백/NNG
완만/XR
귀중/XR
부각/NNG
반전/NNG
이민/NNG
고위/NNG
갓/MAG
해도/VX~EC
놀라운/VA~ETM
이어서/MAG
내려와/VV~EC
압박/NNG
리라/EC
사내/NNG
구슬/NNG
이게/NP~JKS
쓰였/VV~EP
주전/NNG
일생/NNG
장인/NNG
지연/NNG
봐도/VV~EC
거슬러/VV~EC
닥터/NNG
조인/NNG
울산/NNP
모/NNG
있/EC
저축/NNG
된다/XSV~EC
야기/NNG
걸린/VV~ETM
입주/NNG
영광/NNG
평정/NNG
일방/NNG
캘리포니아주/NNP
게/NNB~JKC
대두/NNG
벌였/VV~EP
필/NNB
휴가/NNG
블랙/NNG
화이트/NNG
유고슬라비아/NNP
시비/NNG
체크/NNG
언니/NNG
캘리포니아/NNP
다툼/NNG
저지/NNG
포스터/NNG
not/SL
자제/NNG
네티즌/NNG
지켜보/VV
1897/SN
우뚝/MAG
이사회/NNG
아쉽/VA
염려/NNG
동요/NNG
입찰/NNG
프랑크푸르트/NNP
예비/NNG
공산/NNG
테이블/NNG
로빈슨/NNP
모이/VV
어려서/VA~EC
레이/NNP
창립/NNG
느꼈/VV~EP
터지/VV
서문/NNG
대다수/NNG
육상/NNG
패키지/NNG
그물/NNG
진/VV~ETM
민감/XR
출범/NNG
또다시/MAG
반주/NNG
한번/NNG
수여/NNG
왕성/NNG
주된/VV~ETM
재직/NNG
마찰/NNG
정한/VV~ETM
토요일/NNG
신인/NNG
위축/NNG
반발/NNG
거친/VA~ETM
박람회/NNG
착수/NNG
스튜디오/NNG
쿠폰/NNG
의류/NNG
당초/NNG
가이드/NNG
아이템/NNG
동해/NNP
물론/NNG
평평/XR
논란/NNG
진주/NNG
된다/VV~EC
상상력/NNG
턱/NNG
앙리/NNP
인디언/NNG
영문/NNG
아끼/VV
가만히/MAG
끝내/VV
반환/NNG
부진/NNG
다/JX
피리/NNG
코미디/NNG
늘리/VV
수비수/NNG
아픈/VA~ETM
중동/NNP
레스토랑/NNG
전술/NNG
유족/NNG
오락/NNG
편하/VA
토마토/NNG
보안/NNG
금요일/NNG
독창/NNG
마감/NNG
건/EC
체력/NNG
징역/NNG
빌딩/NNG
응답/NNG
한층/MAG
모색/NNG
터널/NNG
힘입/VV
구도/NNG
어둠/NNG
평론가/NNG
답답/XR
조항/NNG
바꿀/VV~ETM
근래/NNG
1600/SN
울리/VV
복귀/NNG
폭탄/NNG
눈앞/NNG
푸/VV
동산/NNG
입맛/NNG
타격/NNG
기인/NNG
재즈/NNG
붙였/VV~EP
이용자/NNG
제재/NNG
왼손/NNG
좌석/NNG
총독/NNG
상하이/NNP
핀란드/NNP
밝혀졌/VV~EP
음향/NNG
열린다/VV~EF
인하/NNG
감안/NNG
모닝/NNG
안타/NNG
조국/NNG
사로잡/VV
기울이/VV
아웃/NNG
압도/NNG
체코/NNP
연맹/NNG
그려져/VV~EC
아예/MAG
호조/NNG
탈락/NNG
티셔츠/NNG
건의/NNG
감수/NNG
올라오/VV
다행히/MAG
똑같이/MAG
분기/NNG
한양/NNP
햇볕/NNG
낭만/NNG
텍사스/NNP
기부/NNG
헌신/NNG
무거운/VA~ETM
떨어졌/VV~EP
마드리드/NNP
동력/NNG
채/MAG
중계/NNG
108/SN
반해/VV~EC
달인/NNG
본/MM
꼽/VV
놓인/VV~ETM
모/MM
펼쳐지/VV
소망/NNG
슬기/NNG
물리치/VV
미친/VV~ETM
갈수록/VV~EC
불가/NNG
시카고/NNP
낼/VX~ETM
랑/JC
모/NP
급격히/MAG
흔들/VV
사인/NNG
개조/NNG
느리/VA
때때로/MAG
청사/NNG
전진/NNG
손예진/NNP
자신감/NNG
갖가지/NNG
쳤/VV~EP
탈/XPN
묘지/NNG
시범/NNG
냐/VCP~EC
막히/VV
백작/NNG
며/VCP~EC
240/SN
모스크바/NNP
대만/NNP
깜짝/MAG
합계/NNG
홈런/NNG
나/VA
횟수/NNG
3200/SN
더구나/MAG
입증/NNG
고루/MAG
형편/NNG
당했/VV~EP
쯤/NNG
좌절/NNG
타/MM
손학규/NNP
자외선/NNG
올려놓/VV
되찾/VV
으려는/ETM
1500/SN
방송국/NNG
증명서/NNG
물어보/VV
세밀/XR
마친/VV~ETM
일/VV
강변/NNG
우위/NNG
해명/NNG
양산/NNG
회수/NNG
급격/XR
꼽힌다/VV~EF
후회/NNG
격렬/XR
공략/NNG
배수/NNG
절감/NNG
끄/VV
모로코/NNP
조용히/MAG
승부/NNG
일자리/NNG
어느새/MAG
크로아티아/NNP
준/VV~ETM
우정/NNG
발매/NNG
정작/NNG
겁/NNG
라며/VCP~EC
더라구요/EF
원고/NNG
으뜸/NNG
연호/NNG
무서운/VA~ETM
쿠바/NNP
딱/MAG
종전/NNG
220/SN
굳이/MAG
원작/NNG
원망/NNG
캠페인/NNG
모서리/NNG
막대/XR
무명/NNG
107/SN
천국/NNG
117/SN
한눈/NNG
박스/NNG
판정/NNG
가져다/VV~EC
매주/MAG
물음/NNG
상공/NNG
된다면/VV~EC
성지/NNG
기다렸/VV~EP
비상/NNG
이어졌/VV~EP
키워/VV~EC
예선/NNG
철수/NNG
만년/NNG
두려움/NNG
나눠/VV~EC
메이저/NNG
게시판/NNG
계시/VV
자질/NNG
사라졌/VV~EP
희귀/XR
하고/JKB
달랐/VA~EP
무형/NNG
주일/NNB
자크/NNP
고지/NNG
작년/NNG
접어들/VV
암시/NNG
건전/NNG
막내/NNG
비자/NNG
합동/NNG
붙잡/VV
속해/VV~EC
친절/NNG
니/NP
꺾/VV
느낀/VV~ETM
비싸/VA
포착/NNG
전했/VV~EP
마산/NNP
낯선/VA~ETM
마이클/NNP
삭제/NNG
사연/NNG
사운드/NNG
다운/XSA~ETM
리듬/NNG
빈곤/NNG
115/SN
업/VV
106/SN
무너지/VV
새겨/VV~EC
머물렀/VV~EP
정말로/MAG
이럴/VA~ETM
은지/EC
묻혀/VV~EC
던져/VV~EC
지나친/VA~ETM
정선/NNP
기질/NNG
청색/NNG
윤/NNP
척추/NNG
루마니아/NNP
등산/NNG
신청서/NNG
그야말로/MAG
업/NNG
범하/VV
들여/VV~EC
쌓여/VV~EC
침묵/NNG
날카로운/VA~ETM
음악가/NNG
개원/NNG
모험/NNG
초청/NNG
쟁이/XSN
중국어/NNP
춘천/NNP
주고받/VV
투구/NNG
줄/VV
록/NNG
사격/NNG
한류/NNG
통보/NNG
단속/NNG
호화/NNG
초콜릿/NNG
살아남/VV
가뭄/NNG
고시/NNG
제휴/NNG
머금/VV
다시피/EC
달콤/XR
마/VV
서/JKS
여의도/NNP
총괄/NNG
통신사/NNG
벌레/NNG
비하/VV
회관/NNG
풀리/VV
외면/NNG
기념관/NNG
전년/NNG
뺀/VV~ETM
△/SW
고양시/NNP
123/SN
됐다./VV~EC
했었/XSV~EP
280/SN
원주/NNP
골라/VV~EC
루이스/NNP
외곽/NNG
당했/XSV~EP
일환/NNG
아님/VCN~ETN
보낼/VV~ETM
사제/NNG
개막전/NNG
장거리/NNG
대폭/MAG
비단/MAG
기다려/VV~EC
해온/XSV~ETM
슬프/VA
강등/NNG
한두/MM
결혼식/NNG
독도/NNP
최상/NNG
무언가/NP~EC
에겐/JKB
취약/NNG
명분/NNG
규약/NNG
생계/NNG
레코드/NNG
관계없이/MAG
격파/NNG
채워/VV~EC
높여/VV~EC
여서/VCP~EC
약자/NNG
합쳐/VV~EC
비해서/VV~EC
세르비아/NNP
신탁/NNG
전념/NNG
마음대로/MAG
코리아/NNP
134/SN
당일/NNG
뒤집/VV
오렌지/NNG
찾아오/VV
사이즈/NNG
소속사/NNG
준/XPN
둘러/VV~EC
드문/VA~ETM
수산/NNG
따지/VV
미안/NNG
취한/VV~ETM
알제리/NNP
인프라/NNG
노트/NNG
발발/NNG
중추/NNG
실장/NNG
112/SN
틀림없/VA
호남/NNP
실망/NNG
면허/NNG
클래식/NNG
좀비/NNG
노릇/NNG
카자흐스탄/NNP
맡기/VV
각자/MAG
엘리자베스/NNP
내쉬/VV
달라지/VV
온통/MAG
사단/NNG
흔들리/VV
야당/NNG
미쳤/VV~EP
착한/VA~ETM
회상/NNG
주차/NNG
일으킨/VV~ETM
방치/NNG
살려/VV~EC
우연/NNG
탱크/NNG
찬물/NNG
수시로/MAG
갈매기/NNG
습격/NNG
전성기/NNG
두려워하/VV
이틀/NNG
이내/MAG
구사/NNG
열기/NNG
작사/NNG
낼/VV~ETM
안무/NNG
깔끔/XR
도보/NNG
뒷받침/NNG
696/SN
순천/NNP
동포/NNG
잡히/VV
덜/VV
태풍/NNG
한꺼번에/MAG
포수/NNG
후배/NNG
한동안/NNG
4000/SN
113/SN
이어받/VV
실존/NNG
사이버/NNG
미니/NNG
송이/NNG
점화/NNG
명백/XR
할리우드/NNP
털/VV
올린다/VV~EF
맞서/VV~EC
피할/VV~ETM
천명/NNG
끼워/VV~EC
도저히/MAG
개구리/NNG
어/NNG
길거리/NNG
서구/NNG
존속/NNG
그랬/VA~EP
마사지/NNG
매/NNB
할지/VX~EC
가속/NNG
토마스/NNP
교장/NNG
이바지/NNG
페스티벌/NNG
모범/NNG
물러나/VV
콜롬비아/NNP
레드/NNG
승/NNG
인테리어/NNG
자존심/NNG
단장/NNG
펼쳐/VV~EC
푹/MAG
괴물/NNG
모인/VV~ETM
내셔널/NNG
짚/VV
합니다/XSV~EC
총장/NNG
계열사/NNG
취소/NNG
꼽히/VV
창간/NNG
감탄/NNG
창덕궁/NNP
승용차/NNG
시정/NNG
소/EC
지르/VV
자르/VV
450/SN
영남/NNP
과시/NNG
손바닥/NNG
출장/NNG
차트/NNG
비트/NNG
서정/NNG
아치/NNG
별다른/VA~ETM
면모/NNG
천재/NNG
수당/NNG
요령/NNG
취향/NNG
염두/NNG
금전/NNG
는/VV~ETM
위탁/NNG
창원/NNP
건너가/VV~EC
나갈/VV~ETM
대사관/NNG
소모/NNG
교대/NNG
숙소/NNG
주어지/VV
뻔/NNB
변한/VV~ETM
음모/NNG
낫/VA
귀한/VA~ETM
고르/VV
기/VV
가요/NNG
구가/NNG
한방/NNG
진지/XR
절정/NNG
화이트/NNP
예고/NNG
날리/VV
불리/NNG
열쇠/NNG
단다/EF
대체/MAG
부른/VV~ETM
잖/EC
대수/NNG
가담/NNG
토고/NNG
종로구/NNP
126/SN
전복/NNG
발탁/NNG
배상/NNG
우세/NNG
시야/NNG
광주광역시/NNP
냐고/EC
선진/NNG
발목/NNG
입장권/NNG
앞두/VV
잠재/NNG
일화/NNG
권유/NNG
엔터테인먼트/NNG
212/SN
군단/NNG
방학/NNG
은퇴/NNG
긴급/NNG
방패/NNG
연이/VV
전방/NNG
109/SN
달러/NNG
냈/VV~EP
문구/NNG
몰두/NNG
어려울/VA~ETM
장애물/NNG
극심/XR
멋지/VA
포화/NNG
국내외/NNG
붐/NNG
유출/NNG
캠프/NNG
표출/NNG
받아들일/VV~ETM
합작/NNG
132/SN
가/XPN
올/MM
122/SN
받아들였/VV~EP
워낙/MAG
자본금/NNG
전임/NNG
가짜/NNG
연설/NNG
멀티미디어/NNG
티베트/NNP
스러워/XSA~EC
이남/NNG
언젠가/MAG
유난히/MAG
ㆍ/NNG
치/NNB
고맙/VA
끼쳤/VV~EP
행운/NNG
지체/NNG
벌어진/VV~ETM
달한다/VV~EF
신곡/NNG
달래/VV
빠졌/VV~EP
누락/NNG
집회/NNG
한민족/NNP
옥천/NNP
참가자/NNG
다큐멘터리/NNG
나이지리아/NNP
가져왔/VV~EP
열풍/NNG
머물러/VV~EC
확고/XR
흡사/MAG
일산/NNP
불가리아/NNP
일지/VCP~EC
격/NNB
되풀이/NNG
내린다/VV~EF
투어/NNG
자매/NNG
벌어졌/VV~EP
존스/NNP
이점/NNG
증언/NNG
바쁜/VA~ETM
앞바다/NNG
자정/NNG
상세히/MAG
무섭/VA
간/VX~ETM
오를/VV~ETM
서산/NNP
조언/NNG
중도/NNG
정수/NNG
흥행/NNG
치렀/VV~EP
놓치/VV
마구/MAG
싸웠/VV~EP
신랑/NNG
켜/VV
리더/NNG
봐/VX~EC
둥지/NNG
포도주/NNG
후보자/NNG
수석/NNG
넘기/VV
걸렸/VV~EP
이쁘/VA
장엄/NNG
인자/NNG
뮌헨/NNP
견고/XR
펼쳐진/VV~ETM
나눈/VV~ETM
전수/NNG
에피소드/NNG
효자/NNG
1892/SN
왕복/NNG
요원/NNG
답니다/EC
베네수엘라/NNP
잭슨/NNP
내년/NNG
선도/NNG
하와이/NNP
어쩌/VV
신흥/NNG
가라앉/VV
연말/NNG
대승/NNG
노조/NNG
210/SN
광/NNG
여동생/NNG
조종/NNG
거론/NNG
수련/NNG
뿌려/VV~EC
억지로/MAG
자칫/MAG
트랙/NNG
별명/NNG
머무르/VV
떠올리/VV
자란/VV~ETM
김민기/NNP
윤도현/NNP
꿇/VV
어우러져/VV~EC
텐데/NNB~EC
라이트/NNG
수수료/NNG
미션/NNG
타임/NNG
상정/NNG
기수/NNG
밝힌/VV~ETM
섰/VV~EP
중남미/NNP
1893/SN
더라/EF
짖/VV
안방/NNG
가파른/VA~ETM
침투/NNG
당황/NNG
시전/NNG
전락/NNG
뉴욕주/NNP
모았/VV~EP
신세/NNG
입국/NNG
전당/NNG
간략/XR
말리/VV
위력/NNG
발족/NNG
강좌/NNG
노무현/NNP
근교/NNG
111/SN
영리/NNG
상관없이/MAG
타이틀/NNG
진도/NNP
모은/VV~ETM
관중/NNG
주식회사/NNG
직면/NNG
넘어서/VV
잦/VA
오가/VV
앞서/VV
키/XSV~ETN
상의/NNG
배운/VV~ETM
행진/NNG
걸맞/VA
－/SW
주자/NNP
납치/NNG
스쿨/NNG
끼치/VV
나들이/NNG
벌인/VV~ETM
차/VV~EC
패스/NNG
힙합/NNG
아쉬운/VA~ETM
올릴/VV~ETM
대행/NNG
매번/MAG
중립/NNG
구단/NNG
실감/NNG
된다면/XSV~EC
섞인/VV~ETM
지루/XR
풍성/XR
여당/NNG
불가피/XR
잃어버린/VV~ETM
영동/NNP
위태/XR
버릴/VX~ETM
260/SN
137/SN
솔직/XR
세네갈/NNP
유/NNP
임/NNG
발상/NNG
장정/NNG
협의회/NNG
예절/NNG
운동장/NNG
벌금/NNG
총체/NNG
이윽고/MAG
꾸/VV
바란다/VV~EF
이천/NNP
협박/NNG
지녔/VV~EP
하드/NNG
비치/VV
이사장/NNG
대동/NNG
하순/NNG
일으킬/VV~ETM
짜증/NNG
경연/NNG
기세/NNG
예언/NNG
010/SN
스펙트럼/NNG
190/SN
목요일/NNG
시달리/VV
칩/NNG
오늘/MAG
경영학/NNG
주역/NNG
애초/NNG
잡힌/VV~ETM
남미/NNP
인센티브/NNG
향했/VV~EP
기한/NNG
각광/NNG
고취/NNG
동행/NNG
필립/NNP
한결같이/MAG
선임/NNG
알/NNP
중재/NNG
제왕/NNG
동문/NNG
제천/NNP
전액/NNG
진상/NNG
마쳤/VV~EP
했었/VV~EP
국기/NNG
제작자/NNG
적절히/MAG
코스닥/NNG
재고/NNG
피곤/NNG
124/SN
관람객/NNG
내릴/VV~ETM
상하/VV
통용/NNG
업계/NNG
가닥/NNG
지팡이/NNG
비명/NNG
고성군/NNP
풋/XPN
옮긴/VV~ETM
이색/NNG
세례/NNG
129/SN
폭로/NNG
175/SN
플로리다주/NNP
국장/NNG
지부/NNG
진짜/MAG
예리/XR
기용/NNG
척도/NNG
처치/NNG
총재/NNG
생전/NNG
헛/XPN
남양주/NNP
유독/MAG
이른/VV~ETM
펄스/NNG
의욕/NNG
전시장/NNG
가량/NNB
천안/NNP
북미/NNP
공모/NNG
라서/VCP~EC
여/JKV
유력/NNG
파격/NNG
나선/VV~ETM
과천/NNP
체조/NNG
피지/NNG
이어진/VV~ETM
연달/VV
이겨/VV~EC
쇼핑몰/NNG
아담/NNP
살펴볼/VV~ETM
경찰서/NNG
받치/VV
사임/NNG
눈빛/NNG
보유자/NNG
연구회/NNG
동참/NNG
지킬/VV~ETM
증발/NNG
차리/VV
돋보이/VV
노리/VV
독수리/NNG
유망/NNG
케/XSA~EC
케냐/NNP
파리/NNG
꾸준/XR
지장/NNG
역동/NNG
칠/VV~ETM
데이비드/NNP
안양/NNP
틀/VV
와중/NNG
내세우/VV
역전/NNG
즉시/MAG
볼거리/NNG
샀/VV~EP
으리라/EC
루소/NNP
놀랍/VA
머리카락/NNG
사우디/NNP
재개/NNG
중고/NNG
쳐/VV~EC
챙기/VV
연예/NNG
보강/NNG
어라/EC
거둔/VV~ETM
발자국/NNG
％/SW
북경/NNP
본다/VX~EF
홍/NNP
링/NNG
상반기/NNG
133/SN
식/VV
화력/NNG
레이더/NNG
월드/NNG
강릉시/NNP
갈라진/VV~ETM
단조/NNG
단추/NNG
박정희/NNP
기점/NNG
배송/NNG
판타지/NNG
가져온/VV~ETM
배포/NNG
함양/NNG
주축/NNG
박자/NNG
나사/NNG
부천/NNP
사나이/NNG
보답/NNG
연중/NNG
농담/NNG
선두/NNG
아메리칸/NNG
전보/NNG
파티/NNG
만/NNG
무산/NNG
솔직히/MAG
목포/NNP
불의/NNG
더러/JKB
잡음/NNG
주저/NNG
변했/VV~EP
애인/NNG
본받/VV
소극/NNG
이튿날/NNG
컬투/NNG
마약/NNG
균/NNG
드러났/VV~EP
한껏/MAG
보여준/VV~ETM
보인/VV~ETM
이룰/VV~ETM
145/SN
이은/VV~ETM
면하/VV
돌아갈/VV~ETM
호응/NNG
안타깝/VA
귀환/NNG
미팅/NNG
6000/SN
위해선/VV~JX
아가씨/NNG
해보/VV
118/SN
탔/VV~EP
개수/NNG
코트/NNG
순식간/NNG
꼼꼼히/MAG
배분/NNG
마리/NNP
현/NNP
케이스/NNG
그걸/NP~JKO
남아프리카공화국/NNP
작위/NNG
여가/NNG
파주/NNP
플로리다/NNP
기울/VV
깔려/VV~EC
오브/NNG
따른다/VV~EF
막강/NNG
배정/NNG
시청자/NNG
본토/NNG
향한다/VV~EF
프로듀서/NNG
시티/NNG
플레이어/NNG
국면/NNG
고령/NNG
몰려/VV~EC
전날/NNG
만점/NNG
점프/NNG
보낸다/VV~EF
잡혀/VV~EC
반지/NNG
누나/NNG
봤/VX~EP
청각/NNG
리/NNP
통틀/VV
더위/NNG
성주/NNP
수놓/VV
파워/NNG
일일이/MAG
두통/NNG
컨트롤/NNG
포럼/NNG
의결/NNG
격려/NNG
수위/NNG
탄성/NNG
고소/NNG
상임/NNG
화성/NNP
오래전/NNG
찌르/VV
136/SN
불신/NNG
혈/NNG
표명/NNG
무겁/VA
마스크/NNG
용산/NNP
한숨/NNG
방영/NNG
게끔/EC
사이클/NNG
약품/NNG
도래/NNG
밸리/NNG
일어서/VV
떨리/VV
메일/NNG
신/NNP
사흘/NNG
실명/NNG
검열/NNG
ㆍ/SP
봐/VV~EC
평상시/NNG
제압/NNG
컨디션/NNG
바쁘/VA
명단/NNG
양측/NNG
탈퇴/NNG
평점/NNG
아라/EC
뉴/NNG
207/SN
강철/NNG
인지/VCP~EF
전해졌/VV~EP
일가/NNG
황태자/NNG
폭풍/NNG
가평/NNP
142/SN
수려/XR
스프링/NNG
속초/NNP
단행/NNG
영화사/NNG
엘/JKB
쓰여/VV~EC
어려워/VA~EC
사라진/VV~ETM
펼쳤/VV~EP
우상/NNG
침착/NNG
당부/NNG
막론/XR
몰라도/VV~EC
1877/SN
모조리/MAG
들어선/VV~ETM
반대편/NNG
날려/VV~EC
밀라노/NNP
한창/MAG
접할/VV~ETM
세인트/NNP
영/NNP
제철/NNG
성사/NNG
자의/NNG
드라이브/NNG
허공/NNG
아쉬움/NNG
필드/NNG
사슬/NNG
사무국/NNG
실책/NNG
대여/NNG
스러웠/XSA~EP
김포/NNP
관광부/NNG
군산/NNP
발가락/NNG
지목/NNG
취해/VV~EC
라틴/NNP
수렴/NNG
양보/NNG
용인/NNP
은근히/MAG
괜히/MAG
더듬/VV
쿠웨이트/NNP
지켰/VV~EP
해질/XSA~ETM
첨부/NNG
헤드/NNG
주어진다/VV~EF
활기/NNG
경쾌/XR
나마/JX
맏/XPN
냐/VCP~EF
생명력/NNG
어렸/VA~EP
남짓/NNB
판독/NNG
책임지/VV
가져가/VV
파나마/NNP
255/SN
튀/VV
거/VV
부를/VV~ETM
구/VCP~EC
마술/NNG
순정/NNG
뭉쳐/VV~EC
으라고/EC
가져/VV~EC
거친/VV~ETM
공명/NNG
맛보/VV
모의/NNG
확충/NNG
연루/NNG
걸린다/VV~EF
고승/NNG
모바일/NNG
건재/NNG
따름/NNB
수년/NNG
이어질/VV~ETM
기력/NNG
입원/NNG
가려/VV~EC
일조/NNG
통장/NNG
창구/NNG
교도소/NNG
못지않/VA
교통사고/NNG
씨름/NNG
도박/NNG
마세요/VX~EF
평창/NNP
재벌/NNG
연/VV~ETM
당해/VV~EC
돌렸/VV~EP
달/NNB
다름없/VA
벼랑/NNG
시어머니/NNG
반박/NNG
놀랐/VV~EP
소크라테스/NNP
마셨/VV~EP
미끼/NNG
맞서/VV
근접/NNG
만만/XR
들어섰/VV~EP
154/SN
다고/EF
저지른/VV~ETM
민사/NNG
알렉산더/NNP
끊이/VV
달아나/VV
이뤄지/VV
부끄러운/VA~ETM
빌리/VV
추후/NNG
염원/NNG
긴밀/XR
변모/NNG
순조/NNG
208/SN
반/NNP
누적/NNG
두렵/VA
▲/SW
우크라이나/NNP
떨어진다/VV~EF
카메룬/NNP
끝날/VV~ETM
우즈베키스탄/NNP
표방/NNG
미스터/NNG
연예인/NNG
달/VA
느껴졌/VV~EP
일제히/MAG
권/NNP
세심/XR
그간/NNG
도출/NNG
경보/NNG
실시간/NNG
경영자/NNG
포크/NNG
미처/MAG
등판/NNG
버티/VV
별개/NNG
손길/NNG
1200/SN
낙찰/NNG
550/SN
히트/NNG
숨기/VV
온다/VV~EF
경직/NNG
미흡/NNG
손쉽/VA
승자/NNG
자회사/NNG
대포/NNG
레이스/NNG
빌/NNP
떠난다/VV~EF
벌리/VV
추/NNG
계보/NNG
빨간/VA~ETM
서초구/NNP
줄여/VV~EC
마이크/NNG
죄수/NNG
함정/NNG
기쁘/VA
알렸/VV~EP
측근/NNG
스미스/NNP
잔뜩/MAG
진로/NNG
하강/NNG
365/SN
잔디/NNG
팩스/NNG
솔/NNG
배울/VV~ETM
회견/NNG
토머스/NNP
사퇴/NNG
낀/VV~ETM
땅콩/NNG
아이콘/NNG
리얼/NNG
국유/NNG
딴/MM
앞둔/VV~ETM
키스/NNG
프란체스코/NNP
나간/VX~ETM
가르/VV
여/VV
프리드리히/NNP
131/SN
싸/VA
피트/NNB
유예/NNG
종사자/NNG
느냐는/ETM
157/SN
수요일/NNG
거액/NNG
순종/NNG
풍미/NNG
파크/NNG
남/NNP
코너/NNG
배후/NNG
수호신/NNG
8000/SN
타고난/VV~ETM
나간/VV~ETM
두세/MM
거래소/NNG
빼어난/VA~ETM
엘리트/NNG
샌드위치/NNG
만개/NNG
그/VV
루/JKB
143/SN
부상자/NNG
일간지/NNG
느냐고/EC
시합/NNG
해왔/VV~EP
석/NNG
퀴즈/NNG
과감/XR
다는데/EC
이닝/NNG
때리/VV
소집/NNG
수성/NNG
호전/NNG
해요/VV~EF
후반부/NNG
추락/NNG
해/VX~EF
340/SN
첫날/NNG
입장료/NNG
상체/NNG
뛰어들/VV
폭격/NNG
무관/NNG
포드/NNP
늪/NNG
빅토리아/NNP
더미/NNG
동유럽/NNP
병역/NNG
타/NNG
오만/NNG
창단/NNG
미묘/XR
히트곡/NNG
격차/NNG
중년/NNG
순차/NNG
요양/NNG
편집장/NNG
148/SN
드라이버/NNG
쏟아져/VV~EC
털어놓/VV
형국/NNG
라이브/NNG
7000/SN
부회장/NNG
쉴/VV~ETM
까다로운/VA~ETM
총액/NNG
141/SN
부풀/VV
반원/NNG
손목/NNG
개정안/NNG
봐야/VV~EC
기증/NNG
려던/ETM
유료/NNG
오죽/MAG
루수/NNG
태극/NNG
돌아올/VV~ETM
궁금증/NNG
업그레이드/NNG
꺼지/VV
어차피/MAG
장시간/NNG
풍선/NNG
기아/NNP
기울였/VV~EP
약점/NNG
본선/NNG
보인다/VV~EC
타구/NNG
146/SN
응모/NNG
부스/NNG
양배추/NNG
티/NNG
185/SN
다짐/NNG
공문/NNG
교육감/NNG
누렸/VV~EP
공수/NNG
로스앤젤레스/NNP
입문/NNG
할지/XSV~EC
복무/NNG
학업/NNG
기껏/MAG
구애/NNG
지자체/NNG
덧붙였/VV~EP
동물원/NNG
익산/NNP
부시/NNP
황/NNP
221/SN
탁구/NNG
우루과이/NNP
반갑/VA
모른다는/VV~ETM
방한/NNG
현대/NNP
회의실/NNG
꿰/VV
류현진/NNP
신작/NNG
약관/NNG
단서/NNG
번창/NNG
프랑크/NNP
강진/NNP
빨간색/NNG
152/SN
수교/NNG
자사/NNG
허벅지/NNG
구/NR
당할/VV~ETM
굽/VA
외출/NNG
박탈/NNG
장마/NNG
시동/NNG
공통점/NNG
해줄/XSV~ETM
합니다/XSA~EC
오사카/NNP
시급/XR
안정감/NNG
대박/NNG
동명/NNG
민/NNG
초보자/NNG
외우/VV
저해/NNG
능하/VA
들여다보/VV
검지/NNG
우익/NNG
유니폼/NNG
성남시/NNP
금빛/NNG
다니엘/NNP
310/SN
데이/NNG
스페셜/NNG
가급적/MAG
시차/NNG
교도/NNG
봐야/VX~EC
메인/NNG
운영자/NNG
테니스/NNG
판매량/NNG
숙이/VV
내보내/VV
무술/NNG
혜성/NNG
흘렀/VV~EP
포스트/NNG
고인/NNG
작별/NNG
재활/NNG
내세운/VV~ETM
219/SN
모처럼/MAG
보복/NNG
겨냥/NNG
섹시/NNG
고양/NNG
의외/NNG
다비드/NNP
안타까운/VA~ETM
에밀/NNP
영장/NNG
대거/MAG
내세워/VV~EC
216/SN
마켓/NNG
흘러내리/VV
밀착/NNG
첩보/NNG
그리움/NNG
전업/NNG
조제/NNG
텃밭/NNG
진수/NNG
168/SN
교토/NNP
열광/NNG
드럼/NNG
우월/NNG
흉상/NNG
갈라/VV~EC
머무/VV
동계/NNG
점포/NNG
주니어/NNG
진다./VX~EF
꿰뚫/VV
기소/NNG
알아내/VV
고비/NNG
수영장/NNG
쏟아지/VV
사무총장/NNG
채운/VV~ETM
만지/VV
한가/XSA~EC
수표/NNG
친/VV~ETM
과언/NNG
201/SN
달했/VV~EP
감격/NNG
거장/NNG
출석/NNG
후원자/NNG
국무/NNG
재발/NNG
세척/NNG
사춘기/NNG
버렸/EC
하이/NNG
불어넣/VV
열렬/XR
효용/NNG
나타냈/VV~EP
만난다/VV~EF
기습/NNG
172/SN
그쳤/VV~EP
다저스/NNP
대명사/NNG
리라는/ETM
내/VV~EC
해약/NNG
오른다/VV~EF
선보이/VV
153/SN
여겨졌/VV~EP
조만간/MAG
잇달/VV
198/SN
괴롭히/VV
안산/NNP
213/SN
정오/NNG
충고/NNG
메리/NNP
god/SL
홍천/NNP
후유증/NNG
힘차/VA
톰/NNP
포워드/NNG
192/SN
막혀/VV~EC
히틀러/NNP
마틴/NNP
롯데/NNP
공연장/NNG
선다/VV~EF
퇴치/NNG
지쳐/VV~EC
151/SN
긁/VV
내주/VV
모세/NNP
겨루/VV
힘내/VV
베스트/NNG
헤아릴/VV~ETM
러닝/NNG
최악/NNG
분업/NNG
206/SN
눈동자/NNG
파울/NNG
연패/NNG
유품/NNG
더라면/EC
번트/NNG
열거/NNG
조례/NNG
케네디/NNP
바꾼/VV~ETM
세미나/NNG
허무/NNG
제동/NNG
이종욱/NNP
뒤늦/VA
튜브/NNG
182/SN
동대문/NNP
원주/NNG
이송/NNG
고/MM
떠올랐/VV~EP
마실/VV~ETM
방황/NNG
야심/NNG
팔꿈치/NNG
이적/NNG
마포/NNP
수차례/NNG
고난/NNG
강연/NNG
결단/NNG
올라온/VV~ETM
해져서/XSA~EC
야수/NNG
굽히/VV
자매결연/NNG
찬사/NNG
나요/EC
178/SN
205/SN
결국/MAG
집어넣/VV
야/IC
양구/NNP
다지/VV
서자/NNG
연락처/NNG
내려왔/VV~EP
176/SN
school/SL
에로스/NNG
탑승/NNG
페이스/NNG
의아/NNG
양복/NNG
경품/NNG
탐지/NNG
펼쳐진다/VV~EF
포털/NNG
뽐내/VV
202/SN
불변/NNG
눈부신/VA~ETM
호평/NNG
가도/NNG
자진/NNG
국산/NNG
다치/VV
달렸/VV~EP
벗어날/VV~ETM
넘나들/VV
능가/NNG
195/SN
친정/NNG
은밀/XR
375/SN
굴뚝/NNG
성기/NNG
승화/NNG
풍/NNG
한심/XR
등극/NNG
건네/VV
트럭/NNG
동두천/NNP
메우/VV
코치/NNG
폭파/NNG
송파구/NNP
빅/NNG
덧붙여/VV~EC
타이/NNG
cm/SW
1400/SN
상금/NNG
앨런/NNP
174/SN
봐서/VV~EC
연마/NNG
열악/XR
초빙/NNG
뺨/NNG
싸이/VV
슬로베니아/NNP
건/VCP~EC
만끽/NNG
부응/NNG
솔로/NNG
각오/NNG
기꺼이/MAG
기량/NNG
뿜/VV
졌/VV~EP
산학/NNG
분당/NNP
줄곧/MAG
하/NNP
톱/NNG
로프/NNG
퀄리티/NNG
마신/VV~ETM
선상/NNG
196/SN
샷/NNG
출발점/NNG
터진/VV~ETM
투/NNB
브라운/NNP
즐비/XR
177/SN
여사/NNG
가로막/VV
쓴맛/NNG
폐해/NNG
209/SN
이목/NNG
친분/NNG
깊숙이/MAG
높일/VV~ETM
빠짐없이/MAG
탈피/NNG
계약금/NNG
산골/NNG
요망/NNG
밀려/VV~EC
특집/NNG
수식어/NNG
집/NNB
달리기/NNG
정황/NNG
멋있/VA
카이로/NNP
강점/NNG
오랜만/NNG
노을/NNG
색다른/VA~ETM
숙명/NNG
종주/NNG
움직여/VV~EC
러브/NNG
공세/NNG
세/VV
케이크/NNG
추격/NNG
백미/NNG
테일러/NNP
판명/NNG
뒤지/VV
영화감독/NNG
이상훈/NNP
분과/NNG
순회/NNG
마인드/NNG
222/SN
범행/NNG
응하/VV
최다/NNG
재치/NNG
정국/NNG
더라/EC
께/XSN
친숙/NNG
멜로디/NNG
아깝/VA
타/VV~EC
바뀐/VV~ETM
바르셀로나/NNP
스케치/NNG
149/SN
선보였/VV~EP
원/IC
강팀/NNG
친근/XR
159/SN
만연/NNG
며/EF
해결책/NNG
215/SN
개발도상국/NNG
레저/NNG
서남/NNG
바이에른/NNP
밀리/VV
입성/NNG
화교/NNG
부동/NNG
꼼짝/MAG
던졌/VV~EP
일간/NNG
뮤지션/NNG
앤드/NNG
얽혀/VV~EC
골프장/NNG
교포/NNG
석상/NNG
해요/XSV~EF
9000/SN
내정/NNG
사업부/NNG
단/VV~ETM
예감/NNG
올라서/VV
초고/NNG
출국/NNG
힘들/VA~ETM
국외/NNG
책정/NNG
딴/VV~ETM
성대/XR
프랭크/NNP
안녕/IC
오프라인/NNG
드러냈/VV~EP
재차/MAG
채비/NNG
속마음/NNG
두터운/VA~ETM
타오르/VV
비너스/NNP
터져/VV~EC
일품/NNG
골키퍼/NNG
수구/NNG
자못/MAG
찼/VV~EP
초창기/NNG
해/XSA~EF
딱지/NNG
대패/NNG
쓸/VV
벤치/NNG
벨/NNP
타이밍/NNG
그라운드/NNG
서른/NR
골절/NNG
특혜/NNG
실점/NNG
체인/NNG
서두/NNG
성원/NNG
응급/NNG
라는데/EC
리드/NNG
증정/NNG
쓰촨성/NNP
샌프란시스코/NNP
한마음/NNG
설득력/NNG
164/SN
말뚝/NNG
스케줄/NNG
누릴/VV~ETM
모리스/NNP
메달/NNG
포항/NNP
봉사단/NNG
내려앉/VV
스태프/NNG
장갑/NNG
은폐/NNG
곁들여/VV~EC
258/SN
각막/NNG
바꿨/VV~EP
베이비/NNG
깊숙/XR
반감/NNG
사생활/NNG
십자/NNG
줬/VX~EP
214/SN
내려갔/VV~EP
농협/NNP
마일/NNB
허/NNG
과천시/NNP
살아온/VV~ETM
유년/NNG
◇/SW
한적/XR
일본식/NNG
패전/NNG
고양/NNP
서양인/NNG
온/EC
집계/NNG
말소/NNG
지독/XR
냐는/ETM
방콕/NNP
열성/NNG
도약/NNG
귀가/NNG
누드/NNG
380/SN
손꼽히/VV
겸비/NNG
기묘/XR
마련하여/NNG~EC
챔피언/NNG
193/SN
남아공/NNP
그래서/VA~EC
복역/NNG
중형/NNG
개막/NNG
1660/SN
앵글/NNG
다녀온/VV~ETM
실전/NNG
211/SN
득표/NNG
비바람/NNG
군기/NNG
시드니/NNP
다가왔/VV~EP
기색/NNG
마냥/MAG
클/VA~ETM
보컬/NNG
메이커/NNG
출품/NNG
신생/NNG
종아리/NNG
자선/NNG
단식/NNG
드나들/VV
불안감/NNG
금세/MAG
194/SN
아마추어/NNG
웨스트/NNP
들여다/VV~EC
미스/NNG
스릴러/NNG
사수/NNG
몰입/NNG
소총/NNG
잭/NNP
메트로폴리탄/NNG
여배우/NNG
박수/NNG
물러났/VV~EP
암스테르담/NNP
빨라/VA~EC
여지/NNB
수락/NNG
나날/NNG
마포구/NNP
두드러진/VA~ETM
논평/NNG
취득세/NNG
피살/NNG
sbs/SL
달아났/VV~EP
정반대/NNG
기약/NNG
모차르트/NNP
선봉/NNG
어딘가/NP~EC
흘려/VV~EC
걸/NNG
임하/VV
잠수함/NNG
경이/NNG
평의회/NNG
원만/XR
통통/MAG
마우스/NNG
일대/MM
사랑방/NNG
익혀/VV~EC
달라붙/VV
진루/NNG
던데/EC
시켰/VV~EP
앞선/VV~ETM
멎/VV
환경오염/NNG
좀처럼/MAG
한일/NNP
라이프/NNG
미덕/NNG
태백/NNP
함평/NNP
싸여/VV~EC
환하/VA
대등/NNG
봉쇄/NNG
속했/VV~EP
지갑/NNG
도왔/VV~EP
반납/NNG
르누아르/NNP
속도감/NNG
원단/NNG
뜻대로/MAG
냉정/NNG
묻히/VV
224/SN
띄워/VV~EC
재기/NNG
징계/NNG
공표/NNG
370/SN
원동력/NNG
지양/NNG
관동/NNP
찬/NNG
관련자/NNG
삼진/NNG
팀장/NNG
존/NNG
강국/NNG
보상금/NNG
스타트/NNG
토레스/NNP
618/SN
보고/JKB
리더십/NNG
존슨/NNP
여러모로/MAG
빅토르/NNP
중원/NNP
맨체스터/NNP
아나운서/NNG
한판/NNG
나이트/NNG
리메이크/NNG
아시아인/NNG
입수/NNG
490/SN
처해/VV~EC
권총/NNG
표류/NNG
한결/MAG
늘어난/VV~ETM
출마/NNG
남극/NNP
마주치/VV
한나라당/NNP
휘두르/VV
프리/NNG
상무/NNG
고작/MAG
비법/NNG
전전/NNG
진통/NNG
당당히/MAG
영예/NNG
조짐/NNG
발표회/NNG
태권도/NNG
펭귄/NNG
경감/NNG
공격수/NNG
하대/NNG
핑크/NNG
어찌나/MAG
인준/NNG
지울/VV~ETM
침몰/NNG
광주시/NNP
낙후/NNG
전주시/NNP
음색/NNG
페르난도/NNP
서초동/NNP
도루/NNG
드러낸/VV~ETM
197/SN
▲/NNP
공기업/NNG
313/SN
매치/NNG
소감/NNG
충실히/MAG
포지션/NNG
신진/NNG
김천/NNP
디즈니/NNP
미녀/NNG
부천시/NNP
훔친/VV~ETM
휴게소/NNG
203/SN
위세/NNG
엿보/VV
전한/VV~ETM
한다면/XSV~EF
못한다/VX~EC
배급/NNG
았었/EP
잔류/NNG
시일/NNG
인천시/NNP
진군/NNG
토종/NNG
편곡/NNG
무주/NNP
탕/NNG
허약/NNG
조항조/NNG
대열/NNG
포옹/NNG
470/SN
여지/NNG
듬뿍/MAG
돋우/VV
칸/NNP
굳세/VA
열애설/NNG
페어/NNG
수없/VA
율곡/NNP
치솟/VV
마누/NNG
이례/NNG
유린/NNG
흘러나오/VV
외식/NNG
라이벌/NNG
방송사/NNG
간신히/MAG
짐바브웨/NNP
반격/NNG
올라갈/VV~ETM
무용수/NNG
내야/NNG
스윙/NNG
안/NNP
용사/NNG
던진/VV~ETM
뜨겁/VA
방망이/NNG
설령/MAG
보배/NNG
박근혜/NNP
탈바꿈/NNG
알렉스/NNP
264/SN
카프카/NNP
스티븐/NNP
상관없/VA
오래/VA
파문/NNG
즉석/NNG
찢어지/VV
천억/NR
발판/NNG
협력단/NNG
232/SN
프랑스인/NNG
심했/VA~EP
원주시/NNP
장막/NNG
커버/NNG
학대/NNG
체형/NNG
현직/NNG
언행/NNG
틈타/VV~EC
수다/NNG
진위/NNG
필라델피아/NNP
힘찬/VA~ETM
목동/NNG
하반기/NNG
강력히/MAG
걸림돌/NNG
거쳤/VV~EP
약해/VA~EC
낙타/NNG
미켈란젤로/NNP
권익/NNG
거제시/NNP
내분/NNG
인데/VCP~EF
바뀔/VV~ETM
범람/NNG
수녀/NNG
이토록/MAG
비결/NNG
소정/NNG
동호회/NNG
현악기/NNG
넓혀/VV~EC
랩/NNG
191/SN
후원금/NNG
돌아온다/VV~EF
애착/NNG
부원/NNG
기다림/VV~ETN
져/VV~EC
서거/NNG
전격/NNG
치른/VV~ETM
겨레/NNG
그리워하/VV
단연/MAG
승패/NNG
늘어나/VV~EC
수트/NNG
축사/NNG
엄지/NNG
휴일/NNG
쓰러져/VV~EC
미련/NNG
223/SN
슬라이딩/NNG
하이힐/NNG
신형/NNG
뛸/VV~ETM
초라/XR
토로/NNG
적발/NNG
초보/NNG
귀화/NNG
선회/NNG
넘어섰/VV~EP
양가/NNG
274/SN
신음/NNG
광화문/NNP
쐐기/NNG
향년/NNG
국군/NNG
미네소타주/NNP
변함/VV~ETN
스피드/NNG
반열/NNG
이끈/VV~ETM
자아내/VV
차세대/NNG
기업가/NNG
외쳤/VV~EP
가능/XR
티켓/NNG
페달/NNG
가세/NNG
몸담/VV
복싱/NNG
시속/NNG
썩/MAG
슈퍼/NNG
피고인/NNG
내걸/VV
후반기/NNG
기념품/NNG
지킨/VV~ETM
리투아니아/NNP
맡겼/VV~EP
절묘/XR
집중력/NNG
구단주/NNG
남다른/VA~ETM
수재/NNG
시킨/VV~ETM
타악기/NNG
헌정/NNG
그랜트/NNP
빼앗긴/VV~ETM
드러낸다/VV~EF
초순/NNG
달려들/VV
소홀히/MAG
스틸/NNG
애틋/XR
헌납/NNG
460/SN
구장/NNG
도망가/VV
맞붙/VV
유착/NNG
은가/EC
공방/NNG
당분간/MAG
연합회/NNG
탄탄/XR
할/NNB
반입/NNG
동/NNP
올/NNG
똑바로/MAG
무난/XR
분수령/NNG
그린/NNG
스무/MM
시상식/NNG
385/SN
나설/VV~ETM
모기/NNG
박치기/NNG
높였/VV~EP
부름/VV~ETN
일일/NNG
불멸/NNG
다크/NNG
모자라/VV
불릴/VV~ETM
옮길/VV~ETM
가다듬/VV
극동/NNP
올라간/VV~ETM
넘어갔/VV~EP
228/SN
노트북/NNG
대양/NNG
더없이/MAG
성화/NNG
무성/NNG
선수권/NNG
신뢰도/NNG
고려대/NNP
이스탄불/NNP
버지니아주/NNP
탈환/NNG
에릭/NNP
카를로스/NNP
알린/VV~ETM
성남/NNP
미시간주/NNP
헤치/VV
낚/VV
아그네스/NNP
유심히/MAG
손녀/NNG
어떨까/VA~EF
발/NNB
광양시/NNP
521/SN
노하우/NNG
수성구/NNP
시들/VV
조형물/NNG
해볼/VV~ETM
라파엘/NNP
승천/NNG
이웃집/NNG
중용/NNG
프로그래머/NNG
내뱉/VV
앞세워/VV~EC
저질렀/VV~EP
어제/MAG
연변/NNP
살아나/VV
상품권/NNG
스콧/NNP
영화관/NNG
유격수/NNG
파열/NNG
내한/NNG
불우/NNG
루트/NNG
베니스/NNP
영광/NNP
체육관/NNG
보스니아/NNP
줬/VV~EP
284/SN
로렌스/NNP
멜로/NNG
뜻밖/NNG
저작자/NNG
후속/NNG
날렸/VV~EP
단골/NNG
문화제/NNG
연고/NNG
236/SN
언론사/NNG
영화배우/NNG
서경/NNG
영등포구/NNP
경멸/NNG
공영/NNG
중편/NNG
나아갔/VV~EP
대변인/NNG
마야/NNP
포맷/NNG
233/SN
연초/NNG
운동화/NNG
제때/NNG
레알/NNP
헤쳐/VV~EC
늘어날/VV~ETM
밀어내/VV
하계/NNG
할수록/XSV~EC
나선다/VV~EF
질주/NNG
쫓기/VV
대중문화/NNG
비친/VV~ETM
이길/VV~ETM
카운트/NNG
리조트/NNG
번번이/MAG
업소/NNG
들어올/VV~ETM
배터리/NNG
속속/MAG
312/SN
참/NNB
타격감/NNG
겹치/VV
기선/NNG
상승세/NNG
쇄골/NNG
삭감/NNG
영입/NNG
조율/NNG
반문/NNG
이동국/NNP
잔혹/NNG
전향/NNG
질타/NNG
돌입/NNG
무단/NNG
소동/NNG
외야/NNG
회식/NNG
고심/NNG
변할/VV~ETM
과격/XR
덥/VA
에이전트/NNG
피아니스트/NNG
강자/NNG
최근/MAG
경신/NNG
줌/VX~ETN
홈구장/NNG
가르시아/NNP
부담감/NNG
절친/XR
합하/VV
이글/NNG
두각/NNG
데이비스/NNP
대우/NNP
합치/VV
협회장/NNG
호세/NNG
치욕/NNG
숨겨/VV~EC
이긴/VV~ETM
서클/NNG
내뿜/VV
결승전/NNG
웨일스/NNP
대작/NNG
플래시/NNG
베일/NNG
해답/NNG
명물/NNG
일찌감치/MAG
자서전/NNG
강판/NNG
횡성군/NNP
감량/NNG
벌일/VV~ETM
샴페인/NNG
여의/XR
환호/NNG
연세대학교/NNP
강진군/NNP
나이/NNG~VCP
들였/VV~EP
벤/NNP
거세/VA
블루스/NNG
간다는/VV~ETM
별세/NNG
950/SN
305/SN
잃어버리/VV
405/SN
고/NNP
멘트/NNG
주황색/NNG
브라이언/NNP
어두워/VA~EC
중상/NNG
가까웠/VA~EP
매사추세츠주/NNP
카리스마/NNG
행군/NNG
도로변/NNG
일신/NNG
견주/VV
열릴/VV~ETM
체면/NNG
든든/XR
시구/NNG
386/SN
융통/NNG
해줄/VV~ETM
과감히/MAG
사진작가/NNG
찬스/NNG
분신/NNG
빌미/NNG
줘야/VX~EC
편파/NNG
녹화/NNG
피력/NNG
298/SN
수록/EC
플러스/NNG
봉사자/NNG
아리랑/NNP
커졌/VV~EP
1665/SN
허술/XR
알리/NNP
일주/NNG
궁리/NNG
전반기/NNG
띈다/VV~EF
안나/NNP
어린/VV~ETM
위용/NNG
화질/NNG
부녀/NNG
결과물/NNG
구했/VV~EP
궁합/NNG
여주인공/NNG
금메달/NNG
라운드/NNG
만찬/NNG
골반/NNG
보수당/NNP
허전/XR
이겼/VV~EP
할까/XSV~EC
연다/VV~EF
강북/NNP
결승/NNG
설레/VV
자연스레/MAG
험난/XR
룰/NNG
실연/NNG
283/SN
로라/NNP
크루즈/NNG
합창단/NNG
알아주/VV
바른/VV~ETM
아닌데/VCN~EC
2015/SN
▲/NNG
전년도/NNG
스카우트/NNG
여전/XR
프로덕션/NNG
둔갑/NNG
심청/NNP
한신/NNP
331/SN
미숙/XR
펀치/NNG
호스/NNG
불허/NNG
커녕/JX
휩쓸/VV
찰리/NNP
타율/NNG
ｍ/SW
데려오/VV
명장/NNG
서두르/VV
타수/NNG
벌려/VV~EC
본다/VV~EC
팽팽/XR
다룰/VV~ETM
만능/NNG
갑작스런/VA~ETM
배구/NNG
285/SN
조합원/NNG
짜임새/NNG
담담/XR
터트리/VV
희박/XR
구매자/NNG
308/SN
금일/NNG
가했/VV~EP
루/NNP
미주/NNP
라면서/EC
동거/NNG
돌아간/VV~ETM
딛/VV
지날/VV~ETM
뿌리치/VV
끌어들이/VV
무너졌/VV~EP
장학/NNG
트렌드/NNG
의존도/NNG
참여자/NNG
호령/NNG
경의/NNG
로웠/XSA~EP
사구/NNG
호환/NNG
322/SN
타선/NNG
콤비/NNG
로열/NNG
본보기/NNG
불쑥/MAG
귀결/NNG
포부/NNG
몰아넣/VV
급변/NNG
근거리/NNG
영해/NNG
올드/NNG
지상파/NNG
통산/NNG
몰/NNG
차근차근/MAG
따라잡/VV
소산/NNG
푸짐/XR
차기/NNG
늦추/VV
아파도/VA~EC
끌리/VV
서브/NNG
영산강/NNP
존재감/NNG
무너진/VV~ETM
콜로라도/NNP
펼친/VV~ETM
트레이닝/NNG
어리둥절/XR
후세인/NNP
마스코트/NNG
돌풍/NNG
몸부림/NNG
톰슨/NNP
인자/XR
제구/NNG
결산/NNG
이것저것/NNG
우승자/NNG
급경사/NNG
끈다/VV~EF
소파/NNG
하버드/NNP
첫사랑/NNG
대한항공/NNP
맞춘다/VV~EF
스포츠서울/NNP
장담/NNG
능통/XR
레슬링/NNG
수입액/NNG
기다려야/VV~EC
좁히/VV
272/SN
독려/NNG
본연/NNG
흐뭇/XR
멈춘/VV~ETM
드러내/VV~EC
더블/NNG
감회/NNG
크리스/NNP
부산시/NNP
멀티/NNG
정예/NNG
극한/NNG
대종상/NNG
지도력/NNG
뉴저지주/NNP
엔/NNB
뒤져/VV~EC
보태/VV
프로포즈/NNG
흘렸/VV~EP
덕택/NNG
수혈/NNG
패기/NNG
칼/NNP
쿼터/NNG
거르/VV
매니저/NNG
베타/NNG
299/SN
공짜/NNG
군민/NNG
569/SN
소니/NNP
288/SN
달라졌/VV~EP
거만/NNG
니콜라스/NNP
끼어들/VV
유치/XR
해리슨/NNP
우여곡절/NNG
than/SL
냐며/EC
만/VX~ETM
탄환/NNG
다가갈/VV~ETM
아팠/VA~EP
약세/NNG
620/SN
구/NNP
리틀/NNG
거센/VA~ETM
단언/NNG
보여줬/VV~EP
일구/VV
코믹/NNG
가속도/NNG
온/NNG
임/NNP
강산/NNG
소홀/NNG
용병/NNG
주저앉/VV
저/IC
트/VV
아랍에미리트/NNP
315/SN
동양인/NNG
아파/VA~EC
벨/NNG
숏/NNG
스탠드/NNG
선제/NNG
338/SN
공채/NNG
웅덩이/NNG
나서/VV~EC
현란/NNG
감미/NNG
탄/NNG
기내/NNG
이달/NNG
될까/VV~EC
덕유산/NNP
라마/NNP
오/NNG
재일/NNG
탤런트/NNG
과도기/NNG
패한/VV~ETM
351/SN
원동/NNP
달라서/VA~EC
궁지/NNG
범한/VV~ETM
연고지/NNG
423/SN
떨쳐/VV~EC
동창/NNG
잔여/NNG
제작비/NNG
핫/NNG
무너뜨리/VV
부정부패/NNG
포진/NNG
중흥/NNG
독주/NNG
세곡/NNG
누/NNG
소사/NNG
【/NNG
역경/NNG
강세/NNG
삼성전자/NNP
시름/NNG
전속/NNG
다/JKB
떠올렸/VV~EP
부딪히/VV
인/NNB
333/SN
다졌/VV~EP
이반/NNG
트리플/NNG
해피/NNG
휠체어/NNG
한국은행/NNP
필두/NNG
완치/NNG
바람둥이/NNG
주루/NNG
특급/NNG
맞물려/VV~EC
만원/NNG
스파이크/NNG
전서/NNG
살펴본다/VV~EF
태극기/NNG
화끈/MAG
벌어져/VV~EC
해밀턴/NNP
거둘/VV~ETM
한국전력/NNP
금주/NNG
에요/EC
회고/NNG
홀연히/MAG
286/SN
676/SN
준/EC
316/SN
굳어지/VV
호스트/NNG
농성/NNG
은색/NNG
들인/VV~ETM
강우석/NNP
대교/NNG
명동/NNP
터뜨리/VV
395/SN
넘어지/VV
스테로이드/NNG
콜린/NNP
킥/NNG
해봤/VV~EP
맞춰서/VV~EC
학년도/NNG
남조선/NNP
섹션/NNG
타워/NNG
현물/NNG
당할/XSV~ETM
울부짖/VV
내리/MAG
다면서/EC
증가세/NNG
문희/NNP
슛/NNG
남북한/NNP
디트로이트/NNP
사뭇/MAG
대표곡/NNG
포천시/NNP
고도/EC
레인/NNG
가시/VV
알찬/VA~ETM
연일/NNG
커/VA~EC
햄/NNG
마크/NNP
295/SN
도화/NNG
809/SN
버금가/VV
연기자/NNG
자리매김/NNG
핸드/NNG
발명가/NNG
271/SN
린/NNP
공백/NNG
명암/NNG
꺽/VV
몰아치/VV
본전/NNG
아크/NNG
재목/NNG
좌익수/NNG
필적/NNG
287/SN
변함없/VA
다하/VV
상회/NNG
하워드/NNP
607/SN
선보인다/VV~EF
무난히/MAG
시애틀/NNP
프로필/NNG
형광등/NNG
281/SN
산뜻/XR
사철/NNG
해내/VV
발끝/NNG
상생/NNG
룩셈부르크/NNP
요코하마/NNP
칼라/NNG
324/SN
가까스로/MAG
293/SN
점거/NNG
치러/VV~EC
벌떡/MAG
끼얹/VV
사무국장/NNG
신분증/NNG
자부/NNG
질렀/VV~EP
한자리/NNG
한편/MAJ
355/SN
국명/NNG
수작/NNG
추첨/NNG
한전/NNP
지금껏/MAG
불씨/NNG
강호/NNG
라트비아/NNP
그랑프리/NNG
문턱/NNG
267/SN
박지성/NNP
변함없이/MAG
와이어/NNG
유저/NNG
될지/XSV~EC
슈팅/NNG
알아냈/VV~EP
펼친다/VV~EF
자초/NNG
각별히/MAG
오클랜드/NNP
가족부/NNG
내심/NNG
볼/EC
돌린다/VV~EF
다가올/VV~ETM
돌연/MAG
398/SN
된지/XSV~EC
297/SN
원심/NNG
재계/NNG
극명/NNG
불러들여/VV~EC
282/SN
싱글차트/NNG
열일곱/NR
체구/NNG
페리/NNP
간파/NNG
예선전/NNG
엑스/NNG
김성수/NNP
발자취/NNG
277/SN
도르트문트/NNP
돼야/XSV~EC
함성/NNG
비하/NNG
살린/VV~ETM
손짓/NNG
출원/NNG
애호가/NNG
제패/NNG
리얼리티/NNG
보루/NNG
선착순/NNG
양궁/NNG
돌아서/VV
추궁/NNG
생존자/NNG
스타디움/NNG
폭스/NNG
무시무시/XR
버려/VX~EC
속출/NNG
외자/NNG
잡혔/VV~EP
278/SN
근력/NNG
밀러/NNP
체격/NNG
되살려/VV~EC
포고/NNG
개인기/NNG
미셸/NNP
줄어든/VV~ETM
나눔/VV~ETN
텔레콤/NNG
몰린/VV~ETM
윌리엄스/NNP
백/NNP
웬만/XR
혼용/NNG
잘나가/VV
잇따라/VV~EC
비축/NNG
쉽사리/MAG
못지/VA~EC
발단/NNG
손수건/NNG
고른/VA~ETM
배역/NNG
연장선/NNG
오토바이/NNG
조급/XR
끌려/VV~EC
양대/MM
못한다면/VX~EC
결전/NNG
들/EC
악당/NNG
컷/NNG
평단/NNG
606/SN
기하/VV
노원/NNP
기아/NNG
멈춰/VV~EC
스케이팅/NNG
940/SN
어수선/XR
해본/XSV~ETM
레퍼토리/NNG
우드/NNP
자력/NNG
지난달/NNG
농락/NNG
379/SN
기업은행/NNP
밥그릇/NNG
해준/VV~ETM
279/SN
누린/VV~ETM
무죄/NNG
신촌/NNP
클리닉/NNG
황우석/NNP
수록곡/NNG
클라크/NNP
방불/XR
뒤쫓/VV
백업/NNG
결렬/NNG
더군다나/MAG
쓰러졌/VV~EP
워치/NNG
해본다/XSV~EF
감도/NNG
입대/NNG
졌/EC
비겼/VV~EP
사의/NNG
바빌론/NNP
리옹/NNP
여대/NNG
끌려가/VV
쏠리/VV
오리지널/NNG
밝힐/VV~ETM
붙잡혀/VV~EC
끌어올리/VV
연하/NNG
다이빙/NNG
인디/NNG
노장/NNG
느닷없이/MAG
413/SN
후문/NNG
드립니다/VV~EC
어드벤처/NNG
친선/NNG
항법/NNG
체재/NNG
변변/XR
러/NNP
725/SN
스케일/NNG
앙골라/NNP
1651/SN
광저우/NNP
강경/NNG
바레인/NNP
삼보/NNG
신고식/NNG
웰링턴/NNP
단상/NNG
전의/NNG
성균관대/NNP
성년자/NNG
중원/NNG
태연/NNG
계셨/VV~EP
싸인/NNG
울분/NNG
경쟁자/NNG
히어로즈/NNG
910/SN
빗대/VV
저력/NNG
대북/NNG
박종홍/NNP
콜로라도주/NNP
스티브/NNP
행보/NNG
’인/SS
액세스/NNG
뛰어다니/VV
일쑤/NNG
담요/NNG
원점/NNG
지도부/NNG
타이틀곡/NNG
혼성/NNG
잠실구장/NNP
쥔/VV~ETM
난무/NNG
선의/NNG
승전/NNG
서울고/NNP
전폭/NNG
넬슨/NNP
후임/NNG
댄/VV~ETM
왼발/NNG
노모/NNG
인대/NNG
타점/NNG
피스컵/NNG
플라이/NNG
경계심/NNG
높인/VV~ETM
만족감/NNG
쌈/NNG
이맘/NNG
행사장/NNG
327/SN
볼일/NNG
터졌/VV~EP
굳히/VV
대파/NNG
안착/NNG
포물선/NNG
뒤따르/VV
후광/NNG
계신가요/VX~EF
인민군/NNG
타계/NNG
심경/NNG
732/SN
캐시/NNP
펜스/NNG
핵분열/NNG
741/SN
값진/VA~ETM
민박/NNG
선발진/NNG
성장기/NNG
영양가/NNG
658/SN
339/SN
퇴장/NNG
패러디/NNG
백상/NNP
회의소/NNG
텍사스주/NNP
승점/NNG
통쾌/NNG
ㄴ/NNG
말끔히/MAG
넘겼/VV~EP
어땠/VA~EP
유명/XR
드레스덴/NNP
스파이/NNG
줄리엣/NNP
해진/XSV~ETM
달라진/VV~ETM
흐를/VV~ETM
명신/NNG
손끝/NNG
황혼/NNG
강행/NNG
엔트리/NNG
외야수/NNG
출루/NNG
결탁/NNG
북돋/VV
실화/NNG
내/VX~EC
선보인/VV~ETM
스트레칭/NNG
씁쓸/XR
벤츠/NNG
지단/NNG
프레스/NNG
프로모션/NNG
물밑/NNG
질리/VV
놓아주/VV
대중음악/NNG
눌렀/VV~EP
반짝/MAG
복병/NNG
악명/NNG
골든/NNG
무더기/NNG
축구장/NNG
베르나르/NNP
필립스/NNP
우레/NNG
오프/NNG
이겨야/VV~EC
정해졌/VV~EP
킹/NNG
개그/NNG
론가/JKB
다/VV
리차드/NNP
발라드/NNG
워터/NNG
전열/NNG
정간/NNG
이견/NNG
이글스/NNP
내건/VV~ETM
다가/VV
사죄/NNG
미남/NNG
상암동/NNP
고군분투/NNG
저조/NNG
앉히/VV
내야수/NNG
디/NNP
중거리/NNG
끝냈/VV~EP
처했/VV~EP
모건/NNP
445/SN
㈜/SW
378/SN
제쳐/VV~EC
즐거워/VA~EC
대표단/NNG
잠비아/NNP
나온다/VV~EC
뉘앙스/NNG
밑바탕/NNG
이틀간/NNG
중전/NNG
해법/NNG
보인다는/VV~ETM
좌선/NNG
2100/SN
그랜드/NNG
이두/NNG
길/VV
게스트/NNG
급성장/NNG
앤더슨/NNP
414/SN
신한은행/NNP
좁혀/VV~EC
뽑아내/VV
아쉬웠/VA~EP
카프/NNP
626/SN
전패/NNG
입단/NNG
이뤘/VV~EP
토론회/NNG
화답/NNG
청혼/NNG
곽/NNP
꼴찌/NNG
뽑혔/VV~EP
종수/NNP
최고점/NNG
출중/XR
좋아할/VV~ETM
같/XSA
그려진다/VV~EF
파고들/VV
참사/NNG
까진/JX
흩어진/VV~ETM
내몰/VV
백악관/NNP
시찰/NNG
지역구/NNG
출연자/NNG
건/VV~ETM
고배/NNG
스탠리/NNP
오른발/NNG
당해/XSV~EC
소액/NNG
퍼부/VV
퍼진/VV~ETM
별관/NNG
본점/NNG
불굴/NNG
추진력/NNG
기업인/NNG
나타냄/VV~ETN
악몽/NNG
유례/NNG
찬가/NNG
속설/NNG
벌인다/VV~EF
의미심장/XR
지난주/NNG
출연진/NNG
결별/NNG
엔드/NNG
주심/NNG
되살리/VV
두산/NNP
돌발/NNG
사들이/VV
국립민속박물관/NNP
몬테네그/NNP
골문/NNG
떠나가/VV
방심/NNG
예술인/NNG
꼬박/MAG
들린다/VV~EF
망신/NNG
혈전/NNG
어이없/VA
잡힐/VV~ETM
텐데/NNB~EF
휘파람/NNG
정/MAG
종주국/NNG
패스트볼/NNG
굳혔/VV~EP
신예/NNG
풀려/VV~EC
ⓒ/SW
상당구/NNG
속삭이/VV
더글러스/NNP
스핀/NNG
시몬/NNP
토론토/NNP
물러난/VV~ETM
응답자/NNG
드니/NNP
악영향/NNG
일등/NNG
단숨에/MAG
프랑코/NNP
381/SN
중저/NNG
흔쾌히/MAG
594/SN
슬로건/NNG
여실히/MAG
최단/NNG
567/SN
고참/NNG
치닫/VV
퇴폐/NNG
한해/VV~EC
톡톡히/MAG
편의점/NNG
함평군/NNP
강간/NNG
몸값/NNG
문전/NNG
밀렸/VV~EP
설파/NNG
섭렵/NNG
열혈/NNG
히로시마/NNP
이명박/NNP
클리블랜드/NNP
ll/SL
선점/NNG
앗/VV
셈/NNG
소프라노/NNG
퍼붓/VV
현기증/NNG
똘똘/MAG
끈질긴/VA~ETM
담당관/NNG
축구팀/NNG
보여야/VV~EC
유나이티드/NNG
기상청/NNG
분권/NNG
서초/NNP
마운드/NNG
물색/NNG
묵직/XR
제치/VV
3500/SN
갖춰/VV~EC
덩치/NNG
마칠/VV~ETM
지망/NNG
개인전/NNG
기특/XR
518/SN
나빠/VA~EC
리치/NNP
프리랜서/NNG
굴러/VV~EC
누계/NNG
보여줄/VV~ETM
안타까움/VA~ETN
빠져서/VV~EC
부름/NNG
366/SN
429/SN
머신/NNG
자메이카/NNP
펼칠/VV~ETM
마이애미/NNP
말썽/NNG
시네마/NNG
야구장/NNG
스트라이커/NNG
동선/NNG
부드러움/VA~ETN
창법/NNG
도맡/VV
천금/NNG
고질/NNG
기자단/NNG
이상향/NNG
미네소타/NNP
실컷/MAG
클래스/NNG
개최국/NNG
불운/NNG
조용필/NNP
퍼레이드/NNG
간담회/NNG
만리장성/NNP
383/SN
경찰청/NNG
분당구/NNP
상암/NNP
식전/NNG
때려/VV~EC
루카스/NNP
대학로/NNP
출격/NNG
발돋움/NNG
움직였/VV~EP
졸지/NNG
연가/NNG
꽃피/VV
낭자/NNG
동해시/NNP
금발/NNG
국민은행/NNP
마운틴/NNG
바라/VV~EC
배트/NNG
챔피언십/NNG
일전/NNG
놀라울/VA~ETM
밴쿠버/NNP
부러움/VA~ETN
물리칠/VV~ETM
풀린/VV~ETM
테너/NNG
벗어났/VV~EP
보탬/VV~ETN
정말/NNG
호러/NNG
갖춰야/VV~EC
로저/NNP
먼저/NNG
뭍/NNG
반칙/NNG
보위/NNG
쓴/VA~ETM
퇴진/NNG
빛났/VV~EP
세인트루이스/NNP
야드/NNG
리버풀/NNP
위촉/NNG
준다면/VX~EC
755/SN
견뎌/VV~EC
여름날/NNG
635/SN
알릴/VV~ETM
정글/NNG
가르친/VV~ETM
변속/NNG
양사/NNG
하키/NNG
756/SN
상쇄/NNG
딘/NNP
로선/JKB
☞/SW
도우미/NNG
소용없/VA
외아들/NNG
나이키/NNP
접전/NNG
통할/VV~ETM
깃대/NNG
751/SN
남측/NNG
면치/VV~EC
강민호/NNP
스트리트/NNG
즐긴/VV~ETM
다급/XR
밸런스/NNG
분통/NNG
급부상/NNG
민정/NNG
작렬/NNG
477/SN
단거리/NNG
장애우/NNG
내달리/VV
단파/NNG
콘솔/NNG
프란시스/NNP
미드필드/NNG
성심/NNG
욕설/NNG
인디애나/NNP
투/NNG
한양대/NNP
판도/NNG
하지원/NNP
낙점/NNG
부위원장/NNG
공고히/MAG
김희선/NNP
보은/NNG
분홍/NNG
유진/NNP
소비세/NNG
심기/NNG
프랜차이즈/NNG
택했/VV~EP
끝낸/VV~ETM
신하균/NNG
행방/NNG
노장/NNP
제라르/NNP
과학부/NNG
휴스턴/NNP
이름값/NNG
김정/NNP
매직/NNG
언저리/NNG
잃어버렸/VV~EP
수긍/NNG
아시안/NNG
히팅/NNG
뚝/MAG
김선아/NNP
폭우/NNG
보직/NNG
☞/NNG
격전/NNG
불참/NNG
원광/NNP
일각/NNG
퇴출/NNG
투병/NNG
쉬울/VA~ETM
앞마당/NNG
융단/NNG
해온/VV~ETM
김동주/NNP
몇/NR
자청/NNG
이뤄졌/VV~EP
힘겹/VA
걸출/NNG
숨통/NNG
이변/NNG
524/SN
매진/NNG
메탈/NNG
끈끈/XR
진가/NNG
간암/NNG
곁들이/VV
고삐/NNG
분석관/NNG
줄/EC
집행부/NNG
케이트/NNG
허탈/NNG
득실/NNG
마라토너/NNG
현대자동차/NNP
시연/NNG
707/SN
기대감/NNG
도하/NNG
뒷바라지/NNG
전환점/NNG
할까/VV~EC
손잡/VV
케빈/NNP
784/SN
제격/NNG
경희/NNP
고든/NNP
호소력/NNG
휘어지/VV
달할/VV~ETM
사마/NNG
애국가/NNG
실미도/NNG
육박/NNG
처진/VV~ETM
백남준/NNP
배짱/NNG
쳐야/VV~EC
844/SN
리마/NNG
얼/NNG
물의/NNG
발락/NNG
대행사/NNG
자웅/NNG
토드/NNP
관전/NNG
과로/NNG
득점력/NNG
리필/NNG
마일/NNG
티저/NNG
로이/NNP
웨인/NNP
허비/NNG
혼전/NNG
뒤따라/VV~EC
현역/NNG
684/SN
신물/NNG
아스날/NNG
파운드/NNG
그립/NNG
▶/NNG
동의서/NNG
성덕/NNG
하얀색/NNG
게리/NNP
융화/NNG
찌를/VV~ETM
533/SN
잠실/NNP
773/SN
관건/NNG
도미니카/NNP
센스/NNG
연소/XR
가맹/NNG
구심점/NNG
뿜어내/VV
뭉친/VV~ETM
최강/NNG
휩싸인/VV~ETM
바운드/NNG
풀릴/VV~ETM
후안/NNG
노아/NNP
이채/NNG
적장/NNG
로큰롤/NNG
수문장/NNG
허가서/NNG
견인/NNG
거래량/NNG
남길/VV~ETM
배드민턴/NNG
승무/NNG
캐릭/NNG
다가서/VV
옮겨온/VV~ETM
차두리/NNP
593/SN
쇠락/NNG
적지/NNG
나흘/NNG
마술사/NNG
지마요/EC
최준석/NNP
영상물/NNG
뽑혀/VV~EC
처지/VV
선방/NNG
찾아간다/VV~EF
맡길/VV~ETM
수렁/NNG
웨이트/NNG
험멜/SH
드러날/VV~ETM
조직력/NNG
베테랑/NNG
올빼미/NNG
자택/NNG
타임스/NNG
결선/NNG
마르세유/NNP
이대/NNP
훤히/MAG
메워/VV~EC
쇼트/NNG
진솔/XR
탐지기/NNG
평행선/NNG
피셔/NNP
날아가/VV~EC
맞출/VV~ETM
안도/NNG
애리조나/NNP
기뻐/VA~EC
푸에르토리코/NNP
짜릿/XR
솔솔/MAG
안내소/NNG
에메랄드/NNG
역도/NNG
축하/NNG~XSV
휘날리/VV
때렸/VV~EP
싸늘/XR
의구심/NNG
공보/NNG
참패/NNG
광풍/NNG
펜싱/NNG
챙겼/VV~EP
열세/NNG
살렸/VV~EP
질책/NNG
재빠르/VA
템포/NNG
항소심/NNG
흥미진진/XR
설움/NNG
시달린/VV~ETM
지긋지긋/MAG
로컬/NNG
선승/NNG
달릴/VV~ETM
시종/MAG
화정/NNG
흐림/VA~ETN
공격력/NNG
귀고리/NNG
원곡/NNG
베르디/NNP
볼링/NNG
강경/NNP
기네스북/NNP
풍긴다/VV~EF
후쿠오카/NNP
단신/NNG
도내/NNG
전해들/VV~VV
치를/VV~ETM
강전/NNG
치러야/VV~EC
북측/NNG
크루즈/NNP
막혔/VV~EP
철인/NNG
단성사/NNP
갑작스럽/VA
내/EC
번듯/XR
외주/NNG
재판장/NNG
708/SN
맥도날드/NNP
데이빗/NNP
리우데자네이루/NNP
불행히/MAG
성적표/NNG
끊어졌/VV~EP
수개월/NNG
실렸/VV~EP
안성기/NNP
네온/NNG
조선족/NNP
커브/NNG
핸드볼/NNG
형편없/VA
마저/MAG
맴돌/VV
배급사/NNG
임팩트/NNG
테러리스트/NNG
피스/NNG
이뤄진/VV~ETM
중견/NNG
경합/NNG
언더/NNG
투수판/NNG
해냈/VV~EP
노숙자/NNG
적중/NNG
분발/NNG
악랄/NNG
이끌/VV~ETM
장외/NNG
“내/SS
쇼트트랙/NNG
첼시/NNG
맞선/VV~ETM
안타까웠/VA~EP
446/SN
떠오른/VV~ETM
비틀스/NNP
세인/NNG
결정짓/VV
상벌/NNG
이승훈/NNP
박찬호/NNP
세이브/NNG
역력/XR
위임장/NNG
일거/NNG
764/SN
열/VV~ETM
패하/VV
몰이/NNG
009/SN
다닌/VV~ETM
문화부/NNG
묘기/NNG
치러진/VV~ETM
회동/NNG
경희대/NNP
기다린/VV~ETM
무더운/VA~ETM
파랑새/NNG
기뻐했/VV~EP
인디오/NNG
펼쳐질/VV~ETM
얻어맞/VV
신경전/NNG
몽구스/NNP
발라드/NNP
이뤄/VV~EC
피츠버그/NNP
위기감/NNG
알폰소/NNP
플레이오프/NNG
김진규/NNP
넘길/VV~ETM
애틀랜타/NNP
997/SN
더디/VA
뛰어든다/VV~EF
수상작/NNG
어워드/NNG
댄/NNP
우천/NNG
성큼/MAG
윗/NNG
튼/VV~ETM
돌연사/NNG
맞히/VV
메이/VV
볼티모어/NNP
뉴올리언스/NNP
챙긴/VV~ETM
파이널/NNG
909/SN
거들/VV
정가/NNG
할지/VV~EC
4500/SN
759/SN
메릴랜드주/NNP
부작/NNG
did/SL
다혈질/NNG
리베라/NNP
흡족/NNG
프리미어리그/NNP
해프닝/NNG
야전/NNG
재산세/NNG
전문지/NNG
물린/VV~ETM
키즈/NNG
곤욕/NNG
명장면/NNG
위업/NNG
줘/VX~EC
피했/VV~EP
회자/NNG
형수/NNG
개발사/NNG
수잔/NNP
정회원/NNG
노린/VV~ETM
늘릴/VV~ETM
본부장/NNG
에펠탑/NNP
탐정/NNG
다비/NNP
멈췄/VV~EP
개그맨/NNG
피서지/NNG
하락세/NNG
헤딩/NNG
멜버른/NNP
메시/NNG
도전자/NNG
떨림/VV~ETN
추월/NNG
악동/NNG
밝힌다/VV~EF
시너지/NNG
함선/NNG
추워/VA~EC
각계/NNG
격돌/NNG
특설/NNG
공교/XR
인생관/NNG
shop/SL
컨벤션/NNG
김유진/NNP
도미니카공화국/NNP
뭔/MM
보인다면/VV~EC
두들겨/VV~EC
선후배/NNG
태평로/NNP
챔피언스/NNG
콘셉트/NNG
깔리/VV
도메인/NNG
리드/NNP
어질/ETM
직구/NNG
좌전/NNG
한국도로공사/NNP
외신/NNG
초밥/NNG
1270/SN
만만찮/VA
삼수/NNG
올라선/VV~ETM
선수단/NNG
성균관대학교/NNP
회원권/NNG
만루/NNG
축전/NNG
학번/NNG
한파/NNG
해설자/NNG
낙오/NNG
스탠더드/NNG
슬라이스/NNG
줄였/VV~EP
협/NNG
걸/VV~ETM
유타주/NNP
줄인/VV~ETM
사표/NNG
오언/NNG
자랑거리/NNG
자릿수/NNG
대전시/NNP
아바나/NNP
한우/NNG
아시아나/NNP
거뒀/VV~EP
요하네스/NNP
터보/NNG
스코어/NNG
이르/VA
제이/NNP
한데/XSV~EC
끊겼/VV~EP
뚫리/VV
부산/NNG
불러들이/VV
십분/MAG
허드슨/NNP
박진감/NNG
소문난/VV~ETM
순회공연/NNG
져서/VV~EC
피사/NNG
금순/NNP
삼성생명/NNP
건너간/VV~ETM
제작소/NNG
시발/NNG
가려운/VA~ETM
줘서/VV~EC
사무엘/NNP
노려보/VV
파낸/VV~ETM
드림/NNG
샘/NNP
일화/NNP
무색/XR
앨버트/NNP
연수원/NNG
펄펄/MAG
피어스/NNP
홍역/NNG
바벨/NNP
폭죽/NNG
성우/NNG
순항/NNG
카운트다운/NNG
뽑힌/VV~ETM
유엔군/NNG
수술대/NNG
크로스/NNG
만회/NNG
모리/NNP
원혼/NNG
해태/NNP
넘어가/VV~EC
눌려/VV~EC
맞대결/NNG
보기/NNG
수소문/NNG
해본/VV~ETM
옷장/NNG
편승/NNG
피닉스/NNP
스폰서/NNG
건지/VV
성추행/NNG
갭/NNG
아지/NNG
앤드루/NNP
김종서/NNP
삼성동/NNP
지켜본/VV~ETM
말싸움/NNG
수모/NNG
심상/XR
토드/NNG
퍼스트/NNG
피구/NNG
떨친/VV~ETM
예순/NR
격언/NNG
끌/VV~ETM
닷새/NNG
랭킹/NNG
상책/NNG
좌절감/NNG
턱없이/MAG
횡성/NNG
마셔/VV~EC
웨이브/NNG
평방미터/NNB
만장일치/NNG
빛난다/VV~EF
승차/NNG
천안문/NNP
솜사탕/NNG
내레이션/NNG
넘버/NNG
참가국/NNG
한차례/NNG
애칭/NNG
해봤/XSV~EP
매스컴/NNG
판매점/NNG
범어/NNP
폼/NNG
헤어진/VV~ETM
노스캐롤라이나/NNP
소프트볼/NNG
차출/NNG
는데다/EC
취재진/NNG
아베/NNP
아서/NNG
똑/MAG
메가폰/NNG
미끄럼/NNG
변칙/NNG
진급/NNG
힘든데/VA~EC
손금/NNG
개회/NNG
미야자키/NNP
산전수전/NNG
설레임/VV~ETN
김상호/NNP
버너/NNG
신시내티/NNP
컴백/NNG
트리오/NNG
핏물/NNG
휘저/VV
기울인/VV~ETM
칭다오/NNP
무주/NNG
마르크/NNP
뮐러/NNP
비워/VV~EC
아리/NNG
대범/XR
잡아내/VV
급/XSN
호나우두/NNP
뒤엎/VV
한골/NNG
에러/NNG
폴/NNG
페널티/NNG
기타리스트/NNG
난처/XR
부터/VV~EC
시대상/NNG
쥘/VV~ETM
991/SN
감춰/VV~EC
노련/XR
둔덕/NNG
줄리/NNP
날아갔/VV~EP
쌀쌀/XR
옹기종기/MAG
주원/NNG
캠벨/NNP
타석/NNG
굳힌/VV~ETM
연기력/NNG
이스트우드/NNP
짜여진/VV~ETM
차범근/NNP
특별전/NNG
관계없/VA
모른다/VV~EC
부성애/NNG
한ㆍ일/NNP
다/VX
댈러스/NNP
2016/SN
베이커/NNP
불협화음/NNG
이적료/NNG
놓친/VV~ETM
모텔/NNG
예요/EC
갖췄/VV~EP
응집력/NNG
955/SN
행정가/NNG
가져갔/VV~EP
랜돌프/NNP
지켜봐/VV~EC
김수미/NNP
외제/NNG
유턴/NNG
잇따른/VV~ETM
잠잠/XR
쟁탈전/NNG
천시/NNG
특강/NNG
865/SN
매튜/NNG
심장부/NNG
페르난/NNP
홈피/NNG
994/SN
괴롭혔/VV~EP
오락가락/MAG
테마곡/NNG
고공/NNG
레인저스/NNP
배가/NNG
의중/NNG
흘러나왔/VV~EP
메이저/NNP
뜨거울/VA~ETM
로저스/NNP
신체검사/NNG
다큐/NNG
소울/NNG
재연/NNG
중앙대/NNP
첫걸음/NNG
끌려갔/VV~EP
라켓/NNG
햇/XSV~EP
공중전화/NNG
닥쳤/VV~EP
활화산/NNG
경기전/NNG
고마움/NNG
리버사이드/NNG
삼정/NNG
아틀레티코/NNP
종적/NNG
청문회/NNG
출두/NNG
태그/NNG
레예스/NNP
병살타/NNG
서울중앙지법/NNP
올드보이/NNG
789/SN
미운/VA~ETM
상한선/NNG
오노/NNP
힘겨운/VA~ETM
6500/SN
성금/NNG
사별/NNG
조던/NNP
무더위/NNG
바란다/VV~EC
보호대/NNG
열의/NNG
유명세/NNG
관중석/NNG
슬며시/MAG
올라서/VV~EC
후송/NNG
접어든/VV~ETM
포틀랜드/NNP
전가/NNG
투톱/NNG
나선다고/VV~EC
두두/NNG
매김/VV~ETN
빼/VV~EC
석종/NNG
여제/NNG
연승/NNG
활로/NNG
양준혁/NNP
잔상/NNG
집념/NNG
풀려나/VV~EC
라이언/NNP
악물/VV
재키/NNG
득점포/NNG
쓰나미/NNP
전천후/NNG
고베/NNP
반신/NNG
압바스/NNP
내려갈/VV~ETM
총성/NNG
유경/NNG
해운대/NNP
데니스/NNP
못다/MAG
스트로크/NNG
뛰어드/VV
석권/NNG
달전/NNG
감사원/NNG
맞섰/VV~EP
밀려나/VV~EC
본회의/NNG
나눴/VV~EP
노먼/NNP
켄트/NNP
윤종신/NNP
데/VV
드러낼/VV~ETM
테레사/NNP
개봉일/NNG
넘나드/VV
돌아섰/VV~EP
매춘부/NNG
목동/NNP
사사구/NNG
직간접/NNG
가요무대/NNP
뗀/VV~ETM
부쳤/VV~EP
엔딩/NNG
바이런/NNP
치른다/VV~EF
본의/NNG
뱃노래/NNG
콘스탄틴/NNP
이현곤/NNP
근대사/NNG
김기덕/NNP
눈발/NNG
스포츠서울닷컴/NNP
디스코/NNG
박용택/NNP
서인영/NNP
니콜/NNP
머문/VV~ETM
일순간/NNG
제리/NNP
심야/NNG
에서/SS
일문/NNG
책임질/VV~ETM
넘친다/VV~EF
줄리아/NNP
주초/NNG
철심/NNG
리명수/NNP
빨려/VV~EC
솎/VV
빈자리/NNG
조모/NNG
개고기/NNG
건너와/VV~EC
인터/NNG
착실히/MAG
동점/NNG
떨어진다고/VV~EC
7500/SN
늘렸/VV~EP
압박감/NNG
고부/NNP
누를/VV~ETM
막바지/NNG
캐러멜/NNG
유행어/NNG
진다/VX~EC
사투/NNG
종려나무/NNG
초청하여/NNG~EC
덧붙인다/VV~EF
미키/NNP
증손자/NNG
타지/NNG
환호성/NNG
빠져나왔/VV~EP
스트레이트/NNG
지병/NNG
한발/MAG
밀란/NNP
지켜볼/VV~ETM
호프/NNG
보리스/NNP
퇴원/NNG
히딩크/NNP
때린/VV~ETM
바하마/NNP
깊숙히/MAG
맹렬히/MAG
찬반/NNG
김정숙/NNP
불태웠/VV~EP
건졌/VV~EP
무거워/VA~EC
스탠퍼드/NNP
앞선다/VV~EF
교두보/NNG
라이터/NNG
달려왔/VV~EP
대망/NNG
도사리/VV
뒤졌/VV~EP
선결/NNG
송가/NNG
제프리/NNP
페드/NNP
프레드/NNP
다잡/VV
783/SN
리포트/NNG
빗나가/VV
토너먼트/NNG
녹슬/VV
댄서/NNG
앞섰/VV~EP
시마/NNG
코르테스/NNP
압승/NNG
샌디에이고/NNP
용병술/NNG
부사장/NNG
알몸/NNG
케인/NNP
크라운/NNG
수탁/NNG
이강/NNP
065/SN
은메달/NNG
전유물/NNG
난장판/NNG
동두천시/NNP
뒷줄/NNG
막판/NNG
슈투트가르트/NNP
제프/NNP
헤어져/VV~EC
데일리/NNP
도운/VV~ETM
바꿔야/VV~EC
크래프트/NNG
단다/VV~EF
블로킹/NNG
멤피스/NNP
시소/NNG
팀원/NNG
096/SN
앞세운/VV~ETM
용돈/NNG
취임식/NNG
호주/NNG
여고/NNG
예정자/NNG
근육통/NNG
지켜왔/VV~EP
흔들릴/VV~ETM
무극/NNG
자금난/NNG
고메스/NNP
연전/NNG
공방전/NNG
거물/NNG
독기/NNG
몽환/NNG
서약서/NNG
행방불명/NNG
되살아났/VV~EP
로버츠/NNP
미연/NNG
은데다/EC
매니지먼트/NNG
범했/VV~EP
베이/NNP
바랬/VV~EP
뺐/VV~EP
이모저모/NNG
조니/NNP
캐리/NNP
공로상/NNG
큼지막/XR
판타스틱/NNG
키드/NNG
김경문/NNP
라이스/NNP
고다르/NNP
정체불명/NNG
주중/NNG
헌액/NNG
빅뱅/NNG
가랑이/NNG
앞줄/NNG
재정난/NNG
노기/NNG
말라위/NNG
으려던/ETM
장진/NNP
루드비히/NNP
레알/NNG
오타/NNG
내지르/VV
마돈나/NNP
물집/NNG
친밀감/NNG
마리오/NNP
버려야/VV~EC
오메가/NNG
우익수/NNG
중앙공원/NNP
빛낸/VV~ETM
장신/NNG
트라이/NNG
패했/VV~EP
늦출/VV~ETM
약체/NNG
낙차/NNG
크로스오버/NNG
가드/NNG
사활/NNG
유타/NNP
다녀와/VV~EC
동동/MAG
쾌거/NNG
김혜수/NNP
맥스/NNG
신혼여행/NNG
카메오/NNG
로렌조/NNP
마니아/NNG
매리언/NNP
몸싸움/NNG
이복/NNG
착/MAG
드라큘라/NNP
미지수/NNG
구보/NNG
데이브/NNG
스칼렛/NNP
도민/NNG
들려준다/VV~EF
파혼/NNG
훈련장/NNG
동갑내기/NNG
변/NNP
일로/NNG
그친/VV~ETM
기탁/NNG
김연수/NNP
모은다/VV~EF
응원단/NNG
이원/NNP
파커/NNP
퍼시픽/NNG
기정사실/NNG
도널드/NNP
와도/VV~EC
역부족/NNG
자금력/NNG
보약/NNG
미겔/NNP
부총재/NNG
내려준/VV~ETM
모레/NNG
시의회/NNG
슈퍼스타/NNG
붙박이/NNG
산전/NNG
강타/NNG
산체스/NNP
슬라이더/NNG
잊혀진/VV~ETM
라스베이거스/NNP
이곡/NNP
중견수/NNG
보탬/NNG
위해서다/VV~EF
줘/VV~EC
터질/VV~ETM
패배자/NNG
뙤약볕/NNG
나아졌/VV~EP
마르티네스/NNP
스즈키/NNP
시드/NNG
기획서/NNG
비껴/VV~EC
스필버그/NNP
영건/NNG
줘야/VV~EC
토했/VV~EP
못했었/VX~EP
발했/VV~EP
불거지/VV
비제/NNG
워크/NNG
태릉/NNP
실링/NNG
크랭크/NNG
커미션/NNG
트윈스/NNP
홍대/NNP
격투기/NNG
놀라웠/VA~EP
동막골/NNP
직행/NNG
대호/NNG
면했/VV~EP
원더/NNG
터뜨렸/VV~EP
공석/NNG
재빠른/VA~ETM
폭염/NNG
갈음/NNG
다카시/NNP
대응책/NNG
벌여야/VV~EC
볼드윈/NNP
세계일보/NNP
대계/NNG
단짝/NNG
채/NNP
파괴력/NNG
회전/NNB
휘두른/VV~ETM
믹싱/NNG
버텼/VV~EP
스테인/NNG
오명/NNG
교육관/NNG
아이언/NNP
안타까워/VA~EC
여행길/NNG
듀발/NNG
안드레이/NNP
혹평/NNG
아디다스/NNP
한국전/NNG
내준/VV~ETM
디아스/NNP
맥도널드/NNP
빚어내/VV
cgv/SL
공언/NNG
나옴/VV~ETN
전미/NNG
턴/NNG
트로피/NNG
더/EC
상비군/NNG
오구/NNG
위기관리/NNG
트레이드/NNG
패/NNB
골프채/NNG
땅굴/NNG
트리니다드토바고/NNP
내리막/NNG
덕담/NNG
뒀/VV~EP
베르나르도/NNP
시종일관/NNG
정신력/NNG
라인업/NNG
래리/NNP
손쉬운/VA~ETM
논지/NNG
챙길/VV~ETM
미트/NNG
제르맹/NNP
찔려/VV~EC
드미트리/NNP
신들린/VV~ETM
내다봤/VV~EP
내저/VV
동메달/NNG
영화인/NNG
짰/VV~EP
사직동/NNP
이상/NNP
누볐/VV~EP
달려온/VV~ETM
딱딱/MAG
메운/VV~ETM
방어력/NNG
일평균/NNG
려는지/EC
꼬이/VV
내달/NNG
대항전/NNG
몰렸/VV~EP
번복/NNG
송강호/NNP
우즈/NNP
음악당/NNG
잡아당겨/VV~EC
주옥같/VA
타진/NNG
공백기/NNG
기동력/NNG
세일즈/NNG
피운/VV~ETM
건넨/VV~ETM
떡잎/NNG
매달렸/VV~EP
명곡/NNG
알레/NNG
열렬히/MAG
영친왕/NNP
적임자/NNG
키다리/NNG
팔릴/VV~ETM
벙커/NNG
빅터/NNP
선수촌/NNG
수준급/NNG
넘쳤/VV~EP
반겼/VV~EP
부동산세/NNG
흘러갔/VV~EP
땄/VV~EP
멀찌감치/MAG
쓸쓸히/MAG
약혼녀/NNG
에밀리/NNP
인어/NNG
덴버/NNP
만다린/NNP
민병헌/NNP
착지/NNG
피서객/NNG
김진우/NNP
독식/NNG
주포/NNG
다가섰/VV~EP
킬러/NNG
토토/NNG
허스키/NNG
예상외/NNG
혼선/NNG
다쳤/VV~EP
돈/NNP
산림청/NNG
옥포/NNP
카이/NNP
타임스/NNP
격침/NNG
원광/NNG
원한다/VV~EC
클리어/NNG
낙뢰/NNG
볼넷/NNG
볼링장/NNG
근성/NNG
비켜/VV~EC
해결사/NNG
안배/NNG
오프닝/NNG
파상/NNG
루타/NNG
세르게이/NNP
첫해/NNG
나이트클럽/NNG
못내/MAG
영등/NNG
유소년/NNG
선취/NNG
정형외과/NNG
콜론/NNG
빠져나가/VV~EC
여/NNP
취약점/NNG
사령탑/NNG
실낱/NNG
안겼/VV~EP
이복동생/NNG
낸/EC
쳐주/VV
페데리코/NNP
실황/NNG
제작진/NNG
캐디/NNG
터프/NNG
맞바꾸/VV
밀매/NNG
받아들인다는/VV~ETM
일견/NNG
일그러진/VV~ETM
선봉장/NNG
달려서/VV~EC
동국/NNP
쓴다고/VV~EC
후끈/MAG
주옥/NNG
코엑스/NNP
왼/MM
운집/NNG
원위치/NNG
진승/NNG
홀드/NNG
훅/NNG
흉골/NNG
귀추/NNG
데려왔/VV~EP
묻어나/VV
격찬/NNG
그쳐/VV~EC
뭉쳤/VV~EP
벽장/NNG
흔들렸/VV~EP
방송법/NNG
속수무책/NNG
밤길/NNG
호락호락/MAG
밀려났/VV~EP
불거졌/VV~EP
승률/NNG
막차/NNG
에머슨/NNP
게임사/NNG
다쳐서/VV~EC
오미/NNG
불문학/NNG
상패/NNG
에어리어/NNG
이재용/NNP
개점/NNG
보탰/VV~EP
엘비스/NNP
징검다리/NNG
한해서/VV~EC
곤혹/NNG
맹공/NNG
보츠와나/NNP
로베르토/NNP
그루지야/NNP
지켜봐야/VV~EC
기획사/NNG
가창력/NNG
게임기/NNG
꾸민다/VV~EF
일어날까/VV~EF
펜실베니아/NNP
눈높이/NNG
당겼/VV~EP
만석/NNG
실미/NNG
아쉬워했/VV~EP
엽기/NNG
선/NNP
체인지업/NNG
현대건설/NNP
나아진/VV~ETM
여세/NNG
우승컵/NNG
절레절레/MAG
조속/XR
차전/NNG
초심/NNG
떠오를/VV~ETM
범접/NNG
브리트니/NNP
빈소/NNG
석간/NNG
이민국/NNG
최고액/NNG
투혼/NNG
디딤돌/NNG
일격/NNG
보낸다고/VV~EC
어여쁜/VA~ETM
일취월장/NNG
구위/NNG
내보냈/VV~EP
분전/NNG
오더/NNG
입장객/NNG
톱스타/NNG
결장/NNG
집채/NNG
김태균/NNP
무너질/VV~ETM
원안/NNG
클라이맥스/NNG
김상현/NNP
남대/NNG
숨져/VV~EC
블록버스터/NNG
유약/XR
잊혀질/VV~ETM
테이크/NNG
통기타/NNG
간발/NNG
개막식/NNG
건진/VV~ETM
부친상/NNG
새내기/NNG
연맹전/NNG
오륜/NNG
유관순/NNP
피날레/NNG
미친다는/VV~ETM
뒷문/NNG
안정환/NNP
유벤투스/NNP
포우/NNP
휴학/NNG
대한축구협회/NNP
사이렌/NNG
올랜도/NNP
조/VV
8500/SN
공격자/NNG
버드/NNG
뼘/NNB
주세페/NNG
병동/NNG
뽀뽀/NNG
족적/NNG
짤/VV~ETM
기막힌/VA~ETM
대진/NNG
딜레이/NNG
베컴/NNP
엔터테이너/NNG
여름밤/NNG
전초전/NNG
노려/VV~EC
대통령배/NNG
타전/NNG
버거운/VA~ETM
승소/NNG
에드워즈/NNP
항공권/NNG
가로채/VV
스피어스/NNP
응수/NNG
일궈낸/VV~ETM
짠물/NNG
탈삼진/NNG
자이언츠/NNP
거둬/VV~EC
버크/NNP
better/SL
다승/NNG
센트/NNG
알베르토/NNP
주제곡/NNG
강타자/NNG
그물망/NNG
스릴/NNG
재팬/NNG
단체전/NNG
망종/NNG
삼성화재/NNP
언더그라운드/NNG
정책위/NNG
조커/NNG
테이/NNG
기어코/MAG
엠/NNP
올려야/VV~EC
임했/VV~EP
리모컨/NNG
삼켰/VV~EP
배리/NNG
빠뜨렸/VV~EP
파티마/NNG
1002/SN
에반스/NNP
유망주/NNG
제이슨/NNP
데려온/VV~ETM
미국행/NNG
살아날/VV~ETM
숀/NNP
압구정동/NNP
진흥법/NNG
차릴/VV~ETM
레게/NNG
성공담/NNG
스포츠맨십/NNG
역습/NNG
유원/NNG
파란/NNG
황보/NNP
회차/NNG
쌍곡선/NNG
응급실/NNG
각하/NNG
데려갔/VV~EP
린/SH
이현승/NNP
지휘부/NNG
홈경기/NNG
후보작/NNG
놓쳐/VV~EC
오마르/NNP
웰컴/NNG
총지휘/NNG
페레스/NNG
몽블랑/NNP
낙선재/NNP
날린/VV~ETM
달린다고/VV~EC
레너드/NNP
쉰/VV~ETM
외나무/NNG
출발선/NNG
코칭스태프/NNG
파커/NNG
이영표/NNP
스토브/NNG
한주/NNP
경제인/NNG
떨려서/VV~EC
벌어들인/VV~ETM
투지/NNG
기권/NNG
방북/NNG
잡아낸/VV~ETM
초대장/NNG
필하모닉/NNG
난국/NNG
설기현/NNP
설상가상/NNG
아바/NNG
드릴게요/VX~EF
불살라/VV~EC
스위트룸/NNG
오누이/NNG
인터파크/NNP
판권/NNG
패해/VV~EC
흉기/NNG
공개서한/NNG
괴한/NNG
시치미/NNG
예년/NNG
진다/EF
휙/MAG
가드너/NNP
강사진/NNG
원투/NNG
짝짓기/NNG
콜드/NNG
포트먼/NNP
남서울/NNP
애니매이션/NNG
앤서니/NNP
영자/NNG
올라섰/VV~EP
우두커니/MAG
웹진/NNG
장쩌민/NNP
쟁쟁/XR
들짐승/NNG
로페스/NNP
보내오/VV
브랜/NNG
삼켜야/VV~EC
수영복/NNG
수퍼/NNG
오릅니다/VV~EF
책점/NNG
출정식/NNG
개최지/NNG
금메달리스트/NNG
김승현/NNP
만유/NNG
세트장/NNG
특단/NNG
레이먼드/NNP
오승환/NNP
잠재워/VV~EC
채워준다/VV~EF
현격/NNG
노라/NNP
아키라/NNP
이대호/NNP
좌완/NNG
꺼낼/VV~ETM
바비/NNP
시청사/NNG
극동아시아/NNP
딱히/MAG
수비진/NNG
신보/NNG
싱/NNG
포효/NNG
삼엄/XR
셔틀버스/NNG
승부사/NNG
거머쥐/VV
건네/VV~EC
스나이퍼/NNG
에어콘/NNG
웃겼/VV~EP
호투/NNG
어린이날/NNG
카셀/NNP
데포르티보/NNP
불상사/NNG
승수/NNG
요율/NNG
특선/NNG
개막일/NNG
거포/NNG
다툴/VV~ETM
로드리게스/NNP
벌렸/VV~EP
승부처/NNG
야구팬/NNG
진용/NNG
포츠머스/NNP
1146/SN
김영수/NNP
김용철/NNP
다이크/NNP
득점왕/NNG
따돌리/VV
무전기/NNG
절호/NNG
부킹/NNG
비서실/NNG
선취점/NNG
웨스트/NNG
딕슨/NNP
레코딩/NNG
모금회/NNG
하이마트/NNP
개그우먼/NNG
김병지/NNP
눈시울/NNG
삼바/NNG
앞질러/VV~EC
처음/MAG
초유/NNG
태어납니다/VV~EF
테크니컬/NNG
튕겨/VV~EC
공략법/NNG
도열/NNG
수비력/NNG
우완/NNG
트레이시/NNP
휴업/NNG
0/SO
네이버/NNG
다이아몬드백스/NNG
대경/NNG
될텐데/VV~EC
뤽/NNP
매리너스/NNP
보여준다는/VV~ETM
오닐/NNP
조윤희/NNP
평균자/NNG
1192/SN
6/SL
공격진/NNG
달궜/VV~EP
두메/NNG
빠져나온/VV~ETM
촬영소/NNG
홀더/NNG
휩쓴/VV~ETM
오르락/MAG
이호준/NNP
노림수/NNG
다나카/NNP
불발/NNG
불응/NNG
뽐낸/VV~ETM
유치장/NNG
파드리스/NNP
걸려들/VV
중ㆍ/NNG
경기당/NNP
데뷔전/NNG
밀린다/VV~EF
식음료/NNG
이순재/NNP
코치진/NNG
플로/NNG
허/IC
급상승/NNG
김응룡/NNP
대흥동/NNP
버팀목/NNG
1386/SN
눈여겨/VV~EC
도우며/VV~EC
레슬리/NNP
루키/NNG
리허설/NNG
베니테스/NNP
빅리그/NNG
고음/NNG
김동진/NNP
보안관/NNG
악천후/NNG
은지원/NNP
이택근/NNP
투런/NNG
라스트/NNG
문대/NNG
박민철/NNP
종자돈/NNG
서울중앙지검/NNP
애들레이드/NNG
홍성흔/NNP
골차/NNG
군살/NNG
디펜딩/NNG
밀려난/VV~ETM
샬럿/NNG
신영수/NNP
원톱/NNG
이원석/NNP
정성훈/NNP
추신수/NNG
쾌조/NNG
가뜩이나/MAG
그린피/NNG
도미노/NNG
될까/XSV~EC
두산베어스/NNP
무너뜨렸/VV~EP
이탈리아전/NNP
처져/VV~EC
타이거/NNP
흡혈귀/NNG
김혁규/NNP
꿰찬/VV~ETM
눈도장/NNG
더빙/NNG
애니/NNG
홈팬/NNG
김영/NNP
다이너마이트/NNG
아론/NNP
안정환/NNG
오재원/NNP
일본전/NNP
./IC
김현기/NNP
맨시티/NNP
요코/NNP
정찬우/NNP
fcseoul/SL
노홍철/NNP
매거진/VV~ETM
문희준/NNP
학성/NNG
강윤구/NNP
딕/NNP
총감독/NNG
턱/NNB
팬미팅/NNG
경포/NNP
노렸/VV~EP
복귀전/NNG
채워졌/VV~EP
계간지/NNG
대불/NNG
소시/NNG
아레나/NNP
앞장선/VV~ETM
파르마/NNP
회심/NNG
압살라/VV~EC
윌리스/NNP
체전/NNG
홈즈/NNP
결정전/NNG
끌어올린/VV~ETM
자지/NNG
홀린/VV~ETM
김영철/NNP
로리/NNP
머레이/NNP
장목/NNG
신바람/NNG
혈행/NNG
2800/SN
2018/SN
타이거즈/NNP
강했/VV~EP
번졌/VV~EP
이찬/NNG
파이브/NNG
난잡/XR
지지도/NNG
탈장/NNG
애니메이터/NNG
움직여야/VV~EC
천군/NNG
클론/NNG
미다스/NNP
부경/NNG
소토/NNG
지원군/NNG
차로/NNG
들쭉날쭉/MAG
림/NNG
물꼬/NNG
청담동/NNP
한겨레신문/NNP
후쿠시마/NNP
뒤따른다/VV~EF
연습실/NNG
예봉/NNG
우전/NNG
유니버시아드/NNG
응할/VV~ETM
레이몽/NNP
숭실/NNG
시리우스/NNP
이동기/NNG
나빴/VA~EP
덕/NNP
마이너/NNG
멘도사/NNG
에이스/NNG
명동성당/NNP
실내외/NNG
호르헤/NNP
마빈/NNP
본다고/VV~EC
빠뜨려/VV~EC
한중/NNP
광복절/NNG
네바다주/NNP
시니어/NNG
크리스/NNG
근소/XR
꾸밀/VV~ETM
덜미/NNG
대마초/NNG
아시아태평양/NNP
압권/NNG
진원지/NNG
프란체스카/NNP
교수진/NNG
패션쇼/NNG
놓쳤/VV~EP
달아오르/VV
드높이/VV
라면서/VCP~EC
버드/NNP
세일즈맨/NNG
스모/NNG
쌌/VV~EP
안겨준/VV~ETM
토리/NNG
필/NNP
흡혈/NNG
관람료/NNG
깼/VV~EP
정상급/NNG
진갑/NNG
캐피탈/NNG
내다볼/VV~ETM
맞췄/VV~EP
실랑이/NNG
짜인/VV~ETM
도쿄/NNP~SS
배트맨/NNP
완력/NNG
이어/VV~EC
휠씬/MAG
메스/NNG
특위/NNG
한국국제/NNP
다케시/NNP
시나위/NNP
왼손잡이/NNG
천신만고/NNG
뜯어내/VV
세컨드/NNG
지우개/NNG
프린지/NNG
넘어온/VV~ETM
메울/VV~ETM
에릭슨/NNP
완급/NNG
한화/NNG
결정지/VV
다이어리/NNG
이지영/NNP
프레슬리/NNP
2900/SN
지엔/NNP
불사조/NNG
비스콘티/NNP
알렉산드라/NNP
무게감/NNG
양키/NNG
캔자스시티/NNP
폭발력/NNG
두리/NNG
버즈/NNP
어시스트/NNG
켄/NNP
코퍼레이션/NNG
폐막/NNG
후위/NNG
뛰어올라/VV~EC
싱어/NNP
악조건/NNG
가제/NNG
관고/NNG
리카르도/NNP
불거진/VV~ETM
자축/NNG
파발/NNG
몸놀림/NNG
엇비슷/XR
휴먼/NNG
결의문/NNG
드와이트/NNP
루체른/NNP
리버스/NNG
쪼개/VV~EC
플로이드/NNG
em/SL
리셉션/NNG
방/NNB
배수진/NNG
심란/XR
이호/NNP
틀어막/VV
루크/NNP
크레디트/NNG
현장감/NNG
따라붙/VV
랭크/NNG
보이콧/NNG
삼매경/NNG
악재/NNG
안젤라/NNP
챈들러/NNP
헤더/NNG
벤/NNG
복안/NNG
뽑아낸/VV~ETM
승장/NNG
알링턴/NNP
홍익대/NNP
드래프트/NNG
땅볼/NNG
이지현/NNP
적셨/VV~EP
정주영/NNP
골인/NNG
세터/NNG
수순/NNG
장난삼/VV
향방/NNG
관왕/NNG
창립총회/NNG
훌훌/MAG
강수연/NNP
복간/NNG
샌디/NNP
성폭행/NNG
승산/NNG
예비역/NNG
ㆍ/NNP
나래/NNG
선보여/VV~EC
스카이/NNG
해저드/NNG
흔들려/VV~EC
더비/NNG
동급/NNG
라이온즈/NNP
레프트/NNG
아나/NNG
이지스/NNG
치치/NNG
휘어잡/VV
겸한다/VV~EF
베스/NNP
야마모토/NNP
치러진다/VV~EF
카날/NNG
쿨/NNG
스텔스/NNP
이창동/NNP
깨뜨릴/VV~ETM
버디/NNG
벌어들이/VV
본색/NNG
이원수/NNP
클라이드/NNG
근근이/MAG
김영진/NNP
나카무라/NNP
내민다/VV~EF
니혼/NNG
매기/NNG
버텨/VV~EC
웃돌/VV
세븐/NNG
이상준/NNP
가진다/VV~EC
과대평가/NNG
국제올림픽위원회/NNP
마리안/NNP
불린다/VV~EC
빼먹/VV
전야제/NNG
덮친/VV~ETM
두드린다/VV~EF
잡스/NNG
총무부/NNG
튼실/XR
평결/NNG
물러설/VV~ETM
색슨/NNP
싱클레어/NNP
종횡무진/NNG
퍼블릭/NNG
거취/NNG
경유지/NNG
뒤축/NNG
송진우/NNP
시커멓/VA
배유/NNG
이도/NNP
리트/NNG
바르가스/NNP
아사히/NNP
정동진/NNP
페퍼/NNP
골랐/VV~EP
펠리니/NNP
풍겼/VV~EP
황석영/NNP
사진사/NNG
쉼표/NNG
이뤄질/VV~ETM
패소/NNG
나를/VV~ETM
베니/NNP
사이인/NNG~ETM
원령/NNG
자타/NNG
준수/XR
카메론/NNP
피어났/VV~EP
사카이/NNP
전병/NNG
브래드/NNP
삼화/NNG
타이트/NNG
팝송/NNG
가스펠/NNG
산토스/NNG
솔로몬제도/NNP
양용/NNG
팽팽히/MAG
깨질/VV~ETM
뛰어올랐/VV~EP
박찬욱/NNP
빗댄/VV~ETM
호리호리/MAG
고등부/NNG
김동수/NNP
난공불락/NNG
닭살/NNG
변연/NNG
응했/VV~EP
져온/VX~ETM
땜/NNG
비제/NNP
제일/NNP
쫓아갔/VV~EP
대니/NNP
비비안/NNP
수은주/NNG
야외무대/NNG
접견실/NNG
커팅/NNG
김혜정/NNP
뉴웨이브/NNP
위안/NNB
이겨서/VV~EC
크로스바/NNG
사흘간/NNG
김인식/NNP
내비치/VV
박중훈/NNP
이석/NNP
창춘/NNP
휴/NNP
귀재/NNG
다쳐/VV~EC
박철수/NNP
실바/NNG
아시스/NNP
연장전/NNG
한라/NNP
게이머/NNG
골라야/VV~EC
끌어내리/VV
농어민/NNG
이브닝/NNG
장률/NNG
다칠/VV~ETM
대타/NNG
콘테스트/NNG
로드리게즈/NNP
리사/NNG
선곡/NNG
군침/NNG
레드우드/NNP
파워풀/NNG
1045/SN
대절/NNG
레지/NNG
밀워키/NNP
수훈/NNG
스스럼없이/MAG
시브/NNG
여수/NNG
프리메라리/NNG
높이뛰기/NNG
늘린/VV~ETM
비일비재/NNG
지휘봉/NNG
포백/NNG
남포동/NNP
떠안/VV
리치/NNG
슬럼프/NNG
우리은행/NNP
이은/NNP
이한/NNP
클로즈/NNG
가리킨다/VV~EC
리그전/NNG
박진/NNP
뼈아픈/VA~ETM
신모/NNG
의지력/NNG
허벅다리/NNG
헷갈리/VV
김인준/NNP
도와야/VV~EC
돋보였/VV~EP
야구부/NNG
키아로스타미/NNP
대우자동차/NNP
반주자/NNG
홈스/NNP
난센스/NNG
던컨/NNP
데릭/NNP
러시/NNP
봉건주의/NNG
깰/VV~ETM
며칠간/NNG
방증/NNG
어때요/VA~EF
에밀리오/NNP
임한/VV~ETM
쫑긋/MAG
퀸/NNG
태업/NNG
팝콘/NNG
퍼거슨/NNP
펑펑/MAG
플립/NNG
미우라/NNP
아일/NNG
하퍼/NNP
로카르노/NNP
마침표/NNG
쓰리/VA
유키/NNP
나눠서/VV~EC
대한체육회/NNG
실익/NNG
워스/NNP
앨/NNP
운다/VV~EC
잇단/VV~ETM
김상기/NNP
꺾였/VV~EP
박근형/NNP
발칵/MAG
아이비/NNG
풍납동/NNP
호쾌/XR
긴자/NNP
남선/NNP
다카하시/NNP
뒤진/VV~ETM
무속인/NNG
선재/NNP
여자부/NNG
인고/NNG
플라워/NNG
스포트라이트/NNG
코리안/NNG
코오롱/NNP
강적/NNG
거뜬히/MAG
로시/NNG
시사회/NNG
갱단/NNG
이용권/NNG
말론/NNP
성룡/NNP
야마가타/NNP
올라탔/VV~EP
트윈/NNG
안드레스/NNP
파벨/NNP
1193/SN
간다/EF
블라스/NNP
으로선/JKB
전무이사/NNG
해설가/NNG
ㆍ/NNB
맹위/NNG
문성근/NNP
스타워즈/NNP
움찔/MAG
총력전/NNG
축구단/NNG
노릴/VV~ETM
눈독/NNG
유치하여/NNG~EC
클라우디오/NNP
평창동/NNP
피칭/NNG
“‘/SS
닫혔/VV~EP
따라올/VV~ETM
비겨/VV~EC
쏠쏠/XR
어프로치/NNG
이시/NNG
로자/NNP
서울아트시네마/NNP
임진각/NNP
터틀/NNG
포지/NNG
건국대/NNP
로코/NNP
숨바꼭질/NNG
의친왕/NNP
잇따랐/VV~EP
제이크/NNP
토스/NNG
트레이너/NNG
행크/NNP
베팅/NNG
숙적/NNG
이라크군/NNG
작품전/NNG
퍼킨스/NNP
ya/SL
바늘구멍/NNG
완전무결/NNG
이겨낸/VV~ETM
1164/SN
생긴다면/VV~EC
테렌스/NNP
합숙/NNG
가즈오/NNP
김원/NNP
막후/NNG
에디션/NNG
주교회/NNG
첫선/NNG
파열음/NNG
괴력/NNG
동군/NNG
로이터/NNP
지켜줄/VV~ETM
터뜨려/VV~EC
티에리/NNP
활용법/NNG
골퍼/NNG
러시/NNG
메츠/NNP
불러들인/VV~ETM
시간차/NNG
아로/NNG
윤석/NNP
쥐구멍/NNG
지존/NNG
커리큘럼/NNG
클리프/NNP
고유가/NNG
괌/NNP
솔트레이크시티/NNP
스피릿/NNG
오래간만/NNG
지토/NNG
퍼트/NNG
그루브/NNG
메이드/NNG
박흥식/NNP
새달/NNG
신협/NNP
여왕개미/NNG
인하대/NNP
도전장/NNG
맹활약/NNG
카사노바/NNP
토레/NNP
프리먼/NNP
㎒/NNB
라돈/NNG
몰아쳐/VV~EC
배수지/NNG
소공동/NNP
온다면/VV~EC
진땀/NNG
도핑/NNG
몽/NNG
펑키/NNG
감췄/VV~EP
맥없이/MAG
베르톨루치/NNP
샌안토니오/NNP
시트콤/NNG
요시노/NNP
유미/NNP
이병주/NNP
이원식/NNP
적통/NNG
헬/NNG
나와도/VV~EC
스타팅/NNG
정치망/NNG
김대현/NNP
껐/VV~EP
실베스트르/NNP
아인/NNG
오가사와라/NNP
저스틴/NNP
출연료/NNG
폰테/NNP
필리스/NNP
하시모토/NNP
강고/XR
기타노/NNP
낙원동/NNP
딥/NNG
샅바/NNG
제라드/NNP
참가비/NNG
축하할/NNG~ETM
클락/NNG
펠레/NNP
대번에/MAG
어우러진다/VV~EF
레인보우/NNG
심청이/NNP
어림잡/VV
엠/NNG
오세암/NNP
제이콥/NNP
3700/SN
된지/VV~EC
리바운드/NNP
살펴본다면/VV~EC
선보일/VV~ETM
예매/NNG
오사무/NNG
재경부/NNG
챌린저/NNG
체육회/NNG
공중파/NNG
루벤/NNP
설욕/NNG
치히/NNG
난조/NNG
당할까/VV~EC
대회장/NNG
생겨도/VV~EC
토비/NNG
마리아노/NNP
인터라켄/NNP
질풍/NNG
카메라맨/NNG
듀오/NNG
미싱/NNG
발할/VV~ETM
벤슨/NNP
시리/NNG
에리카/NNP
팔머/NNG
헤알/NNG
휴지기/NNG
기본기/NNG
김광섭/NNP
단국대/NNP
리바운드/NNG
보컬리스트/NNG
새미/NNG
스몰/NNG
야생마/NNG
엎친/VV~ETM
고소장/NNG
과달라하라/NNP
레트/NNG
번번히/MAG
실뱅/MAG
앙헬/NNP
하야오/NNP
배팅/NNG
변심/NNG
봉송/NNG
쉰들러/NNP
실망감/NNG
윗/MM
통한/NNG
히데오/NNP
구로다/NNP
승기/NNG
패장/NNG
해갈/XSV~ETM
활력소/NNG
기염/NNG
마쳐/VV~EC
월봉/NNG
늦춰/VV~EC
댄싱/NNG
명지대/NNP
오간다/VV~EF
입건/NNG
텃세/NNG
팀워크/NNG
파르마/NNG
개막작/NNG
김성호/NNP
레즈/NNP
박세리/NNP
보태/VV~EC
엘레나/NNP
연파/NNG
요미우리/NNP
일반부/NNG
파머/NNG
흔든/VV~ETM
김영주/NNP
남이섬/NNP
동부/NNP
라일리/NNP
만병통치약/NNG
맞힌/VV~ETM
변화구/NNG
빠듯/XR
서태지/NNP
정몽준/NNP
터줏대감/NNG
기본자세/NNG
내보낸/VV~ETM
라일/NNP
미드필더/NNG
발군/NNG
시축/NNG
중압감/NNG
페넌트/NNG
건전/XR
김수경/NNP
김호/NNP
보비/NNP
입담/NNG
저격수/NNG
중대부/NNG
하나은행/NNP
하라/NNP
호된/VA~ETM
희비/NNG
기념사진/NNG
뛰어들/VV~ETM
성공작/NNG
속공/NNG
외발/NNG
고마웠/VA~EP
댄/NNG
류승완/NNP
세대교체/NNG
손꼽혔/VV~EP
정훈/NNP
주효/NNG
추격전/NNG
난적/NNG
스터디/NNG
안타까워했/VV~EP
앳킨슨/NNP
노린다/VV~EF
놀렸/VV~EP
몰려다니/VV
아우토반/NNG
자책점/NNG
폴라/NNP
극비/NNG
금자탑/NNG
김주성/NNP
닉스/NNP
리턴/NNG
맷/NNG
설전/NNG
초등부/NNG
춘계/NNG
라모스/NNP
서울시청/NNP
여/MM
이상우/NNP
최민식/NNP
프리미어/NNG
다퉈/VV~EC
바캉스/NNG
장맛비/NNG
케니/NNP
anything/SL
김남일/NNP
디아즈/NNP
스트롱/NNP
어웨이/NNG
에스테반/NNG
제공업/NNG
쫓긴/VV~ETM
acting/SL
당찬/VA~ETM
도이/NNP
따끔/MAG
스컹크/NNG
우석/NNP
워너브라더스/NNP
타로/NNG
하이트/NNG
훌리오/NNP
기사회생/NNG
베어스/NNP
싸가지/NNG
책임진/VV~ETM
클레멘트/NNP
트로트/NNG
퍼팅/NNG
5800/SN
배운다는/VV~ETM
오카다/NNP
측만증/NNG
케이시/NNP
편의주의/NNG
라고스/NNP
얼떨떨/XR
퍼펙트/NNG
갈랐/VV~EP
로드리/VV
식장/NNG
가솔/NNG
경기연맹/NNP
김형준/NNP
득표수/NNG
로커/NNG
부단장/NNG
이승엽/NNP
인터프리터/NNG
정민태/NNP
치웠/VX~EP
화촉/NNG
나갔/EC
남자부/NNG
다부진/VA~ETM
단국/NNP
데려갈/VV~ETM
부룬디/VV~EC
사랑니/NNG
이스테이트/NNG
전화위복/NNG
주최사/NNG
내년도/NNG
덕장/NNG
리안/NNP
살얼음/NNG
서머/NNG
클라우디아/NNP
퍼커션/NNG
감봉/NNG
김형석/NNP
니뭐/VCP
대한체육회/NNP
미쟝센단편/NNG
민방/NNG
뻘뻘/MAG
사뿐히/MAG
수난기/NNG
천수/NNP
클리프턴/NNP
포춘/NNP
한풀/NNG
닌텐도/NNP
벨로루시/NNP
볼턴/NNP
소니사/NNP
은행동/NNG
장대높이뛰기/NNG
편도선/NNG
하울/NNG
한데다/XSV~EC
근황/NNG
스토커/NNP
영등포동/NNP
치웠/VV~EP
단양/NNG
랑데부/NNG
르/SH
미룰/VV~ETM
보디빌딩/NNG
부소장/NNG
알바로/MAG
초구/NNG
타력/NNG
튀길/VV~ETM
경기력/NNG
그랜드슬램/NNG
바셀린/NNP
봅슬레이/NNP
오라클/NNP
이룬다/VV~EC
이뤄져야/VV~EC
이영애/NNP
일궈/VV~EC
조련사/NNG
천룡/NNG
초미/NNG
타이타닉/NNP
토리/NNP
프리미어/NNP
효자손/NNG
sim/SL
데이먼/NNP
로스엔젤레스/NNP
마스터스/NNG
서군/NNG
이승현/NNP
주요인/NNG
페루자/NNP
구덕/NNG
디펜/NNG
뛴/VV~ETM
반신반의/NNG
버튼/NNP
얘길/NNG~JKO
엘튼/NNP
와르르/MAG
이강래/NNP
전폭기/NNG
차/NNP
펀칭/NNG
합의점/NNG
현대전/NNG
개리/NNG
금잔디/NNG
김동호/NNP
끼리끼리/MAG
실패작/NNG
아이언/NNG
에버랜드/NNP
장타/NNG
호원/NNG
디디/NNG
에인절/NNG
치악/NNG
퍼시픽리그/NNG
펼침/VV~ETN
해줬/VV~EP
나디아/NNP
늑장/NNG
오소/NNG
조호/NNG
펴내/VV~EC
가제트/NNP
거물급/NNG
게이블/NNP
기념우표/NNG
더티/NNG
라이드/NNG
불세출/NNG
엇갈렸/VV~EP
오순도순/MAG
중구청/NNG
피리어드/NNG
한국야구위원회/NNP
황선홍/NNP
뒤집혔/VV~EP
레스/NNG
로드니/NNP
바버라/NNP
장성호/NNP
재중/NNG
지켜냈/VV~EP
축구리그/NNG
타순/NNG
테드/NNG
포문/NNG
혈투/NNG
개런티/NNG
고이치/NNP
구질/NNG
내달렸/VV~EP
루이제/NNP
리에/NNP
배구부/NNG
빅토리/NNG
빠진다는/VV~ETM
심청/NNG
써낸/VV~ETM
어머나/IC
가디언/NNG
각축전/NNG
담담히/MAG
데니/NNP
문소리/NNG
브람/NNP
쏠린/VV~ETM
안젤리/NNP
카브랄/NNP
터커/NNG
포상금/NNG
피닉스/NNG
가넷/NNG
라지/VCP~EC
러프/NNP
바르도/NNP
북남/NNP
열창/NNG
유니콘스/NNP
코레일/NNG
포그/NNG
허진호/NNP
세기폭스/NNG
속지/NNG
알바레스/NNP
에이미/NNG
질풍노도/NNG
쿨/NNP
피팅/NNG
한전/NNG
./SE
거머쥔/VV~ETM
김선영/NNP
래퍼/NNP
마따나/JKB
배용준/NNP
불러내/VV~EC
빛난/VV~ETM
신현준/NNP
안토니오니/NNP
앞설/VV~ETM
지워진다/VV~EF
페어웨이/NNG
가시마/NNG
게임물/NNG
박재홍/NNP
발데스/NNP
사뮈엘/NNP
사우스웨스트/NNP
악셀/NNG
키커/NNG
토트/NNG
팬더/NNG
국제회의장/NNG
대교/NNP
떠난다/VV~EC
브렛/NNP
앞질렀/VV~EP
절체절명/NNG
크라프트/NNP
홍명보/NNP
고립무원/NNG
극장가/NNG
내비쳤/VV~EP
매니/NNG
묵묵부답/NNG
소더버그/NNP
시미즈/NNG
시험대/NNG
아타/NNP
팻/NNP
피비/NNG
한ㆍ미/NNP
군대식/NNG
브라이언트/NNP
블랙번/NNG
산타나/NNP
속개/NNG
실바/NNP
오리콘/NNG
정해질/VV~ETM
주급/NNG
터뜨린/VV~ETM
파나소닉/NNP
풀백/NNG
프리뷰/NNG
껄끄러운/VA~ETM
밀리터리/NNG
여독/NNG
와그너/NNP
이환/NNP
좋아한다면/VV~EC
챙겨야/VV~EC
크로싱/NNG
표도르/NNG
할렐루야/NNP
휴식기/NNG
경성대/NNP
냈/EC
레이크사이드/NNP
싸운다는/VV~ETM
이승철/NNP
자유투/NNG
장동건/NNP
태영/NNP
김미현/NNP
납기일/NNG
도토/NNG
되돌렸/VV~EP
레귤러/NNG
만촌동/NNP
몰아쳤/VV~EP
불패/NNG
실린다/VV~EF
엡스타인/NNP
옴니/NNG
완패/NNG
유지태/NNP
이숙자/NNP
인생사/NNG
주최국/NNG
큐브릭/NNP
가정사/NNG
미도/NNP
백태/NNG
열대야/NNG
유인촌/NNP
이곡/NNG
이프/NNG
전쟁기/NNG
주문진/NNG
추크/NNG
토레/NNG
파월/NNG
현철/NNP
호크스/NNP
화제작/NNG
김인섭/NNP
레슨/NNG
브리지트/NNP
사브르/NNG
샤크/NNP
스리/NNG
에르난데스/NNP
연합뉴스/NNP
중등부/NNG
키드먼/NNP
타이론/NNP
패색/NNG
펼쳐야/VV~EC
라켓볼/NNG
뭐/NP~NP
바루/MAG
부리그/NNG
어긋난다고/VV~EC
와일드/NNG
투시도/NNG
파머/NNP
파우/NNP
펠프스/NNP
한국전/NNP
개통식/NNG
곁들여져/VV~EC
김태우/NNP
동트/VV
로타/NNG
리시브/NNG
매니지먼트사/NNG
소방수/NNG
쇼케이스/NNG
양키스/NNG
오리올스/NNP
윽박지르/VV
이혼녀/NNG
표도르/NNP
풀타임/NNG
김정우/NNP
김진수/NNP
김혜나/NNP
나이스/NNG
레나토/NNP
루프트/NNG
박진섭/NNP
범해/VV~EC
비치발리볼/NNG
사사키/NNP
실릴/VV~ETM
엠블럼/NNG
전준호/NNP
킨/NNP
행운아/NNG
강행군/NNG
거셌/VA~EP
거스/NNP
김병현/NNP
눈웃음/NNG
러프/NNG
리버풀/NNG
보카/NNP
어드/NNG
어부지리/NNG
적토마/NNG
전한다/VV~EC
중족골/NNG
컨셉트/NNG
컷오프/NNG
헤르니아/NNP
김세진/NNP
내두르/VV
네리/NNP
레스/NNP
멤버십/NNG
보쉬/NNP
뽐냈/VV~EP
팻/NNG
편당/NNG
폴크스바겐/NNP
환담/NNG
가려졌/VV~EP
갤럭시/NNG
글썽이/VV
김성한/NNP
레드삭스/NNP
린다/VV~EC
벤틀리/NNP
스테디셀러/NNG
오두산/NNP
요시히로/NNP
이윤재/NNP
정재영/NNP
찰턴/NNP
풀어낸다/VV~EF
감바/NNG
구대/NNG
박지선/NNP
센/NNG
송이/NNP
페/NNP
홈런왕/NNG
김지운/NNP
되살렸/VV~EP
롯데호텔/NNP
마니아/NNP
스벤/NNG
오길비/NNP
이뤄냈/VV~EP
털사/NNG
계영/NNG
농구단/NNG
드높였/VV~EP
뛰쳐나온/VV~ETM
로메로/NNP
벌어들였/VV~EP
베어스/NNG
싱글/MAG
아이린/NNG
이룸/NNG
이진영/NNP
이창수/NNP
절치부심/NNG
최경주/NNP
코비/NNP
쾰른/VV~ETM
팬텀/NNG
폐막작/NNG
홍원기/NNP
힘겨워/VA~EC
김연아/NNP
나상/NNG
맥과이어/NNP
미코/NNP
박스오피스/NNG
엘스/NNP
이병규/NNP
치명타/NNG
피겨/VV~EC
김정수/NNP
농구화/NNG
린제이/NNP
병살/NNG
스캇/NNP
아냐/VCN~EC
엔니오/NNP
조앤/NNG
주드/NNG
매듭지/VV
범어동/NNP
비상등/NNG
어게인/NNG
예당/NNP
이시이/NNP
이치로/NNP
줬/EC
터트렸/VV~EP
파렐/NNP
평정심/NNG
필로스/NNG
항공료/NNG
대디/NNG
밀란/NNG
보여줘야/VV~EC
브런치/NNG
애송이/NNG
에버트/NNP
유상철/NNP
풍운아/NNG
피어/NNP
8200/SN
광/NNP
국민체육/NNG
김민지/NNP
덕아웃/NNG
떠나보낸/VV~ETM
블루칩/NNG
송추/NNP
승부수/NNG
신치/NNG
쑥스럽/VA
월튼/NNP
장대비/NNG
최광수/NNP
./XSN
강호/NNP
김영란/NNP
삼진/NNP
연건동/NNP
올스타전/NNG
이민우/NNP
이츠키/NNP
자는데/EC
폐막식/NNG
겉돌/VV
골절상/NNG
김명희/NNP
김현수/NNP
마스터링/NNG
밀거래/NNG
비바/NNG
빈스/NNP
와이번스/NNG
이재원/NNP
휘슬/NNG
김정은/NNP
다가옴/VV~ETN
단타/NNG
생각날/VV~ETM
서먹서먹/XR
송산/NNG
슈렉/NNP
양양/NNG
웨스트우드/NNP
프로토/NNG
결정타/NNG
너바나/NNP
네빌/NNP
드러머/VV~ETM
베이스볼/NNG
베키/NNP
뽐낼/VV~ETM
석패/NNG
이경수/NNP
이왕/NNG
재발매/NNG
제빵사/NNG
패인/NNG
9400/SN
굳어질/VV~ETM
김성근/NNP
김재현/NNP
다카유키/NNP
발한/VV~ETM
보탠/VV~ETM
신흥국/NNG
일주일간/NNG
정기회/NNG
정명원/NNP
김민종/NNP
김중만/NNP
달성/NNP
되갚/VV
듀스/NNP
등신대/NNG
디바/NNG
모비스/NNP
박은선/NNP
베르니/NNP
베인/NNP
심드렁/XR
야신/NNG
엄정화/NNP
일문일답/NNG
임수정/NNP
중월/NNG
쩍쩍/MAG
천하무적/NNG
카디널스/NNP
강제규/NNG
교류전/NNG
김대섭/NNP
데이비드슨/NNP
드린다/VV~EC
불쏘시개/NNG
선선/NNG
송지/NNG
응모자/NNG
젠슨/NNP
조직위/NNG
주니어스/NNG
청풍명월/NNG
추격자/NNG
코리/NNG
킥오프/NNG
파이리츠/NNP
견제구/NNG
김상훈/NNP
년차/NNG
덕양/NNP
로테이션/NNG
밀리언/NNP
안데르손/NNP
올스타/NNG
응원전/NNG
타/NNB
파이터/NNG
허들/NNG
김광현/NNP
김진호/NNP
돋힌/VV~ETM
먹힌/VV~ETM
박경완/NNP
승부차기/NNG
아르센/NNP
워시번/NNP
윌리엄스버그/NNP
이카루스/NNG
특소세/NNG
기탁금/NNG
김일권/NNP
뒤진다/VV~EF
때맞춰/VV~EC
럭스/NNP
레버쿠젠/NNP
박지은/NNP
블랭크/NNG
섀넌/NNP
수잔/NNG
웨이드/NNG
유오/NNG
이동원/NNP
이정민/NNP
인가요/VCP~EC
투자사/NNG
허재/NNP
협보/NNG
광영/NNG
김대우/NNP
김민수/NNP
놨/VV~EP
라이너스/NNP
마요/NNG
맞불/NNG
성우/NNP
안탈리아/NNP
에릭손/NNP
오이타/NNG
월드/NNP
줘/EC
패서디나/NNP
한ㆍ/NNG
공인구/NNG
근호/NNG
레이커스/NNP
리오넬/NNP
스테이플스/NNG
스피드웨이/NNG
요시카/NNP
이금희/NNP
이명우/NNP
이승호/NNP
잇점/NNG
짜냈/VV~EP
차승재/NNP
칼텍스/NNP
케이티/NNP
호치/NNG
골라낸/VV~ETM
김성철/NNP
김인경/NNP
까다로웠/VA~EP
드림웍스/NNP
라일/NNG
모리셔스/NNG
박인호/NNP
속사포/NNG
슈터/NNG
자작곡/NNG
코닝/NNP
파드/NNG
파울로/NNP
파인즈/NNP
한국마사회/NNP
가려질/VV~ETM
강혜정/NNP
내줬/VV~EP
네트웍스/NNG
대신동/NNG
도노반/NNP
마쓰이/NNP
마약류/NNG
멈춰섰/VV~EP
무거워졌/VA~EP
비거리/NNG
싹쓸이/NNG
어니/NNP
역전승/NNG
오릭스/NNP
완승/NNG
우라/NNG
조상현/NNP
해피/NNP
황모/NNG
noon/SL
김수연/NNP
김재박/NNP
납량/NNG
루니/NNP
맷/NNP
양키스/NNP
에이미/NNP
오이타/NNP
젬/NNG
쥬얼리/NNG
카림/NNG
켄트/NNG
크루/NNG
페어플레이/NNG
끌어내렸/VV~EP
낙폭/NNG
되치/VV
모처/NNG
박진영/NNP
봅슬레이/NNG
서울아산병원/NNP
송내/NNG
원더풀/NNG
전주이/NNP
졸리/NNP
캘러웨이/NNP
탄탄대로/NNG
프리미어리그/NNG
공멸/NNG
김시진/NNP
내덕동/NNP
대주자/NNG
독종/NNG
리베로/NNP
미켈/NNP
박진성/NNP
부어올라/VV~EC
시민운동장/NNG
시티즌/NNG
신일/NNP
아라키/NNP
오든/NNP
이상구/NNP
장타율/NNG
지단/NNP
쳐졌/VV~EP
치러질/VV~ETM
코르토/NNP
가르쳐줄/VV~ETM
가맹단체/NNG
결정력/NNG
근소/NNG
넥슨/NNP
다니엘스/NNP
물러선/VV~ETM
벽산/NNG
부풀렸/VV~EP
션/NNG
시미즈/NNP
악력/NNG
어딨/NP~VV
오리온스/NNP
우라/NNP
지바/NNP
청어람/NNG
총출동/NNG
타이슨/NNP
흘려야/VV~EC
김병철/NNP
김은영/NNP
김재영/NNP
김현식/NNP
네이선/NNP
모리코네/NNP
미키마우스/NNP
보로/NNP
보카/NNG
블랭크/NNP
비빌/VV~ETM
스테이시/NNG
아약스/NNP
애슬/NNG
오모/NNG
이만기/NNP
이미자/NNP
인보이스/NNP
조인식/NNG
중량급/NNG
창춘/NNG
타비/NNG
통일전망대/NNP
형사부/NNG
강원일보/NNP
강지/NNG
공로패/NNG
김도훈/NNP
김보경/NNP
김창완/NNP
논스톱/NNG
다운스/NNP
덩크/NNG
뒷거래/NNG
리오스/NNP
스페셜리스트/NNG
신중현/NNP
아시안컵/NNG
원모/NNG
전력투구/NNG
차기작/NNG
카림/NNP
캐디/NNP
평가전/NNG
포에버/NNG
플롭/NNG
허덕였/VV~EP
후원사/NNG
missing/SL
강원대/NNP
곤지암/NNP
광주은행/NNP
그레코로만/NNP
김미정/NNP
김종현/NNP
담긴다/VV~EF
동아대/NNP
라이온스/NNG
로드리고/NNP
불펜/NNG
사일런트/NNG
삼성증권/NNP
수비자/NNG
아카펠라/NNP
오지영/NNP
울리/NNG
일렉트로니카/NNG
장준환/NNP
점친/VV~ETM
정들/VV
진광/NNG
추징금/NNG
피오렌티나/NNP
하세가/NNG
하우젠/NNG
고종수/NNP
골프용품/NNG
김기훈/NNP
김호정/NNP
단고기/NNG
마이너리그/NNG
맥라렌/NNP
배구단/NNG
볼러/VV~EC
비긴/VV~ETM
센터링/NNG
승부욕/NNG
아시아대륙/NNP
아카시/NNG
완파/NNG
음베키/NNP
터닝/NNG
파드/NNP
한솥밥/NNG
권상우/NNP
다이스케/NNP
러빙/NNG
로레/NNP
롯데마트/NNP
리믹스/NNG
에인트호벤/NNP
옥션/NNP
웃자란/VV~ETM
유승호/NNP
응원가/NNG
인디스토리/NNG
읽혀진다/VV~EF
주홍글씨/NNP
채워줄/VV~ETM
최희섭/NNP
춘자/NNP
카브레라/NNP
킨/NNG
파라자노프/NNP
경기대/NNP
김상우/NNP
김원길/NNP
김은희/NNP
남모를/VA~ETM
동군/NNP
박빙/NNG
상영회/NNG
신인왕/NNG
실제감/NNG
싱커/NNG
워너/NNG
이동희/NNP
이천수/NNP
잡아냈/VV~EP
좁혔/VV~EP
공명선거/NNG
기력증/NNG
김형규/NNP
눈두덩이/NNG
몰아친/VV~ETM
범실/NNG
세이부/NNP
안병기/NNP
양강/NNG
에밀/NNG
유해물/NNG
전지훈련/NNG
클린/NNG
키키/NNG
펼쳐왔/VV~EP
꾸려야/VV~EC
다니/NNP
레넌/NNP
멜버른/VV~ETM
스마일/NNG
스텔스기/NNP
스포트/NNG
엘리슨/NNP
유상욱/NNP
이시이/NNG
임실군청/NNP
제자리걸음/NNG
김경태/NNP
김대승/NNP
김지훈/NNP
매튜스/NNG
법ㆍ/NNG
복수전/NNG
브레이브스/NNP
선수상/NNG
썬더스/NNP
어이없이/MAG
윔블/VV
임파서블/NNG
장윤정/NNP
정재은/NNP
처졌/VV~EP
축구화/NNG
ez/SL
건제/NNG
김상태/NNP
김형찬/NNP
녹취/NNG
듀스/NNG
러브레터/NNG
부타/NNG
불러준다/VV~EF
서포터스/NNG
영화업/NNG
웨이드/NNP
이용훈/NNP
익산시청/NNP
탕/NNP
터프가이/NNG
하나비/NNG
후반전/NNG
강원도청/NNP
게라/NNG
그렉/NNP
김종학/NNP
김주현/NNP
뛴다/VV~EC
수출가/NNG
앙시/NNG
장ㆍ/NNG
전인권/NNP
최종일/NNG
콜베/NNP
포볼/NNG
피버스/NNG
해촉/NNG
건빵/NNG
공포물/NNG
김광호/NNP
김윤희/NNP
김준식/NNP
대한올림픽위원회/NNP
들려줬/VV~EP
라미레스/NNP
로게/NNG
박희진/NNP
뷰익/NNG
서전트/NNG
심재학/NNP
에드/NNG
에브라/NNP
웬델/NNP
천군만마/NNG
테세/NNG
퍼터/NNG
한맥/NNG
혼영/NNG
화수분/NNG
가든/NNP
경기인/NNG
고육책/NNG
굴뚝같/VA
그랜트/NNG
기대주/NNG
김대/NNP
김홍준/NNP
내리찍/VV
돋보인/VV~ETM
릴리/NNG
마라도나/NNP
무크지/NNG
바닥난/VV~ETM
박기용/NNP
심정수/NNP
어게/NNG
엄했/VA~EP
이정연/NNP
이종범/NNP
정동극장/NNP
케넌/NNP
판정승/NNG
페사/NNG
흔들린/VV~ETM
가와카미/NNP
고메즈/NNP
구슬땀/NNG
내리꽂/VV
더크/NNG
마버리/NNP
먹힌다/VV~EF
본행사/NNG
센트럴리그/NNG
안드레예프/NNP
울진군청/NNP
진기록/NNG
카우치/NNG
형아/NNG
．/SF
0/NNB
㈜/SS
강속구/NNG
그렉/MAG
김경식/NNP
김명제/NNP
꿰차/VV
내셔널스/NNG
노천극장/NNG
듀란트/NNP
라파/NNP
롯데엔터테인먼트/NNP
멀티플/NNG
무거동/NNP
백전노장/NNG
부저/NNG
사인회/NNG
알프레도/NNG
양동근/NNP
이구/NNP
이정은/NNP
적응도/NNG
정론지/NNG
조성환/NNP
헤니/NNP
호남정유/NNP
화이트삭스/NNP
후쿠하라/NNP
김세영/NNP
김용희/NNP
김중현/NNP
레더/NNP
레이번/NNG
로한/NNP
메치/VV
박재영/NNP
배두/NNG
불태울/VV~ETM
빗맞/VV
상영작/NNG
성공회대/NNP
아스널/NNG
오타니/NNP
제구력/NNG
제이콥슨/NNP
커크/NNG
하그리브스/NNP
호건/NNP
골잡이/NNG
김남기/NNP
김선우/NNP
김정남/NNP
김형태/NNP
노익장/NNG
로스터/NNG
박태환/NNP
밥주걱/NNG
법사위/NNG
보이코트/NNG
브루어스/NNP
삼성전/NNP
소렌스탐/NNP
슬램/NNG
악송구/NNG
에스파뇰/NNP
오버하우젠/NNG
올랐었/VV~EP
유셴코/NNP
이광재/NNP
이중원/NNP
제작ㆍ/NNG
중징계/NNG
추켜세웠/VV~EP
터트려/VV~EC
투수진/NNG
2160/SN
낙승/NNG
다카오/NNP
따돌렸/VV~EP
루이니/NNP
박수영/NNP
사르/NNP
사치세/NNG
서울월드컵경기장/NNP
아랍에미리트연합/NNP
양궁장/NNG
역삼각형/NNG
오초아/NNP
유니버설/NNG
유러피언/NNG
유잉/NNP
이동근/NNP
이지스/NNP
지애/NNG
진광/NNP
하프타임/NNG
회견장/NNG
강릉시청/NNP
계투/NNG
김종국/NNP
대한배구협회/NNP
도와줬/VV~EP
드래곤즈/NNP
로딕/NNP
루키/NNP
마르티넬리/NNP
보여줘/VV~EC
비야누에바/NNP
새끼발가락/NNG
선덜랜드/NNP
손숙/NNP
스틸러/NNP
암웨이/NNP
야코프/NNG
에인/NNG
여고괴담/NNG
완투/NNG
이재훈/NNP
이지환/NNP
중앙방송/NNP
출국장/NNG
태그아웃/NNG
패럴림픽/NNG
갈라타사라이/NNP
강한데/VA~EC
권혁/NNP
기다려왔/VV~EP
기흥/NNP
김수희/NNP
레드스톤/NNP
무승/NNG
미야자/NNP
밍/NNG
스탠퍼드대/NNP
아드리아노/NNP
열려야/VV~EC
오르티스/NNP
이용규/NNP
이형택/NNP
임하룡/NNP
잖아요/VCP~EF
전반전/NNG
차이퉁/NNG
최진한/NNP
치어리더/NNG
크래쉬/NNP
페네르바체/NNP
훈련병/NNG
데프콘/NNP
백코트/NNG
블란쳇/NNP
스카이라이프/NNG
안시현/NNP
이동호/NNP
이영철/NNP
이정식/NNP
이한구/NNP
잉그램/NNP
전관예우/NNG
전주국제/NNG
초대권/NNG
초이스/NNG
최향남/NNP
최희정/NNP
최/NNG
코주/NNG
탬파베이/NNG
펑크록/NNG
필로스/NNP
한별/NNG
현대미포조선/NNP
화천/NNG
가수상/NNG
고정운/NNP
곡중/NNG
곤도/NNG
김건모/NNP
김동규/NNP
김래원/NNP
동률/NNG
매버릭스/NNP
미끄러웠/VA~EP
방망/NNG
베이더/NNG
보완재/NNG
뿌리쳐/VV~EC
사이타마/NNG
삼순/NNP
서머/NNP
선발전/NNG
선축/NNG
이범호/NNP
이장수/NNP
이정훈/NNP
점수차/NNG
제조창/NNG
중상위/NNG
챔프/NNG
최성국/NNP
최원호/NNP
파이터스/NNG
한기주/NNG
해트트릭/NNG
휴이트/NNG
0050/SN
골밑/NNG
꿈꾼다/VV~EC
도메네크/NNP
리베/NNG
마스터카드/NNG
말린스/NNP
미들즈브러/NNP
바램/NNG
박주영/NNP
발신지/NNG
벌리/NNP
블랙풀/NNG
서포터/NNG
선제골/NNG
성남/VV~ETN
셀틱스/NNP
시사저널/NNP
시오/NNG
쓴소리/NNG
역발상/NNG
온세/NNG
왕자웨이/NNP
윈윈/NNG
이숭용/NNP
자문사/NNG
자중지란/NNG
재패/NNG
쟈니/NNP
전주시청/NNP
찾아간다/VV~EC
책임진다는/VV~ETM
취화선/NNG
클레망틴/NNP
포춘/NNG
프로테니스/NNG
해봐도/XSV~EC
2046/SN
걷어올려/VV~EC
국민대/NNP
김요한/NNP
내릴지/VV~EC
노포크/NNP
돼온/XSV~ETM
마리노스/NNP
마이다스/NNP
매덕스/NNP
미오/NNP
박진만/NNP
발자전거/NNG
사브르/NNP
서튼/NNP
앤틀러스/NNP
여/NA
이와타/NNP
이은경/NNP
이재은/NNP
일궈냈/VV~EP
잰걸음/NNG
전자랜드/NNP
주니치/NNP
청주시청/NNP
카를라/NNP
타차/NNG
프로미/NNG
고양시청/NNP
다가올수록/VV~EC
다뤄진다/VV~EF
동아제약/NNP
리거/NNG
린지/NNG
매경/NNP
박동혁/NNP
박혜경/NNP
서재응/NNP
올려줄/VV~ETM
올여름/NNG
외잘/NNG
이정운/NNP
적시타/NNG
지노/NNG
테크니션/NNG
통파/NNG
트리뷰트/NNG
한다고/EC
호리/MAG
갈랜드/NNP
과학고/NNG
그루지/NNG
김부선/NNP
김하늘/NNP
동타/NNG
듀엣곡/NNG
로손/NNP
롯데시네마/NNP
변석/NNG
비틀/MAG
선동열/NNP
선착/NNG
세피/NNG
스터프/NNG
쌍포/NNG
안재욱/NNP
양산시청/NNP
엄지원/NNP
열흘간/NNG
영패/NNG
이정철/NNP
죄수복/NNG
플레이어스/NNG
허우/NNP
헤트/NNP
호비/NNG
홀인/NNG
김영춘/NNP
내비친/VV~ETM
다카노/NNP
댄스곡/NNG
리그컵/NNG
마사시/NNP
맞바꾼/VV~ETM
매직/NNP
무근/XR
미뤄졌/VV~EP
본즈/NNG
부안군청/NNP
불록/NNG
불스/NNG
샤킬/NNP
아키야마/NNP
앨리웁/NNP
야쿠르트/NNG
어나/VV
올림피코/NNP
우에하라/NNP
이상민/NNP
이탈리아/NNG
정대영/NNP
좌월/NNG
총상금/NNG
최윤희/NNP
최정/NNG
친자매/NNG
페사로/NNG
프로배구/NNG
햄스트링/NNG
호지슨/NNP
강영호/NNP
개ㆍ/NNG
김연희/NNP
노히트노런/NNP
뒷심/NNG
따져도/VV~EC
라온/NNP
레이버/NNG
레이업/NNG
로코/NNG
마리엘/NNP
미츠오/NNP
박기남/NNP
발족식/NNG
부별/NNG
산케이/NNP
상훈/NNG
샹피/NNG
스트레이츠/NNG
스틸러스/NNP
쏠릴/VV~ETM
아레나스/NNP
얼짱/NNG
오프라/NNG
웹진/NNP
이세준/NNP
이정석/NNP
이터/NNG
인터리그/NNG
찰떡궁합/NNG
참가사/NNG
체육단/NNG
체재비/NNG
코벤트리/NNG
풀리그/NNG
플레이오프전/NNG
헤드윅/NNP
게펜/NNG
구본준/NNP
김민선/NNP
김운용/NNP
덩크슛/NNG
데미언/NNP
동해시청/NNP
되돌린/VV~ETM
러브콜/NNG
미디에이트/NNG
미쟝센/NNG
벤쳐/VV~EC
슬러거/NNG
역전패/NNG
영진위/NNG
운영부/NNG
이동현/NNP
이영욱/NNP
이영현/NNP
이종열/NNP
제친/VV~ETM
카르도소/NNP
캡스/NNG
펠로우/NNG
허정무/NNP
홀인원/NNG
간판스타/NNG
강혁/NNP
구매액/NNG
그린피/NNP
김경옥/NNP
김양신/NNP
내쉰/VV~ETM
던진다는/VV~ETM
도너츠/NNG
딜레이드/NNG
마린스/NNP
배한/NNG
버드/VV
베터/NNG
블록슛/NNG
삐끗/MAG
산리/NNG
섀넌/SH
서울예대/NNP
에인절스/NNP
윤지원/NNP
이계진/NNP
이원희/NNP
이창희/NNP
정경호/NNP
조혜정/NNP
칼텍스/NNG
투심/NNG
가입금/NNG
가즈요시/NNP
가즈히로/NNP
개찰기/NNG
골프클럽/NNG
김연경/NNP
김재환/NNP
김해시청/NNP
달아오를/VV~ETM
동평양대극장/NNP
릴랜드/NNP
마차도/NNG
맞보/VV
미켈슨/NNP
박성래/NNP
변진섭/NNP
북중미/NNP
삼진아웃/NNG
서스펜디드/NNG
수원시청/NNP
실축/NNG
야후코리아/NNP
오션스/NNG
유타/NNG
이성희/NNP
이어질지/VV~EC
정지우/NNP
좌투수/NNG
최경환/NNP
케이먼/NNP
프렌차이즈/NNG
하키장/NNG
．/NNG
골프백/NNG
락/VV~ETM
리차즈/NNP
박성배/NNP
박지빈/NNP
배영수/NNP
부전승/NNG
온/NNB
웰터/NNG
위덕대학교/NNP
이광환/NNP
이근호/NNP
이운재/NNP
이종현/NNP
이탈리아전/NNG
재즈곡/NNG
지원작/NNG
최동수/NNP
최혜정/NNP
캔디스/NNP
코리언/NNG
포인트가드/NNG
하루전/NNG
한희원/NNP
2470/SN
골게터/NNG
과학대/NNG
교환식/NNG
급락세/NNG
기권승/NNG
김선재/NNP
김승용/NNP
김희옥/NNP
나달/NNG
넌/NNG
노련미/NNG
맥시/NNG
박상훈/NNP
박원재/NNP
보니타/NNP
빌려줬/VV~EP
사요나라/NNG
손지창/NNP
쇼박스/NNG
수중전/NNG
신접살림/NNG
아산시청/NNP
우중간/NNG
울버햄프턴/NNP
이상엽/NNP
잠복근무/NNG
장타력/NNG
제다이/NNP
지아장커/NNP
천안시청/NNP
출범식/NNG
캘리포니아대/NNP
태광/NNP
투타/NNG
해줘/VV~EC
휘닉스파크/NNP
가엘/NNP
강동진/NNP
구원승/NNG
김경현/NNP
김기만/NNP
김모/NNP
김민재/NNP
김보영/NNP
김종민/NNP
낮선/NNG
다승왕/NNG
대한농구협회/NNP
로키스/NNP
료코/NNP
매니시/NNG
명승부/NNG
범타/NNG
비욘/NNG
사티리콘/NNP
서원대/NNP
싱/MAG
안재/NNP
앞선/NNG
언더파/NNG
역전극/NNG
오르내린/VV~ETM
워리어스/NNP
위즈/NNG
정교히/MAG
중고등학생/NNG
지운다/VV~EC
최종전/NNG
카펜/NNG
코르네/NNP
클리퍼스/NNP
탐색전/NNG
틈/VV~EC
한반도기/NNP
헷갈려/VV~EC
거탑/NNG
금사자상/NNG
김한수/NNP
김현태/NNP
김혜진/NNP
꾸며질/VV~ETM
나카타/NNP
동방신기/NNG
떠넘긴/VV~ETM
마해영/NNP
메스/NNP
모호/NNG
부산방송/NNP
사바티니/NNP
수원지법/NNP
심판진/NNG
썩였/VV~EP
알포스/NNP
오헤어/NNP
웸블리/NNG
위촉장/NNG
이카루스/NNP
잠룡/NNP
전창진/NNP
전훈/NNG
전희철/NNP
직배사/NNG
찻/NNG
채택료/NNG
치러낼/VV~ETM
카짐/NNG
컵스/NNG
코비/NNG
턴오버/NNG
투성/NNG
포포프/NNP
프리드리히스하펜/NNP
흥국생명/NNP
히사이시/NNG
imbc/SL
개봉작/NNG
개점휴업/NNG
구티/NNG
군행/NNG
김광혁/NNP
날린다/VV~EC
도와줘/VV~EC
리버스/NNP
마이키/NNP
맹타/NNG
멀더/NNG
몬스/NNP
미수복/NNG
박성화/NNP
병규/NNP
보아/NNP
볼튼/NNP
션/NNP
송이/NNG~VCP
수퍼스타/NNG
아르헨/NNP
애스트로스/NNP
오재영/NNP
완쾌/XR
원티드/NNG
이계호/NNP
임한다면/VV~EC
잠실야구장/NNP
장타자/NNG
정종화/NNP
정초신/NNG
조광래/NNP
지네딘/NNP
쫓겼/VV~EP
철원군청/NNP
컨페더레이션스컵/NNG
컬쳐/NNG
태권브이/NNP
터트린/VV~ETM
페어몬트/NNP
해크먼/NNG
현대제철/NNP
홍란/NNP
희극인/NNG
히데토시/NNP
女/NNG
·/NA
감춰야/VV~EC
경기대/NNG
기대치/NNG
김광훈/NNP
김석윤/NNP
김포시청/NNP
남녀부/NNG
내쉬/NNG
다득점/NNG
더했/VA~EP
드웨인/NNP
만테/JKB
메스니/NNG
모여라/VV~EF
박민규/NNP
박하사탕/NNP
박화/NNG
비자카드/NNP
빈증/NNG
섀넌/NNG
세르히오/NNP
스왈로스/NNP
스퍼트/NNG
신승훈/NNP
신해철/NNP
아드보카트/NNP
앞당겨진/VV~ETM
애슬레틱스/NNG
엔씨/NNG
연결음/NNG
오펜스/NNG
완봉/NNP
유스케/NNP
유치단/NNG
육민/NNG
지역지/NNG
찌릿찌릿/MAG
최형우/NNP
출전자/NNG
파죽/NNG
프리실/NNG
하은주/NNP
홀아웃/NNG
홈팀/NNG
기쿠지/NNG
김유택/NNP
김윤미/NNP
김준호/NNP
날림/VV~ETN
레더/NNG
론도/NNP
매홀/NNG
메이저리거/NNG
문희성/NNP
바에스/NNG
박기원/NNP
박철순/NNP
벽산건설/NNP
빅맨/NNG
서울문화재단/NNP
성주군청/NNP
세워줄/VV~ETM
스텐포드/NNP
신용운/NNP
신협중앙회/NNP
아우리/NNG
앤서/NNG
야쿠르트/NNP
야투/NNG
언더셔츠/NNG
에르체베트/NNP
연습량/NNG
원소속/NNG
이관우/NNP
이자리/NNG
인순이/NNP
인스트럭터/NNG
장나라/NNP
정재훈/NNP
주목도/NNG
지성이/NNP
천년학/NNG
첫판/NNG
초롱이/NNP
최진희/NNP
칸투/NNG
캐칭/NNG
티샷/NNG
파우치/NNP
파트너사/NNG
페테르손/NNP
포칼/NNG
프리에이전트/NNG
피처링/NNG
하이파이브/NNG
헤딩슛/NNG
헤어나올/VV~ETM
감정싸움/NNG
고영민/NNP
김정섭/NNP
김창남/NNP
김호철/NNP
나간/EC
던롭/SH
도쿄돔/NNP
라쇼/NNP
라이벌전/NNG
라호야/NNP
레드카드/NNG
렙/SH
로이스터/NNP
메가박스/NNG
박세호/NNP
봉중근/NNP
부흥중학교/NNP
북적북적/MAG
블랙슬래머/NNG
성덕초등학교/NNP
쇼이스트/NNP
수구초심/NNG
식스맨/NNG
아시아나국/NNP
야구인/NNG
언플레이어블/NNG
엠파스/NNP
오레곤주/NNP
오버래핑/NNG
오세아니아주/NNP
올랜/NNP
워너비/NNG
윤동균/NNP
이기범/NNP
이상태/NNG
이수도/NNP
인저리/NNG
자책골/NNG
제단편/NNG
지킵시다/VV~EF
찰거머리/NNG
카리나/VV
카이츠/NNP
켄드릭/NNP
파리아스/NNP
프리메라리가/NNG
회장기/NNG
．/SP
7388/SN
‘그린/VV~ETM
⅓/SW
강성범/NNP
공사전/NNG
공증서/NNG
광주일고/NNP
김두현/NNP
김진용/NNP
날려야/VV~EC
내리락/MAG
낸/NNP
다이너스티/NNP
대구월드컵경기장/NNP
대항마/NNG
던스턴/NNP
떠난지/VV~EC
루치노/NNP
리동규/NNP
리플레이/NNG
말아톤/NNG
매드니스/NNG
명서초등학교/NNP
몰아붙인/VV~ETM
박용성/NNP
방송위/NNG
베크맘베토브/NNP
사엔스/NNP
상암월드컵경기장/NNP
세븐티식서스/NNP
소리ㆍ/NNG
수비벽/NNG
순천향대/NNP
시월애/NNG
신민아/NNP
신병하/NNP
신승희/NNP
심수봉/NNP
아코스타/NNP
안드리/NNP
앤서/NNP
엄창섭/NNP
요비/NNG
원핸드/NNG
위안거리/NNG
유턴/NNP
윤석호/NNP
이세창/NNP
인조/NNB
장첸/NNP
적중자/NNG
전남전/NNG
정수근/NNP
제리/MAG
졸탄/NNG
준비위/NNG
차포/NNG
쳐본/VV~ETM
최다승/NNG
최상호/NNP
최태욱/NNP
치폴라/NNP
크리스티안센/NNP
토매/NNG
투니/NNG
티업/NNG
패시/NNG
프로화/NNG
한판승/NNG
헤런/NNP
홈경기장/NNG
휠라코리아/NNP
．/SW
2071/SN
6270/SN
갈리아니/NNP
공릉/NNG
교통방송/NNP
김인철/NNP
김현지/NNP
나비스코/NNG
노린다/VV~EC
농구팀/NNG
덕수상고/NNP
데로시/NNP
뒷북/NNG
로몽/NNP
맥그래스/NNP
모았었/VV~EP
박건하/NNP
박정아/NNP
박철우/NNP
샤오시엔/NNP
세레모니/NNG
송영식/NNP
스토크/NNP
아이파크/NNG
안겨준다는/VV~ETM
앞도/NNG
오클라호/NNP
원맨쇼/NNG
위저즈/NNG
이승화/NNP
장영달/NNP
재즈바/NNG
저우싱츠/NNP
정지호/NNP
조동화/NNP
조혜련/NNP
주소창/NNG
채리티/NNG
최강전/NNG
추창민/NNG
캐벌리어스/NNP
코데/NNG
테그/NNG
토트넘/NNP
특훈/NNG
틴틴/NNG
파트리스/NNP
펼친다면/VV~EC
피스톤스/NNP
필/SH
하메드/NNP
한국체대/NNP
해켓/NNG
홋스퍼/NNP
황금팔/NNG
후보군/NNG
2878/SN
⅔/SW
☎/NNP
가레스/NNP
갑급/NNG
강원일보사/NNP
김기동/NNP
김승수/NNP
김장훈/NNP
김주형/NNP
니클로스/NNP
다비즈/NNP
달굴/VV~ETM
대동종약원/NNP
대한체육회장/NNG
더뎌/MAG
뜬공/NNG
라에/VCP~EC
라페스타/NNG
레티프/NNP
로드쇼/NNP
로이터통신/NNP
매치/VV
모리노/NNP
모비스/NNG
목포대학/NNP
바이아웃/NNG
박희영/NNP
받아쳤/VV~EP
베이스타스/NNG
별사탕/NNG
불스/NNP
비씨카드/NNP
비즐리/NNP
살루스/NNP
상금왕/NNG
서한규/NNP
선더스/NNP
선즈/NNG
순항/NNP
슨미디어리서치/NNG
업어치기/NNG
에디나/NNP
에버튼/NNP
에투/NNG
예란/NNG
옐레나/NNP
오초아/NNG
올드미스/NNG
올림피크/NNP
유명주/NNG
이대수/NNP
이뤄진다/VV~EC
이슬기/NNG
인덴/NNG
장종훈/NNP
점쳐졌/VV~EP
조수미/NNG
지/MM
쳐내/VV~EC
최나연/NNP
최진수/NNP
코티스/NNP
쿨/SH
크리머/NNP
톱타자/NNG
투더/NNG
투자ㆍ/NNG
트라이아웃/NNG
파사노/NNP
프레일리/NNP
플로렌티노/NNP
피스토리우스/NNP
한민/NNP
한지연/NNP
핵심전력/NNG
황금사자기/NNG
황동혁/NNP
7220/SN
가네트/NNG
가스카/NNG
강명구/NNP
강수지/NNP
건동/NNG
고동진/NNP
고양종합운동장/NNP
구겼/VV~EP
국제배구연맹/NNP
김강석/NNP
꿰찼/VV~EP
남고부/NNG
낭자군/NNG
대행직/NNG
덧입힌/VV~ETM
데일리/NNG
돌려세웠/VV~EP
동/MAG
레이솔/NNG
로저/NNG
롯데닷컴/NNP
마리보르/NNP
맞상대/NNG
맷/VV~ETM
맹추격/NNG
몰수패/NNG
미랍/NNP
바이넘/NNG
밴드로스/NNP
버팔로스/NNP
불러모을/VV~ETM
블루제이스/NNP
살린다면/VV~EC
샐러리캡/NNG
성화봉송/NNP
셋업맨/NNG
셰이/NNP
쉬커/NNP
쓰쿠미/NNP
안정숙/NNP
알마그로/NNG
에다드/JKB
영등포경찰서/NNP
오츠카/NNP
올메/NNG
완봉/NNG
워크퍼밋/NNG
유승민/NNP
이병덕/NNP
이숙영/NNP
이순철/NNP
인비테이셔널/NNG
인삿말/NNG
일규/NNP
전주월드컵경기장/NNP
점수대/NNG
정동초등학교/NNP
정민철/NNP
정정옥/NNP
조범현/NNP
조현재/NNP
종합격/NNG
주예/NNG
챔피언전/NNG
최민호/NNP
최호성/NNP
추스렸/VV~EP
칠검/NNG
팀버울브스/NNP
팬인/NNG
포항전/NNG
프레타/NNG
프로스펙스/NNP
하이원/NNP
한국배구연맹/NNP
한양공/NNP
해내/VV~EC
허리우드/NNP
황재원/NNP
회장배/NNG
후쿠/NNG
히든카드/NNG
4273/SN
5092/SN
강견/NNG
강성훈/NNP
결승타/NNG
권영락/NNP
그리브/NNP
김상배/NNP
김송희/NNP
김태완/NNP
김하진/NNP
남겨뒀/VV~EP
노프/NNG
다퉜/VV
돼/NNG
되돌아본/VV~ETM
렉시/NNG
류시원/NNP
리딤/NNG
마파도/NNG
맞댔/VV~EP
맞바꿔/VV~EC
몰아부쳤/VV~EP
무패/NNG
박미희/NNP
병철이/NNP
부릉부릉/MAG
서군/NNP
서로간/MAG
설운도/NNP
성남시청/NNP
성시경/NNP
셀틱/NNG
셀틱/NNP
손보/NNG
수원삼성/NNP
스콜스/NNP
시게토시/NNP
신선호/NNP
여자유도/NNG
여중부/NNG
연예가/NNG
연타석/NNG
예레미/NNP
오기민/NNP
완봉승/NNP
용인술/NNG
원신연/NNP
윔블/VV~EP
이대영/NNP
이미나/NNP
이민섭/NNP
이왕기/NNP
이의윤/NNP
정훈탁/NNP
정훈희/NNP
제니트/NNP
조영철/NNP
조용구/NNP
즐겨듣/VV
지코/NNG
추격신/NNG
치우미/NNG
컨퍼런스/NNG
키릴렌코/NNP
타이즈/NNP
테일러메이드/NNP
토튼햄/NNP
토플리스/NNG
트웰브/NNP
페테르센/NNP
포츠/NNG
하춘화/NNP
항도중학교/NNP
해먼/NNP
해/XSV~JX
헬턴/NNP
호수비/NNG
호위국/NNG
희망곡/NNG
3432/SN
결승행/NNG
그라비티/NNG
기옌/NNP
김원형/NNP
김창윤/NNP
김초롱/NNP
나이키골프/NNP
내줘/VV~EC
뉴시네마/NNP
니혼햄/NNG
대원외고/NNP
동정표/NNG
라데나/NNP
래키/NNP
랜/NNB
레인저스/NNG
루시아노/NNP
리닝/NNG
매시즌/NNG
모지은/NNP
문동환/NNP
바쿨/NNG
박명환/NNP
박현순/NNP
박현식/NNP
변병주/NNP
본헤드/NNG
부회원/NNG
빅마마/NNG
사이드암/NNG
사인볼/NNG
서브리시브/NNG
선발팀/NNG
슈팅력/NNG
스퍼스/NNG
아니카/NNP
야니/NNP
야오밍/NNP
에코피아/NNP
영상제/NNG
오거스타내셔널/NNP
오덤/NNP
오태근/NNP
용인시청/NNP
우먼스/NNG
우지원/NNP
위트워스/NNP
유관순체육관/NNP
윤옥희/NNP
이대훈/NNP
이선화/NNP
이수만/NNP
이진아/NNP
이통사/NNG
이현도/NNP
이형두/NNP
일산호수공원/NNP
임필/NNG
조성모/NNP
조성민/NNP
조영민/NNP
준결/NNG
최명호/NNP
최용배/NNP
추성훈/NNP
코발/NNG
크럼프/NNP
테런스/NNG
토런/NNG
파놈/NNG
팩슨/NNP
펠더/NNG
풀세트/NNG
한곡/NNP
핫스퍼/NNG
허리우드극장/NNP
호안/NNP
3675/SN
3932/SN
4709/SN
5397/SN
5949/SN
7954/SN
강영식/NNP
거스/MAG
격려문/NNG
결정구/NNG
고공비행/NNG
과천시민회관/NNP
군산상고/NNP
그랜드볼룸/NNG
김계령/NNP
김근희/NNP
김옥빈/NNP
김학범/NNP
노비츠키/NNP
대럴/NNG
대한골프협회/NNP
더블보기/NNG
도루왕/NNG
도모유키/NNG
동산고/NNP
되/JKG
뒷담화/NNG
따냈/VV~EP
랩터스/NNG
로게/NNP
매치업/NNG
미국여자프로골프협회/NNP
박경모/NNP
박동석/NNP
박재상/NNP
박지만/NNP
박진형/NNP
본프레레/NNG
부능선/NNG
부친다고/VV~EC
블루스톰/NNG
비긴즈/NNP
빅스타/NNG
살펴라/VV~EC
설렌/NNG
센소/NNG
소그래스/NNG
소퍼/NNG
송승준/NNP
스카이워커스/NNP
스타디오/NNG
스타엠/NNG
스타일상/NNG
신현택/NNP
아메리퀘스트필드/NNP
애니씽/NNG
앨번/NNP
에버/NNG
에인절스/NNG
에토오/NNP
엠/SL
연이틀/NNG
오세근/NNP
우시/MAG
윈프리쇼/NNG
윙백/NNG
유니코리아/NNP
이관희/NNP
이민혁/NNP
이연택/NNP
이현준/NNP
입회금/NNG
정대세/NNP
정대현/NNP
정선민/NNP
정조국/NNP
조미현/NNP
조성태/NNP
줄리/MAG
채연/NNP
쳇/SH
최영우/NNP
최윤호/NNP
추승/NNG
춘계/NNP
코리아디자인센터/NNP
코마네치/NNG
코엘류/NNG
텄/VV
테베스/NNP
통할지/VV~EC
트래포드/NNP
파브/NNG
패한/NNG
퍼디낸드/NNG
퍼디낸드/NNP
풀럼/NNG
프로암/NNG
플레이하/NNG
한국체/NNP
한라/XSV~ETM
한려/VV~EC
호베르투/NNP
황현주/NNP
휴식차/NNG
3693/SN
4730/SN
강인봉/NNP
강지만/NNP
결승리그/NNG
골망/NNG
그리피/NNP
김기표/NNP
김재구/NNP
김주찬/NNP
남지연/NNP
노정윤/NNP
높인다면/VV~EC
니미부트르/NNP
대구시청/NNP
대한항/NNP
뎁/MM
도그빌/NNP
드라마ㆍ/NNG
레이업슛/NNG
로레이/NNP
마이데일리/NNP
마지막곡/NNG
맨유/NNG
멀티/MAG
메인홀/NNP
몽크/NNG
문근영/NNG
문학월드컵경기장/NNP
미드필드진/NNG
바다거북이/NNG
박시연/NNP
박인비/NNP
베론/NNG
베르나마/NNP
벨로루/NNP
불방망이/NNG
브란카/NNP
사우스게이트/NNP
사카이데/NNP
산업고/NNG
산업법/NNG
서장훈/NNP
성숙미/NNG
셰브첸코/NNP
소리아노/NNG
송도순/NNP
수입ㆍ/NNG
스폰서명/NNG
승완/NNG
시민등/NNG
아시아드주/NNP
아시아연맹/NNP
안경현/NNP
알아맞힌/VV~ETM
애너하/NNG
야마노/NNP
양천구청/NNP
어울림누리/NNP
여대표/NNG
역영/NNG
오덤/NNG
온양/XR
와타/JC
우드몬트/NNP
웨그먼스/NNP
유선영/NNP
유진로보틱스/NNP
윤명선/NNP
율리아노/NNP
음제/NNG
이성열/NNP
이승학/NNG
이시하/NNP
이용택/NNP
이윤종/NNP
일답/NNG
임대호/NNP
임지혜/NNP
자지라/NNG
장병철/NNP
장원준/NNP
전육/NNG
정선희/NNP
제어린이/NNG
조웅천/NNP
조원우/NNP
조페/NNG
지엔텍홀딩스/NNP
진종오/NNP
채윤희/NNP
촌부리/NNG
최기문/NNP
최주영/NNP
최태웅/NNP
추최/NNG
카젠버그/NNP
칸세코/NNP
칼링컵/NNG
켓/NNG
콴트릴/NNP
타키타니/NNP
터치아웃/NNG
토티/NNG
투수상/NNG
펀치력/NNG
펑고/NNG
페더러/NNP
폰테베드라비치/NNP
폴란드전/NNP
플레이보이스/NNG
피에드라/NNP
하든/NNP
한국프로/NNP
한정호/NNP
핫팩/NNG
해진다면/XSV~EC
허석호/NNP
현주엽/NNP
홍콩대/NNP
휴온스/NNG
3451/SN
6236/SN
6353/SN
6596/SN
6602/SN
6961/SN
9238/SN
compete/SL
interpark/SL
